<html>
<body>
<pre>
<h1>µVision Build Log</h1>
<h2>Tool Versions:</h2>
IDE-Version: ¦ÌVision V5.25.3.0
Copyright (C) 2018 ARM Ltd and ARM Germany GmbH. All rights reserved.
License Information: Li 12067, hu, LIC=KIVNB-2T887-SGH7K-ZCYVD-RU7XU-XL44P
 
Tool Versions:
Toolchain:       MDK-ARM Professional  Version: 5.37.0.0
Toolchain Path:  H:\keil 5\Core\ARM\ARMCC\Bin
C Compiler:      Armcc.exe V5.06 update 7 (build 960)
Assembler:       Armasm.exe V5.06 update 7 (build 960)
Linker/Locator:  ArmLink.exe V5.06 update 7 (build 960)
Library Manager: ArmAr.exe V5.06 update 7 (build 960)
Hex Converter:   FromElf.exe V5.06 update 7 (build 960)
CPU DLL:         SARMCM3.DLL V5.37.0.0
Dialog DLL:      DARMCM1.DLL V1.19.6.0
Target DLL:      CMSIS_AGDI.dll V1.33.12.0
Dialog DLL:      TARMCM1.DLL V1.14.6.0
 
<h2>Project:</h2>
G:\air001\air001.uvprojx
Project File Date:  03/19/2024

<h2>Output:</h2>
*** Using Compiler 'V5.06 update 7 (build 960)', folder: 'H:\keil 5\Core\ARM\ARMCC\Bin'
Build target 'Target 1'
compiling st7735.c...
H:\keil 5\Pack\Keil\AIR001_DFP\1.1.0\Device\Include\air001_dev.h(4932): warning:  #1-D: last line of file ends without a newline
  */
font.h(77): warning:  #1-D: last line of file ends without a newline
  #endif
picture.h(240): warning:  #1-D: last line of file ends without a newline
  #endif
st7735.c: 3 warnings, 0 errors
linking...
Program Size: Code=11264 RO-data=3972 RW-data=1744 ZI-data=1808  
".\Objects\air001.axf" - 0 Error(s), 3 Warning(s).

<h2>Software Packages used:</h2>

Package Vendor: ARM
                http://www.keil.com/pack/ARM.CMSIS.5.9.0.pack
                ARM.CMSIS.5.9.0
                CMSIS (Common Microcontroller Software Interface Standard)
   * Component: CORE Version: 5.6.0

Package Vendor: Keil
                https://luatos.com/t/air001/Keil.AIR001_DFP.1.1.0.pack
                Keil.AIR001_DFP.1.1.0
                AirM2M AIR001 Series Device Support, Drivers
   * Component: Startup Version: 0.0.1

<h2>Collection of Component include folders:</h2>
  .\RTE\_Target_1
  H:\keil 5\Pack\ARM\CMSIS\5.9.0\CMSIS\Core\Include
  H:\keil 5\Pack\Keil\AIR001_DFP\1.1.0\Device\Include

<h2>Collection of Component Files used:</h2>

   * Component: ARM::CMSIS:CORE:5.6.0

   * Component: Keil::Device:Startup:0.0.1
      Include file:  Device\Include\air001xx.h
      Source file:   Device\Source\ARM\startup_air001_dev.s
      Source file:   Device\Source\system_air001xx.c
Build Time Elapsed:  00:00:02
</pre>
</body>
</html>
