Component: ARM Compiler 5.06 update 7 (build 960) Tool: armlink [4d3601]

==============================================================================

Section Cross References

    main.o(i.APP_SystemClockConfig) refers to rt_memclr.o(.text) for __aeabi_memclr4
    main.o(i.APP_SystemClockConfig) refers to air001xx_hal_rcc.o(i.HAL_RCC_OscConfig) for HAL_RCC_OscConfig
    main.o(i.APP_SystemClockConfig) refers to air001xx_hal_rcc.o(i.HAL_RCC_ClockConfig) for HAL_RCC_ClockConfig
    main.o(i.main) refers to air001xx_hal.o(i.HAL_Init) for HAL_Init
    main.o(i.main) refers to main.o(i.APP_SystemClockConfig) for APP_SystemClockConfig
    main.o(i.main) refers to air001xx_hal.o(i.HAL_Delay) for HAL_Delay
    main.o(i.main) refers to gpio.o(i.GPIO_Init) for GPIO_Init
    main.o(i.main) refers to spi.o(i.MX_SPI1_Init) for MX_SPI1_Init
    main.o(i.main) refers to st7735.o(i.ST7735_Init) for ST7735_Init
    main.o(i.main) refers to tim.o(i.MX_TIM3_Init) for MX_TIM3_Init
    main.o(i.main) refers to air001xx_hal_tim.o(i.HAL_TIM_PWM_Start) for HAL_TIM_PWM_Start
    main.o(i.main) refers to st7735.o(i.Lcd_disPlayPicture) for Lcd_disPlayPicture
    main.o(i.main) refers to st7735.o(i.Lcd_time) for Lcd_time
    main.o(i.main) refers to tim.o(.bss) for htim3
    st7735.o(i.Lcd_DrawNums) refers to st7735.o(i.Lcd_Set_Address) for Lcd_Set_Address
    st7735.o(i.Lcd_DrawNums) refers to st7735.o(i.Lcd_Write_Data) for Lcd_Write_Data
    st7735.o(i.Lcd_DrawNums) refers to st7735.o(.data) for num
    st7735.o(i.Lcd_DrawPoint) refers to st7735.o(i.Lcd_Set_Address) for Lcd_Set_Address
    st7735.o(i.Lcd_DrawPoint) refers to st7735.o(i.Lcd_Write_Data) for Lcd_Write_Data
    st7735.o(i.Lcd_DrawWord) refers to st7735.o(i.Lcd_Set_Address) for Lcd_Set_Address
    st7735.o(i.Lcd_DrawWord) refers to st7735.o(i.Lcd_Write_Data) for Lcd_Write_Data
    st7735.o(i.Lcd_DrawWrods) refers to st7735.o(i.Lcd_Set_Address) for Lcd_Set_Address
    st7735.o(i.Lcd_DrawWrods) refers to st7735.o(i.Lcd_Write_Data) for Lcd_Write_Data
    st7735.o(i.Lcd_DrawWrods) refers to st7735.o(.data) for font
    st7735.o(i.Lcd_Fill) refers to air001xx_hal_gpio.o(i.HAL_GPIO_WritePin) for HAL_GPIO_WritePin
    st7735.o(i.Lcd_Fill) refers to st7735.o(i.Lcd_Set_Address) for Lcd_Set_Address
    st7735.o(i.Lcd_Fill) refers to st7735.o(i.Lcd_Write_Data) for Lcd_Write_Data
    st7735.o(i.Lcd_Set_Address) refers to st7735.o(i.Lcd_Write_Cmd) for Lcd_Write_Cmd
    st7735.o(i.Lcd_Set_Address) refers to st7735.o(i.Lcd_Write_Data) for Lcd_Write_Data
    st7735.o(i.Lcd_Write_Cmd) refers to air001xx_hal_gpio.o(i.HAL_GPIO_WritePin) for HAL_GPIO_WritePin
    st7735.o(i.Lcd_Write_Cmd) refers to st7735.o(i.SPI_Write_Data) for SPI_Write_Data
    st7735.o(i.Lcd_Write_Data) refers to st7735.o(i.SPI_Write_Data) for SPI_Write_Data
    st7735.o(i.Lcd_Write_Data16) refers to st7735.o(i.SPI_Write_Data) for SPI_Write_Data
    st7735.o(i.Lcd_disPlayPicture) refers to st7735.o(i.Lcd_Set_Address) for Lcd_Set_Address
    st7735.o(i.Lcd_disPlayPicture) refers to st7735.o(i.Lcd_Write_Data) for Lcd_Write_Data
    st7735.o(i.Lcd_disPlayPicture) refers to st7735.o(.constdata) for gImage_33
    st7735.o(i.Lcd_time) refers to aeabi_sdiv.o(.text) for __aeabi_idivmod
    st7735.o(i.Lcd_time) refers to st7735.o(i.Lcd_DrawNums) for Lcd_DrawNums
    st7735.o(i.Lcd_time) refers to air001xx_hal.o(i.HAL_Delay) for HAL_Delay
    st7735.o(i.Lcd_time) refers to air001xx_hal_gpio.o(i.HAL_GPIO_ReadPin) for HAL_GPIO_ReadPin
    st7735.o(i.Lcd_time) refers to st7735.o(i.__ARM_common_switch8) for __ARM_common_switch8
    st7735.o(i.Lcd_time) refers to st7735.o(i.Lcd_DrawWrods) for Lcd_DrawWrods
    st7735.o(i.Lcd_time) refers to tim.o(.bss) for htim3
    st7735.o(i.SPI_GPIO) refers to air001xx_hal_gpio.o(i.HAL_GPIO_Init) for HAL_GPIO_Init
    st7735.o(i.SPI_GPIO) refers to air001xx_hal_gpio.o(i.HAL_GPIO_WritePin) for HAL_GPIO_WritePin
    st7735.o(i.SPI_Write_Data) refers to air001xx_hal_gpio.o(i.HAL_GPIO_WritePin) for HAL_GPIO_WritePin
    st7735.o(i.SPI_Write_Data) refers to air001xx_hal_spi.o(i.HAL_SPI_Transmit) for HAL_SPI_Transmit
    st7735.o(i.SPI_Write_Data) refers to main.o(.bss) for Spi1Handle
    st7735.o(i.ST7735_Init) refers to st7735.o(i.SPI_GPIO) for SPI_GPIO
    st7735.o(i.ST7735_Init) refers to air001xx_hal_gpio.o(i.HAL_GPIO_WritePin) for HAL_GPIO_WritePin
    st7735.o(i.ST7735_Init) refers to air001xx_hal.o(i.HAL_Delay) for HAL_Delay
    st7735.o(i.ST7735_Init) refers to st7735.o(i.Lcd_Write_Cmd) for Lcd_Write_Cmd
    st7735.o(i.ST7735_Init) refers to st7735.o(i.Lcd_Write_Data) for Lcd_Write_Data
    st7735.o(i.ST7735_Init) refers to st7735.o(i.Lcd_Fill) for Lcd_Fill
    air001xx_it.o(i.SPI1_IRQHandler) refers to air001xx_hal_spi.o(i.HAL_SPI_IRQHandler) for HAL_SPI_IRQHandler
    air001xx_it.o(i.SPI1_IRQHandler) refers to main.o(.bss) for Spi1Handle
    air001xx_it.o(i.SysTick_Handler) refers to air001xx_hal.o(i.HAL_IncTick) for HAL_IncTick
[...]
    Removing air001xx_hal.o(i.HAL_DeInit), (52 bytes).
    Removing air001xx_hal.o(i.HAL_GetDEVID), (16 bytes).
    Removing air001xx_hal.o(i.HAL_GetHalVersion), (8 bytes).
    Removing air001xx_hal.o(i.HAL_GetREVID), (12 bytes).
    Removing air001xx_hal.o(i.HAL_GetTickFreq), (12 bytes).
    Removing air001xx_hal.o(i.HAL_GetTickPrio), (12 bytes).
    Removing air001xx_hal.o(i.HAL_GetUIDw0), (12 bytes).
    Removing air001xx_hal.o(i.HAL_GetUIDw1), (12 bytes).
    Removing air001xx_hal.o(i.HAL_GetUIDw2), (12 bytes).
    Removing air001xx_hal.o(i.HAL_MspDeInit), (2 bytes).
    Removing air001xx_hal.o(i.HAL_MspInit), (2 bytes).
    Removing air001xx_hal.o(i.HAL_ResumeTick), (20 bytes).
    Removing air001xx_hal.o(i.HAL_SYSCFG_DMA_Req), (16 bytes).
    Removing air001xx_hal.o(i.HAL_SetTickFreq), (44 bytes).
    Removing air001xx_hal.o(i.HAL_SuspendTick), (20 bytes).
    Removing air001xx_hal_rcc.o(.rev16_text), (4 bytes).
    Removing air001xx_hal_rcc.o(.revsh_text), (4 bytes).
    Removing air001xx_hal_rcc.o(i.HAL_RCC_CSSCallback), (2 bytes).
    Removing air001xx_hal_rcc.o(i.HAL_RCC_DeInit), (208 bytes).
    Removing air001xx_hal_rcc.o(i.HAL_RCC_DisableLSECSS), (20 bytes).
    Removing air001xx_hal_rcc.o(i.HAL_RCC_EnableCSS), (20 bytes).
    Removing air001xx_hal_rcc.o(i.HAL_RCC_EnableLSECSS), (20 bytes).
    Removing air001xx_hal_rcc.o(i.HAL_RCC_GetClockConfig), (60 bytes).
    Removing air001xx_hal_rcc.o(i.HAL_RCC_GetHCLKFreq), (12 bytes).
    Removing air001xx_hal_rcc.o(i.HAL_RCC_GetOscConfig), (220 bytes).
    Removing air001xx_hal_rcc.o(i.HAL_RCC_GetPCLK1Freq), (40 bytes).
    Removing air001xx_hal_rcc.o(i.HAL_RCC_LSECSSCallback), (2 bytes).
    Removing air001xx_hal_rcc.o(i.HAL_RCC_MCOConfig), (408 bytes).
    Removing air001xx_hal_rcc.o(i.HAL_RCC_NMI_IRQHandler), (48 bytes).
    Removing air001xx_hal_rcc_ex.o(.rev16_text), (4 bytes).
    Removing air001xx_hal_rcc_ex.o(.revsh_text), (4 bytes).
    Removing air001xx_hal_rcc_ex.o(i.HAL_RCCEx_DisableLSCO), (120 bytes).
    Removing air001xx_hal_rcc_ex.o(i.HAL_RCCEx_EnableLSCO), (196 bytes).
    Removing air001xx_hal_rcc_ex.o(i.HAL_RCCEx_GetPeriphCLKConfig), (68 bytes).
    Removing air001xx_hal_rcc_ex.o(i.HAL_RCCEx_GetPeriphCLKFreq), (548 bytes).
    Removing air001xx_hal_rcc_ex.o(i.HAL_RCCEx_PeriphCLKConfig), (428 bytes).
    Removing air001xx_hal_gpio.o(.rev16_text), (4 bytes).
    Removing air001xx_hal_gpio.o(.revsh_text), (4 bytes).
    Removing air001xx_hal_gpio.o(i.HAL_GPIO_EXTI_Callback), (2 bytes).
    Removing air001xx_hal_gpio.o(i.HAL_GPIO_EXTI_IRQHandler), (32 bytes).
    Removing air001xx_hal_gpio.o(i.HAL_GPIO_LockPin), (50 bytes).
    Removing air001xx_hal_gpio.o(i.HAL_GPIO_TogglePin), (16 bytes).
    Removing air001xx_hal_spi.o(.rev16_text), (4 bytes).
    Removing air001xx_hal_spi.o(.revsh_text), (4 bytes).
    Removing air001xx_hal_spi.o(i.HAL_SPI_Abort), (472 bytes).
    Removing air001xx_hal_spi.o(i.HAL_SPI_AbortCpltCallback), (2 bytes).
    Removing air001xx_hal_spi.o(i.HAL_SPI_Abort_IT), (404 bytes).
    Removing air001xx_hal_spi.o(i.HAL_SPI_DMAPause), (50 bytes).
    Removing air001xx_hal_spi.o(i.HAL_SPI_DMAResume), (50 bytes).
    Removing air001xx_hal_spi.o(i.HAL_SPI_DMAStop), (80 bytes).
    Removing air001xx_hal_spi.o(i.HAL_SPI_GetError), (6 bytes).
    Removing air001xx_hal_spi.o(i.HAL_SPI_GetState), (8 bytes).
    Removing air001xx_hal_spi.o(i.HAL_SPI_MspDeInit), (2 bytes).
    Removing air001xx_hal_spi.o(i.HAL_SPI_MspInit), (2 bytes).
    Removing air001xx_hal_spi.o(i.HAL_SPI_Receive), (458 bytes).
    Removing air001xx_hal_spi.o(i.HAL_SPI_Receive_DMA), (424 bytes).
    Removing air001xx_hal_spi.o(i.HAL_SPI_Receive_IT), (256 bytes).
    Removing air001xx_hal_spi.o(i.HAL_SPI_RxCpltCallback), (2 bytes).
    Removing air001xx_hal_spi.o(i.HAL_SPI_RxHalfCpltCallback), (2 bytes).
    Removing air001xx_hal_spi.o(i.HAL_SPI_TransmitReceive), (606 bytes).
    Removing air001xx_hal_spi.o(i.HAL_SPI_TransmitReceive_DMA), (588 bytes).
    Removing air001xx_hal_spi.o(i.HAL_SPI_TransmitReceive_IT), (264 bytes).
    Removing air001xx_hal_spi.o(i.HAL_SPI_Transmit_DMA), (348 bytes).
    Removing air001xx_hal_spi.o(i.HAL_SPI_Transmit_IT), (188 bytes).
    Removing air001xx_hal_spi.o(i.HAL_SPI_TxCpltCallback), (2 bytes).
    Removing air001xx_hal_spi.o(i.HAL_SPI_TxHalfCpltCallback), (2 bytes).
    Removing air001xx_hal_spi.o(i.HAL_SPI_TxRxCpltCallback), (2 bytes).
    Removing air001xx_hal_spi.o(i.HAL_SPI_TxRxHalfCpltCallback), (2 bytes).
    Removing air001xx_hal_spi.o(i.SPI_2linesRxISR_16BIT), (56 bytes).
    Removing air001xx_hal_spi.o(i.SPI_2linesRxISR_8BIT), (104 bytes).
    Removing air001xx_hal_spi.o(i.SPI_2linesTxISR_16BIT), (56 bytes).
    Removing air001xx_hal_spi.o(i.SPI_2linesTxISR_8BIT), (84 bytes).
    Removing air001xx_hal_spi.o(i.SPI_AbortRx_ISR), (164 bytes).
    Removing air001xx_hal_spi.o(i.SPI_AbortTx_ISR), (276 bytes).
    Removing air001xx_hal_spi.o(i.SPI_CloseRxTx_ISR), (100 bytes).
    Removing air001xx_hal_spi.o(i.SPI_CloseRx_ISR), (72 bytes).
    Removing air001xx_hal_spi.o(i.SPI_CloseTx_ISR), (98 bytes).
    Removing air001xx_hal_spi.o(i.SPI_DMAError), (40 bytes).
    Removing air001xx_hal_spi.o(i.SPI_DMAHalfReceiveCplt), (14 bytes).
    Removing air001xx_hal_spi.o(i.SPI_DMAHalfTransmitCplt), (14 bytes).
    Removing air001xx_hal_spi.o(i.SPI_DMAHalfTransmitReceiveCplt), (14 bytes).
    Removing air001xx_hal_spi.o(i.SPI_DMAReceiveCplt), (128 bytes).
    Removing air001xx_hal_spi.o(i.SPI_DMARxAbortCallback), (180 bytes).
    Removing air001xx_hal_spi.o(i.SPI_DMATransmitCplt), (128 bytes).
    Removing air001xx_hal_spi.o(i.SPI_DMATransmitReceiveCplt), (104 bytes).
    Removing air001xx_hal_spi.o(i.SPI_DMATxAbortCallback), (176 bytes).
    Removing air001xx_hal_spi.o(i.SPI_EndRxTransaction), (142 bytes).
    Removing air001xx_hal_spi.o(i.SPI_RxISR_16BIT), (38 bytes).
    Removing air001xx_hal_spi.o(i.SPI_RxISR_8BIT), (38 bytes).
    Removing air001xx_hal_spi.o(i.SPI_TxISR_16BIT), (38 bytes).
    Removing air001xx_hal_spi.o(i.SPI_TxISR_8BIT), (38 bytes).
    Removing air001xx_hal_spi_ex.o(.rev16_text), (4 bytes).
    Removing air001xx_hal_spi_ex.o(.revsh_text), (4 bytes).
    Removing air001xx_hal_spi_ex.o(i.HAL_SPIEx_FlushRxFifo), (46 bytes).
    Removing air001xx_hal_cortex.o(.rev16_text), (4 bytes).
    Removing air001xx_hal_cortex.o(.revsh_text), (4 bytes).
    Removing air001xx_hal_cortex.o(i.HAL_NVIC_ClearPendingIRQ), (28 bytes).
    Removing air001xx_hal_cortex.o(i.HAL_NVIC_GetPendingIRQ), (48 bytes).
    Removing air001xx_hal_cortex.o(i.HAL_NVIC_GetPriority), (72 bytes).
    Removing air001xx_hal_cortex.o(i.HAL_NVIC_SetPendingIRQ), (28 bytes).
    Removing air001xx_hal_cortex.o(i.HAL_NVIC_SystemReset), (32 bytes).
    Removing air001xx_hal_cortex.o(i.HAL_SYSTICK_CLKSourceConfig), (36 bytes).
    Removing air001xx_hal_cortex.o(i.HAL_SYSTICK_Callback), (2 bytes).
    Removing air001xx_hal_cortex.o(i.HAL_SYSTICK_IRQHandler), (8 bytes).
    Removing air001xx_hal_dma.o(.rev16_text), (4 bytes).
    Removing air001xx_hal_dma.o(.revsh_text), (4 bytes).
    Removing air001xx_hal_dma.o(i.DMA_SetConfig), (42 bytes).
    Removing air001xx_hal_dma.o(i.HAL_DMA_Abort), (84 bytes).
    Removing air001xx_hal_dma.o(i.HAL_DMA_ChannelMap), (92 bytes).
    Removing air001xx_hal_dma.o(i.HAL_DMA_DeInit), (108 bytes).
    Removing air001xx_hal_dma.o(i.HAL_DMA_GetError), (6 bytes).
    Removing air001xx_hal_dma.o(i.HAL_DMA_GetState), (8 bytes).
    Removing air001xx_hal_dma.o(i.HAL_DMA_IRQHandler), (296 bytes).
    Removing air001xx_hal_dma.o(i.HAL_DMA_Init), (112 bytes).
    Removing air001xx_hal_dma.o(i.HAL_DMA_PollForTransfer), (380 bytes).
    Removing air001xx_hal_dma.o(i.HAL_DMA_RegisterCallback), (92 bytes).
    Removing air001xx_hal_dma.o(i.HAL_DMA_Start), (110 bytes).
    Removing air001xx_hal_dma.o(i.HAL_DMA_Start_IT), (154 bytes).
    Removing air001xx_hal_dma.o(i.HAL_DMA_UnRegisterCallback), (108 bytes).
    Removing air001xx_hal_adc.o(.rev16_text), (4 bytes).
    Removing air001xx_hal_adc.o(.revsh_text), (4 bytes).
    Removing air001xx_hal_adc.o(i.ADC_ConversionStop), (108 bytes).
    Removing air001xx_hal_adc.o(i.ADC_DMAConvCplt), (134 bytes).
    Removing air001xx_hal_adc.o(i.ADC_DMAError), (30 bytes).
    Removing air001xx_hal_adc.o(i.ADC_DMAHalfConvCplt), (14 bytes).
    Removing air001xx_hal_adc.o(i.ADC_Disable), (140 bytes).
    Removing air001xx_hal_adc.o(i.ADC_Enable), (124 bytes).
    Removing air001xx_hal_adc.o(i.HAL_ADC_AnalogWDGConfig), (212 bytes).
    Removing air001xx_hal_adc.o(i.HAL_ADC_Calibration_Start), (192 bytes).
    Removing air001xx_hal_adc.o(i.HAL_ADC_ConfigChannel), (388 bytes).
    Removing air001xx_hal_adc.o(i.HAL_ADC_ConvCpltCallback), (2 bytes).
    Removing air001xx_hal_adc.o(i.HAL_ADC_ConvHalfCpltCallback), (2 bytes).
    Removing air001xx_hal_adc.o(i.HAL_ADC_DeInit), (220 bytes).
    Removing air001xx_hal_adc.o(i.HAL_ADC_ErrorCallback), (2 bytes).
    Removing air001xx_hal_adc.o(i.HAL_ADC_GetCalibStatus), (48 bytes).
    Removing air001xx_hal_adc.o(i.HAL_ADC_GetError), (6 bytes).
    Removing air001xx_hal_adc.o(i.HAL_ADC_GetState), (6 bytes).
    Removing air001xx_hal_adc.o(i.HAL_ADC_GetValue), (8 bytes).
    Removing air001xx_hal_adc.o(i.HAL_ADC_IRQHandler), (278 bytes).
    Removing air001xx_hal_adc.o(i.HAL_ADC_Init), (412 bytes).
    Removing air001xx_hal_adc.o(i.HAL_ADC_LevelOutOfWindowCallback), (2 bytes).
    Removing air001xx_hal_adc.o(i.HAL_ADC_MspDeInit), (2 bytes).
    Removing air001xx_hal_adc.o(i.HAL_ADC_MspInit), (2 bytes).
    Removing air001xx_hal_adc.o(i.HAL_ADC_PollForConversion), (228 bytes).
    Removing air001xx_hal_adc.o(i.HAL_ADC_PollForEvent), (138 bytes).
    Removing air001xx_hal_adc.o(i.HAL_ADC_SetCalibration), (96 bytes).
    Removing air001xx_hal_adc.o(i.HAL_ADC_Start), (112 bytes).
    Removing air001xx_hal_adc.o(i.HAL_ADC_Start_DMA), (188 bytes).
    Removing air001xx_hal_adc.o(i.HAL_ADC_Start_IT), (160 bytes).
    Removing air001xx_hal_adc.o(i.HAL_ADC_Stop), (80 bytes).
    Removing air001xx_hal_adc.o(i.HAL_ADC_Stop_DMA), (136 bytes).
    Removing air001xx_hal_adc.o(i.HAL_ADC_Stop_IT), (92 bytes).
    Removing air001xx_hal_adc_ex.o(.rev16_text), (4 bytes).
    Removing air001xx_hal_adc_ex.o(.revsh_text), (4 bytes).
    Removing air001xx_hal_exti.o(.rev16_text), (4 bytes).
    Removing air001xx_hal_exti.o(.revsh_text), (4 bytes).
    Removing air001xx_hal_tim.o(.rev16_text), (4 bytes).
    Removing air001xx_hal_tim.o(.revsh_text), (4 bytes).
    Removing air001xx_hal_tim.o(i.HAL_TIM_Base_DeInit), (80 bytes).
    Removing air001xx_hal_tim.o(i.HAL_TIM_Base_GetState), (8 bytes).
    Removing air001xx_hal_tim.o(i.HAL_TIM_Base_Init), (56 bytes).
    Removing air001xx_hal_tim.o(i.HAL_TIM_Base_MspDeInit), (2 bytes).
    Removing air001xx_hal_tim.o(i.HAL_TIM_Base_MspInit), (2 bytes).
    Removing air001xx_hal_tim.o(i.HAL_TIM_Base_Start), (42 bytes).
    Removing air001xx_hal_tim.o(i.HAL_TIM_Base_Start_DMA), (140 bytes).
    Removing air001xx_hal_tim.o(i.HAL_TIM_Base_Start_IT), (42 bytes).
    Removing air001xx_hal_tim.o(i.HAL_TIM_Base_Stop), (64 bytes).
    Removing air001xx_hal_tim.o(i.HAL_TIM_Base_Stop_DMA), (80 bytes).
    Removing air001xx_hal_tim.o(i.HAL_TIM_Base_Stop_IT), (64 bytes).
    Removing air001xx_hal_tim.o(i.HAL_TIM_ConfigClockSource), (272 bytes).
    Removing air001xx_hal_tim.o(i.HAL_TIM_ConfigOCrefClear), (328 bytes).
    Removing air001xx_hal_tim.o(i.HAL_TIM_ConfigTI1Input), (32 bytes).
    Removing air001xx_hal_tim.o(i.HAL_TIM_DMABurst_MultiReadStart), (496 bytes).
    Removing air001xx_hal_tim.o(i.HAL_TIM_DMABurst_MultiWriteStart), (496 bytes).
    Removing air001xx_hal_tim.o(i.HAL_TIM_DMABurst_ReadStart), (36 bytes).
    Removing air001xx_hal_tim.o(i.HAL_TIM_DMABurst_ReadStop), (166 bytes).
    Removing air001xx_hal_tim.o(i.HAL_TIM_DMABurst_WriteStart), (36 bytes).
    Removing air001xx_hal_tim.o(i.HAL_TIM_DMABurst_WriteStop), (166 bytes).
    Removing air001xx_hal_tim.o(i.HAL_TIM_Encoder_DeInit), (80 bytes).
    Removing air001xx_hal_tim.o(i.HAL_TIM_Encoder_GetState), (8 bytes).
    Removing air001xx_hal_tim.o(i.HAL_TIM_Encoder_Init), (192 bytes).
    Removing air001xx_hal_tim.o(i.HAL_TIM_Encoder_MspDeInit), (2 bytes).
    Removing air001xx_hal_tim.o(i.HAL_TIM_Encoder_MspInit), (2 bytes).
    Removing air001xx_hal_tim.o(i.HAL_TIM_Encoder_Start), (80 bytes).
    Removing air001xx_hal_tim.o(i.HAL_TIM_Encoder_Start_DMA), (396 bytes).
    Removing air001xx_hal_tim.o(i.HAL_TIM_Encoder_Start_IT), (128 bytes).
    Removing air001xx_hal_tim.o(i.HAL_TIM_Encoder_Stop), (112 bytes).
    Removing air001xx_hal_tim.o(i.HAL_TIM_Encoder_Stop_DMA), (192 bytes).
    Removing air001xx_hal_tim.o(i.HAL_TIM_Encoder_Stop_IT), (160 bytes).
    Removing air001xx_hal_tim.o(i.HAL_TIM_ErrorCallback), (2 bytes).
    Removing air001xx_hal_tim.o(i.HAL_TIM_GenerateEvent), (54 bytes).
    Removing air001xx_hal_tim.o(i.HAL_TIM_IC_CaptureCallback), (2 bytes).
    Removing air001xx_hal_tim.o(i.HAL_TIM_IC_CaptureHalfCpltCallback), (2 bytes).
    Removing air001xx_hal_tim.o(i.HAL_TIM_IC_ConfigChannel), (226 bytes).
    Removing air001xx_hal_tim.o(i.HAL_TIM_IC_DeInit), (80 bytes).
    Removing air001xx_hal_tim.o(i.HAL_TIM_IC_GetState), (8 bytes).
    Removing air001xx_hal_tim.o(i.HAL_TIM_IC_Init), (56 bytes).
    Removing air001xx_hal_tim.o(i.HAL_TIM_IC_MspDeInit), (2 bytes).
    Removing air001xx_hal_tim.o(i.HAL_TIM_IC_MspInit), (2 bytes).
    Removing air001xx_hal_tim.o(i.HAL_TIM_IC_Start), (44 bytes).
    Removing air001xx_hal_tim.o(i.HAL_TIM_IC_Start_DMA), (356 bytes).
    Removing air001xx_hal_tim.o(i.HAL_TIM_IC_Start_IT), (122 bytes).
    Removing air001xx_hal_tim.o(i.HAL_TIM_IC_Stop), (64 bytes).
    Removing air001xx_hal_tim.o(i.HAL_TIM_IC_Stop_DMA), (180 bytes).
    Removing air001xx_hal_tim.o(i.HAL_TIM_IC_Stop_IT), (144 bytes).
    Removing air001xx_hal_tim.o(i.HAL_TIM_IRQHandler), (456 bytes).
    Removing air001xx_hal_tim.o(i.HAL_TIM_OC_ConfigChannel), (118 bytes).
    Removing air001xx_hal_tim.o(i.HAL_TIM_OC_DeInit), (80 bytes).
    Removing air001xx_hal_tim.o(i.HAL_TIM_OC_DelayElapsedCallback), (2 bytes).
    Removing air001xx_hal_tim.o(i.HAL_TIM_OC_GetState), (8 bytes).
    Removing air001xx_hal_tim.o(i.HAL_TIM_OC_Init), (56 bytes).
    Removing air001xx_hal_tim.o(i.HAL_TIM_OC_MspDeInit), (2 bytes).
    Removing air001xx_hal_tim.o(i.HAL_TIM_OC_MspInit), (2 bytes).
    Removing air001xx_hal_tim.o(i.HAL_TIM_OC_Start), (104 bytes).
    Removing air001xx_hal_tim.o(i.HAL_TIM_OC_Start_DMA), (416 bytes).
    Removing air001xx_hal_tim.o(i.HAL_TIM_OC_Start_IT), (184 bytes).
    Removing air001xx_hal_tim.o(i.HAL_TIM_OC_Stop), (152 bytes).
    Removing air001xx_hal_tim.o(i.HAL_TIM_OC_Stop_DMA), (268 bytes).
    Removing air001xx_hal_tim.o(i.HAL_TIM_OC_Stop_IT), (232 bytes).
    Removing air001xx_hal_tim.o(i.HAL_TIM_OnePulse_ConfigChannel), (298 bytes).
    Removing air001xx_hal_tim.o(i.HAL_TIM_OnePulse_DeInit), (80 bytes).
    Removing air001xx_hal_tim.o(i.HAL_TIM_OnePulse_GetState), (8 bytes).
    Removing air001xx_hal_tim.o(i.HAL_TIM_OnePulse_Init), (80 bytes).
    Removing air001xx_hal_tim.o(i.HAL_TIM_OnePulse_MspDeInit), (2 bytes).
    Removing air001xx_hal_tim.o(i.HAL_TIM_OnePulse_MspInit), (2 bytes).
    Removing air001xx_hal_tim.o(i.HAL_TIM_OnePulse_Start), (92 bytes).
    Removing air001xx_hal_tim.o(i.HAL_TIM_OnePulse_Start_IT), (116 bytes).
    Removing air001xx_hal_tim.o(i.HAL_TIM_OnePulse_Stop), (164 bytes).
    Removing air001xx_hal_tim.o(i.HAL_TIM_OnePulse_Stop_IT), (188 bytes).
    Removing air001xx_hal_tim.o(i.HAL_TIM_PWM_DeInit), (80 bytes).
    Removing air001xx_hal_tim.o(i.HAL_TIM_PWM_GetState), (8 bytes).
    Removing air001xx_hal_tim.o(i.HAL_TIM_PWM_MspDeInit), (2 bytes).
    Removing air001xx_hal_tim.o(i.HAL_TIM_PWM_MspInit), (2 bytes).
    Removing air001xx_hal_tim.o(i.HAL_TIM_PWM_PulseFinishedCallback), (2 bytes).
    Removing air001xx_hal_tim.o(i.HAL_TIM_PWM_PulseFinishedHalfCpltCallback), (2 bytes).
    Removing air001xx_hal_tim.o(i.HAL_TIM_PWM_Start_DMA), (416 bytes).
    Removing air001xx_hal_tim.o(i.HAL_TIM_PWM_Start_IT), (184 bytes).
    Removing air001xx_hal_tim.o(i.HAL_TIM_PWM_Stop), (160 bytes).
    Removing air001xx_hal_tim.o(i.HAL_TIM_PWM_Stop_DMA), (268 bytes).
    Removing air001xx_hal_tim.o(i.HAL_TIM_PWM_Stop_IT), (232 bytes).
    Removing air001xx_hal_tim.o(i.HAL_TIM_PeriodElapsedCallback), (2 bytes).
    Removing air001xx_hal_tim.o(i.HAL_TIM_PeriodElapsedHalfCpltCallback), (2 bytes).
    Removing air001xx_hal_tim.o(i.HAL_TIM_ReadCapturedValue), (52 bytes).
    Removing air001xx_hal_tim.o(i.HAL_TIM_SlaveConfigSynchro), (112 bytes).
    Removing air001xx_hal_tim.o(i.HAL_TIM_SlaveConfigSynchro_IT), (112 bytes).
    Removing air001xx_hal_tim.o(i.HAL_TIM_TriggerCallback), (2 bytes).
    Removing air001xx_hal_tim.o(i.HAL_TIM_TriggerHalfCpltCallback), (2 bytes).
    Removing air001xx_hal_tim.o(i.TIM_DMACaptureCplt), (70 bytes).
    Removing air001xx_hal_tim.o(i.TIM_DMACaptureHalfCplt), (70 bytes).
    Removing air001xx_hal_tim.o(i.TIM_DMADelayPulseCplt), (70 bytes).
    Removing air001xx_hal_tim.o(i.TIM_DMADelayPulseHalfCplt), (70 bytes).
    Removing air001xx_hal_tim.o(i.TIM_DMAError), (20 bytes).
    Removing air001xx_hal_tim.o(i.TIM_DMAPeriodElapsedCplt), (20 bytes).
    Removing air001xx_hal_tim.o(i.TIM_DMAPeriodElapsedHalfCplt), (20 bytes).
    Removing air001xx_hal_tim.o(i.TIM_DMATriggerCplt), (20 bytes).
    Removing air001xx_hal_tim.o(i.TIM_DMATriggerHalfCplt), (20 bytes).
    Removing air001xx_hal_tim.o(i.TIM_ETR_SetConfig), (28 bytes).
    Removing air001xx_hal_tim.o(i.TIM_ITRx_SetConfig), (24 bytes).
    Removing air001xx_hal_tim.o(i.TIM_SlaveTimer_SetConfig), (176 bytes).
    Removing air001xx_hal_tim.o(i.TIM_TI1_ConfigInputStage), (50 bytes).
    Removing air001xx_hal_tim.o(i.TIM_TI1_SetConfig), (96 bytes).
    Removing air001xx_hal_tim.o(i.TIM_TI2_ConfigInputStage), (50 bytes).
    Removing air001xx_hal_tim.o(i.TIM_TI2_SetConfig), (72 bytes).
    Removing air001xx_hal_tim.o(i.TIM_TI3_SetConfig), (70 bytes).
    Removing air001xx_hal_tim.o(i.TIM_TI4_SetConfig), (78 bytes).
    Removing air001xx_hal_tim_ex.o(.rev16_text), (4 bytes).
    Removing air001xx_hal_tim_ex.o(.revsh_text), (4 bytes).
    Removing air001xx_hal_tim_ex.o(i.HAL_TIMEx_BreakCallback), (2 bytes).
    Removing air001xx_hal_tim_ex.o(i.HAL_TIMEx_CommutCallback), (2 bytes).
    Removing air001xx_hal_tim_ex.o(i.HAL_TIMEx_CommutHalfCpltCallback), (2 bytes).
    Removing air001xx_hal_tim_ex.o(i.HAL_TIMEx_ConfigBreakDeadTime), (140 bytes).
    Removing air001xx_hal_tim_ex.o(i.HAL_TIMEx_ConfigCommutEvent), (124 bytes).
    Removing air001xx_hal_tim_ex.o(i.HAL_TIMEx_ConfigCommutEvent_DMA), (168 bytes).
    Removing air001xx_hal_tim_ex.o(i.HAL_TIMEx_ConfigCommutEvent_IT), (138 bytes).
    Removing air001xx_hal_tim_ex.o(i.HAL_TIMEx_HallSensor_DeInit), (80 bytes).
    Removing air001xx_hal_tim_ex.o(i.HAL_TIMEx_HallSensor_GetState), (8 bytes).
    Removing air001xx_hal_tim_ex.o(i.HAL_TIMEx_HallSensor_Init), (212 bytes).
    Removing air001xx_hal_tim_ex.o(i.HAL_TIMEx_HallSensor_MspDeInit), (2 bytes).
    Removing air001xx_hal_tim_ex.o(i.HAL_TIMEx_HallSensor_MspInit), (2 bytes).
    Removing air001xx_hal_tim_ex.o(i.HAL_TIMEx_HallSensor_Start), (42 bytes).
    Removing air001xx_hal_tim_ex.o(i.HAL_TIMEx_HallSensor_Start_DMA), (148 bytes).
    Removing air001xx_hal_tim_ex.o(i.HAL_TIMEx_HallSensor_Start_IT), (54 bytes).
    Removing air001xx_hal_tim_ex.o(i.HAL_TIMEx_HallSensor_Stop), (64 bytes).
    Removing air001xx_hal_tim_ex.o(i.HAL_TIMEx_HallSensor_Stop_DMA), (84 bytes).
    Removing air001xx_hal_tim_ex.o(i.HAL_TIMEx_HallSensor_Stop_IT), (76 bytes).
    Removing air001xx_hal_tim_ex.o(i.HAL_TIMEx_MasterConfigSynchronization), (120 bytes).
    Removing air001xx_hal_tim_ex.o(i.HAL_TIMEx_OCN_Start), (58 bytes).
    Removing air001xx_hal_tim_ex.o(i.HAL_TIMEx_OCN_Start_DMA), (304 bytes).
    Removing air001xx_hal_tim_ex.o(i.HAL_TIMEx_OCN_Start_IT), (130 bytes).
    Removing air001xx_hal_tim_ex.o(i.HAL_TIMEx_OCN_Stop), (108 bytes).
    Removing air001xx_hal_tim_ex.o(i.HAL_TIMEx_OCN_Stop_DMA), (196 bytes).
    Removing air001xx_hal_tim_ex.o(i.HAL_TIMEx_OCN_Stop_IT), (196 bytes).
    Removing air001xx_hal_tim_ex.o(i.HAL_TIMEx_OnePulseN_Start), (34 bytes).
    Removing air001xx_hal_tim_ex.o(i.HAL_TIMEx_OnePulseN_Start_IT), (58 bytes).
    Removing air001xx_hal_tim_ex.o(i.HAL_TIMEx_OnePulseN_Stop), (108 bytes).
    Removing air001xx_hal_tim_ex.o(i.HAL_TIMEx_OnePulseN_Stop_IT), (132 bytes).
    Removing air001xx_hal_tim_ex.o(i.HAL_TIMEx_PWMN_Start), (58 bytes).
    Removing air001xx_hal_tim_ex.o(i.HAL_TIMEx_PWMN_Start_DMA), (304 bytes).
    Removing air001xx_hal_tim_ex.o(i.HAL_TIMEx_PWMN_Start_IT), (130 bytes).
    Removing air001xx_hal_tim_ex.o(i.HAL_TIMEx_PWMN_Stop), (108 bytes).
    Removing air001xx_hal_tim_ex.o(i.HAL_TIMEx_PWMN_Stop_DMA), (196 bytes).
    Removing air001xx_hal_tim_ex.o(i.HAL_TIMEx_PWMN_Stop_IT), (196 bytes).
    Removing air001xx_hal_tim_ex.o(i.HAL_TIMEx_RemapConfig), (42 bytes).
    Removing air001xx_hal_tim_ex.o(i.TIMEx_DMACommutationCplt), (20 bytes).
    Removing air001xx_hal_tim_ex.o(i.TIMEx_DMACommutationHalfCplt), (20 bytes).
    Removing air001xx_hal_tim_ex.o(i.TIM_CCxNChannelCmd), (34 bytes).
    Removing air001xx_hal_crc.o(.rev16_text), (4 bytes).
    Removing air001xx_hal_crc.o(.revsh_text), (4 bytes).
    Removing air001xx_hal_crc_ex.o(.rev16_text), (4 bytes).
    Removing air001xx_hal_crc_ex.o(.revsh_text), (4 bytes).
    Removing air001xx_hal_rtc.o(.rev16_text), (4 bytes).
    Removing air001xx_hal_rtc.o(.revsh_text), (4 bytes).
    Removing air001xx_hal_rtc_ex.o(.rev16_text), (4 bytes).
    Removing air001xx_hal_rtc_ex.o(.revsh_text), (4 bytes).
    Removing air001xx_hal_pwr.o(.rev16_text), (4 bytes).
    Removing air001xx_hal_pwr.o(.revsh_text), (4 bytes).
    Removing air001xx_hal_pwr.o(i.HAL_PWR_ConfigBIAS), (60 bytes).
    Removing air001xx_hal_pwr.o(i.HAL_PWR_ConfigPVD), (204 bytes).
    Removing air001xx_hal_pwr.o(i.HAL_PWR_ConfigStopMode), (44 bytes).
    Removing air001xx_hal_pwr.o(i.HAL_PWR_DeInit), (32 bytes).
    Removing air001xx_hal_pwr.o(i.HAL_PWR_DisableBkUpAccess), (20 bytes).
    Removing air001xx_hal_pwr.o(i.HAL_PWR_DisablePVD), (20 bytes).
    Removing air001xx_hal_pwr.o(i.HAL_PWR_DisableSEVOnPend), (20 bytes).
    Removing air001xx_hal_pwr.o(i.HAL_PWR_DisableSleepOnExit), (20 bytes).
    Removing air001xx_hal_pwr.o(i.HAL_PWR_EnableBkUpAccess), (20 bytes).
    Removing air001xx_hal_pwr.o(i.HAL_PWR_EnablePVD), (20 bytes).
    Removing air001xx_hal_pwr.o(i.HAL_PWR_EnableSEVOnPend), (20 bytes).
    Removing air001xx_hal_pwr.o(i.HAL_PWR_EnableSleepOnExit), (20 bytes).
    Removing air001xx_hal_pwr.o(i.HAL_PWR_EnterSLEEPMode), (32 bytes).
    Removing air001xx_hal_pwr.o(i.HAL_PWR_EnterSTOPMode), (84 bytes).
    Removing air001xx_hal_pwr.o(i.HAL_PWR_PVD_Callback), (2 bytes).
    Removing air001xx_hal_pwr.o(i.HAL_PWR_PVD_IRQHandler), (32 bytes).
    Removing system_air001xx.o(.rev16_text), (4 bytes).
    Removing system_air001xx.o(.revsh_text), (4 bytes).
    Removing system_air001xx.o(i.SystemCoreClockUpdate), (212 bytes).

355 unused section(s) (total 30801 bytes) removed from the image.

==============================================================================

Image Symbol Table

    Local Symbols

    Symbol Name                              Value     Ov Type        Size  Object(Section)

    ../clib/../cmprslib/lz77c.c              0x00000000   Number         0  __dclz77c.o ABSOLUTE
    ../clib/angel/boardlib.s                 0x00000000   Number         0  boardinit2.o ABSOLUTE
    ../clib/angel/boardlib.s                 0x00000000   Number         0  boardinit3.o ABSOLUTE
    ../clib/angel/boardlib.s                 0x00000000   Number         0  boardinit1.o ABSOLUTE
    ../clib/angel/boardlib.s                 0x00000000   Number         0  boardshut.o ABSOLUTE
    ../clib/angel/handlers.s                 0x00000000   Number         0  __scatter_zi.o ABSOLUTE
    ../clib/angel/kernel.s                   0x00000000   Number         0  __rtentry2.o ABSOLUTE
    ../clib/angel/kernel.s                   0x00000000   Number         0  __rtentry.o ABSOLUTE
    ../clib/angel/kernel.s                   0x00000000   Number         0  __rtentry4.o ABSOLUTE
    ../clib/angel/kernel.s                   0x00000000   Number         0  rtexit.o ABSOLUTE
    ../clib/angel/kernel.s                   0x00000000   Number         0  rtexit2.o ABSOLUTE
    ../clib/angel/rt.s                       0x00000000   Number         0  aeabi_idiv0.o ABSOLUTE
    ../clib/angel/rt.s                       0x00000000   Number         0  aeabi_idiv0_sigfpe.o ABSOLUTE
    ../clib/angel/rt.s                       0x00000000   Number         0  rt_div0.o ABSOLUTE
    ../clib/angel/rt.s                       0x00000000   Number         0  rt_raise.o ABSOLUTE
    ../clib/angel/scatterp.s                 0x00000000   Number         0  __scatter.o ABSOLUTE
    ../clib/angel/startup.s                  0x00000000   Number         0  __main.o ABSOLUTE
    ../clib/angel/sys.s                      0x00000000   Number         0  sys_stackheap_outer.o ABSOLUTE
    ../clib/angel/sys.s                      0x00000000   Number         0  libspace.o ABSOLUTE
    ../clib/angel/sys.s                      0x00000000   Number         0  tempstk.o ABSOLUTE
    ../clib/angel/sys.s                      0x00000000   Number         0  indicate_semi.o ABSOLUTE
    ../clib/angel/sys.s                      0x00000000   Number         0  use_no_semi.o ABSOLUTE
    ../clib/angel/sysapp.c                   0x00000000   Number         0  sys_exit.o ABSOLUTE
    ../clib/angel/sysapp.c                   0x00000000   Number         0  sys_wrch.o ABSOLUTE
    ../clib/angel/sysapp.c                   0x00000000   Number         0  sys_command.o ABSOLUTE
    ../clib/armsys.c                         0x00000000   Number         0  no_argv.o ABSOLUTE
    ../clib/armsys.c                         0x00000000   Number         0  _get_argv_nomalloc.o ABSOLUTE
    ../clib/armsys.c                         0x00000000   Number         0  argv_veneer.o ABSOLUTE
    ../clib/division.s                       0x00000000   Number         0  aeabi_sdiv_div0.o ABSOLUTE
    ../clib/division.s                       0x00000000   Number         0  aeabi_sdiv.o ABSOLUTE
    ../clib/heapalloc.c                      0x00000000   Number         0  hrguard.o ABSOLUTE
    ../clib/heapaux.c                        0x00000000   Number         0  heapauxi.o ABSOLUTE
    ../clib/libinit.s                        0x00000000   Number         0  libinit.o ABSOLUTE
    ../clib/libinit.s                        0x00000000   Number         0  libshutdown.o ABSOLUTE
    ../clib/libinit.s                        0x00000000   Number         0  libinit2.o ABSOLUTE
    ../clib/libinit.s                        0x00000000   Number         0  libshutdown2.o ABSOLUTE
    ../clib/memcpset.c                       0x00000000   Number         0  rt_memcpy.o ABSOLUTE
    ../clib/memcpset.c                       0x00000000   Number         0  rt_memclr.o ABSOLUTE
    ../clib/memcpset.c                       0x00000000   Number         0  rt_memcpy.o ABSOLUTE
    ../clib/signal.c                         0x00000000   Number         0  __raise.o ABSOLUTE
    ../clib/signal.c                         0x00000000   Number         0  defsig_fpe_formal.o ABSOLUTE
    ../clib/signal.c                         0x00000000   Number         0  defsig_abrt_inner.o ABSOLUTE
    ../clib/signal.c                         0x00000000   Number         0  defsig_exit.o ABSOLUTE
    ../clib/signal.c                         0x00000000   Number         0  defsig_general.o ABSOLUTE
    ../clib/signal.c                         0x00000000   Number         0  defsig_other.o ABSOLUTE
    ../clib/signal.c                         0x00000000   Number         0  defsig_cppl_inner.o ABSOLUTE
    ../clib/signal.c                         0x00000000   Number         0  defsig_pvfn_inner.o ABSOLUTE
    ../clib/signal.c                         0x00000000   Number         0  defsig_fpe_inner.o ABSOLUTE
    ../clib/signal.c                         0x00000000   Number         0  defsig_segv_inner.o ABSOLUTE
    ../clib/signal.c                         0x00000000   Number         0  defsig_stak_inner.o ABSOLUTE
    ../clib/signal.c                         0x00000000   Number         0  defsig_rtmem_formal.o ABSOLUTE
    ../clib/signal.c                         0x00000000   Number         0  defsig_rtmem_outer.o ABSOLUTE
    ../clib/signal.c                         0x00000000   Number         0  defsig_fpe_outer.o ABSOLUTE
    ../clib/signal.c                         0x00000000   Number         0  defsig_rtmem_inner.o ABSOLUTE
    ../clib/signal.c                         0x00000000   Number         0  defsig_rtred_inner.o ABSOLUTE
    ../clib/signal.s                         0x00000000   Number         0  defsig.o ABSOLUTE
    ../clib/stdlib.c                         0x00000000   Number         0  exit.o ABSOLUTE
    ../fplib/cfplib/fpinit.c                 0x00000000   Number         0  fpinit.o ABSOLUTE
    AIR001xx_HAL_Driver\Src\air001xx_hal.c   0x00000000   Number         0  air001xx_hal.o ABSOLUTE
    AIR001xx_HAL_Driver\Src\air001xx_hal_adc.c 0x00000000   Number         0  air001xx_hal_adc.o ABSOLUTE
    AIR001xx_HAL_Driver\Src\air001xx_hal_adc_ex.c 0x00000000   Number         0  air001xx_hal_adc_ex.o ABSOLUTE
    AIR001xx_HAL_Driver\Src\air001xx_hal_cortex.c 0x00000000   Number         0  air001xx_hal_cortex.o ABSOLUTE
    AIR001xx_HAL_Driver\Src\air001xx_hal_crc.c 0x00000000   Number         0  air001xx_hal_crc.o ABSOLUTE
    AIR001xx_HAL_Driver\Src\air001xx_hal_crc_ex.c 0x00000000   Number         0  air001xx_hal_crc_ex.o ABSOLUTE
    AIR001xx_HAL_Driver\Src\air001xx_hal_dma.c 0x00000000   Number         0  air001xx_hal_dma.o ABSOLUTE
    AIR001xx_HAL_Driver\Src\air001xx_hal_exti.c 0x00000000   Number         0  air001xx_hal_exti.o ABSOLUTE
    AIR001xx_HAL_Driver\Src\air001xx_hal_gpio.c 0x00000000   Number         0  air001xx_hal_gpio.o ABSOLUTE
    AIR001xx_HAL_Driver\Src\air001xx_hal_pwr.c 0x00000000   Number         0  air001xx_hal_pwr.o ABSOLUTE
    AIR001xx_HAL_Driver\Src\air001xx_hal_rcc.c 0x00000000   Number         0  air001xx_hal_rcc.o ABSOLUTE
    AIR001xx_HAL_Driver\Src\air001xx_hal_rcc_ex.c 0x00000000   Number         0  air001xx_hal_rcc_ex.o ABSOLUTE
    AIR001xx_HAL_Driver\Src\air001xx_hal_rtc.c 0x00000000   Number         0  air001xx_hal_rtc.o ABSOLUTE
    AIR001xx_HAL_Driver\Src\air001xx_hal_rtc_ex.c 0x00000000   Number         0  air001xx_hal_rtc_ex.o ABSOLUTE
    AIR001xx_HAL_Driver\Src\air001xx_hal_spi.c 0x00000000   Number         0  air001xx_hal_spi.o ABSOLUTE
    AIR001xx_HAL_Driver\Src\air001xx_hal_spi_ex.c 0x00000000   Number         0  air001xx_hal_spi_ex.o ABSOLUTE
    AIR001xx_HAL_Driver\Src\air001xx_hal_tim.c 0x00000000   Number         0  air001xx_hal_tim.o ABSOLUTE
    AIR001xx_HAL_Driver\Src\air001xx_hal_tim_ex.c 0x00000000   Number         0  air001xx_hal_tim_ex.o ABSOLUTE
    AIR001xx_HAL_Driver\\Src\\air001xx_hal.c 0x00000000   Number         0  air001xx_hal.o ABSOLUTE
    AIR001xx_HAL_Driver\\Src\\air001xx_hal_adc.c 0x00000000   Number         0  air001xx_hal_adc.o ABSOLUTE
    AIR001xx_HAL_Driver\\Src\\air001xx_hal_adc_ex.c 0x00000000   Number         0  air001xx_hal_adc_ex.o ABSOLUTE
    AIR001xx_HAL_Driver\\Src\\air001xx_hal_cortex.c 0x00000000   Number         0  air001xx_hal_cortex.o ABSOLUTE
    AIR001xx_HAL_Driver\\Src\\air001xx_hal_crc.c 0x00000000   Number         0  air001xx_hal_crc.o ABSOLUTE
    AIR001xx_HAL_Driver\\Src\\air001xx_hal_crc_ex.c 0x00000000   Number         0  air001xx_hal_crc_ex.o ABSOLUTE
    AIR001xx_HAL_Driver\\Src\\air001xx_hal_dma.c 0x00000000   Number         0  air001xx_hal_dma.o ABSOLUTE
    AIR001xx_HAL_Driver\\Src\\air001xx_hal_exti.c 0x00000000   Number         0  air001xx_hal_exti.o ABSOLUTE
    AIR001xx_HAL_Driver\\Src\\air001xx_hal_gpio.c 0x00000000   Number         0  air001xx_hal_gpio.o ABSOLUTE
    AIR001xx_HAL_Driver\\Src\\air001xx_hal_pwr.c 0x00000000   Number         0  air001xx_hal_pwr.o ABSOLUTE
    AIR001xx_HAL_Driver\\Src\\air001xx_hal_rcc.c 0x00000000   Number         0  air001xx_hal_rcc.o ABSOLUTE
    AIR001xx_HAL_Driver\\Src\\air001xx_hal_rcc_ex.c 0x00000000   Number         0  air001xx_hal_rcc_ex.o ABSOLUTE
    AIR001xx_HAL_Driver\\Src\\air001xx_hal_rtc.c 0x00000000   Number         0  air001xx_hal_rtc.o ABSOLUTE
    AIR001xx_HAL_Driver\\Src\\air001xx_hal_rtc_ex.c 0x00000000   Number         0  air001xx_hal_rtc_ex.o ABSOLUTE
    AIR001xx_HAL_Driver\\Src\\air001xx_hal_spi.c 0x00000000   Number         0  air001xx_hal_spi.o ABSOLUTE
    AIR001xx_HAL_Driver\\Src\\air001xx_hal_spi_ex.c 0x00000000   Number         0  air001xx_hal_spi_ex.o ABSOLUTE
    AIR001xx_HAL_Driver\\Src\\air001xx_hal_tim.c 0x00000000   Number         0  air001xx_hal_tim.o ABSOLUTE
    AIR001xx_HAL_Driver\\Src\\air001xx_hal_tim_ex.c 0x00000000   Number         0  air001xx_hal_tim_ex.o ABSOLUTE
    RTE\Device\AIR001Dev\startup_air001_dev.s 0x00000000   Number         0  startup_air001_dev.o ABSOLUTE
    RTE\Device\AIR001Dev\system_air001xx.c   0x00000000   Number         0  system_air001xx.o ABSOLUTE
    RTE\\Device\\AIR001Dev\\system_air001xx.c 0x00000000   Number         0  system_air001xx.o ABSOLUTE
    dc.s                                     0x00000000   Number         0  dc.o ABSOLUTE
    gpio.c                                   0x00000000   Number         0  gpio.o ABSOLUTE
    gpio.c                                   0x00000000   Number         0  gpio.o ABSOLUTE
    main.c                                   0x00000000   Number         0  main.o ABSOLUTE
    main.c                                   0x00000000   Number         0  main.o ABSOLUTE
    other_Driver\\air001xx_it.c              0x00000000   Number         0  air001xx_it.o ABSOLUTE
    other_Driver\air001xx_it.c               0x00000000   Number         0  air001xx_it.o ABSOLUTE
    spi.c                                    0x00000000   Number         0  spi.o ABSOLUTE
    spi.c                                    0x00000000   Number         0  spi.o ABSOLUTE
    st7735.c                                 0x00000000   Number         0  st7735.o ABSOLUTE
    st7735.c                                 0x00000000   Number         0  st7735.o ABSOLUTE
    tim.c                                    0x00000000   Number         0  tim.o ABSOLUTE
    tim.c                                    0x00000000   Number         0  tim.o ABSOLUTE
    RESET                                    0x08000000   Section      192  startup_air001_dev.o(RESET)
    !!!main                                  0x080000c0   Section        8  __main.o(!!!main)
    !!!scatter                               0x080000c8   Section       60  __scatter.o(!!!scatter)
    !!handler_zi                             0x08000104   Section       28  __scatter_zi.o(!!handler_zi)
    .ARM.Collect$$libinit$$00000000          0x08000120   Section        2  libinit.o(.ARM.Collect$$libinit$$00000000)
    .ARM.Collect$$libinit$$00000002          0x08000122   Section        0  libinit2.o(.ARM.Collect$$libinit$$00000002)
    .ARM.Collect$$libinit$$00000004          0x08000122   Section        0  libinit2.o(.ARM.Collect$$libinit$$00000004)
    .ARM.Collect$$libinit$$0000000A          0x08000122   Section        0  libinit2.o(.ARM.Collect$$libinit$$0000000A)
    .ARM.Collect$$libinit$$0000000C          0x08000122   Section        0  libinit2.o(.ARM.Collect$$libinit$$0000000C)
    .ARM.Collect$$libinit$$0000000E          0x08000122   Section        0  libinit2.o(.ARM.Collect$$libinit$$0000000E)
    .ARM.Collect$$libinit$$00000011          0x08000122   Section        0  libinit2.o(.ARM.Collect$$libinit$$00000011)
    .ARM.Collect$$libinit$$00000013          0x08000122   Section        0  libinit2.o(.ARM.Collect$$libinit$$00000013)
    .ARM.Collect$$libinit$$00000015          0x08000122   Section        0  libinit2.o(.ARM.Collect$$libinit$$00000015)
    .ARM.Collect$$libinit$$00000017          0x08000122   Section        0  libinit2.o(.ARM.Collect$$libinit$$00000017)
    .ARM.Collect$$libinit$$00000019          0x08000122   Section        0  libinit2.o(.ARM.Collect$$libinit$$00000019)
    .ARM.Collect$$libinit$$0000001B          0x08000122   Section        0  libinit2.o(.ARM.Collect$$libinit$$0000001B)
    .ARM.Collect$$libinit$$0000001D          0x08000122   Section        0  libinit2.o(.ARM.Collect$$libinit$$0000001D)
    .ARM.Collect$$libinit$$0000001F          0x08000122   Section        0  libinit2.o(.ARM.Collect$$libinit$$0000001F)
    .ARM.Collect$$libinit$$00000021          0x08000122   Section        0  libinit2.o(.ARM.Collect$$libinit$$00000021)
    .ARM.Collect$$libinit$$00000023          0x08000122   Section        0  libinit2.o(.ARM.Collect$$libinit$$00000023)
    .ARM.Collect$$libinit$$00000025          0x08000122   Section        0  libinit2.o(.ARM.Collect$$libinit$$00000025)
    .ARM.Collect$$libinit$$0000002C          0x08000122   Section        0  libinit2.o(.ARM.Collect$$libinit$$0000002C)
    .ARM.Collect$$libinit$$0000002E          0x08000122   Section        0  libinit2.o(.ARM.Collect$$libinit$$0000002E)
    .ARM.Collect$$libinit$$00000030          0x08000122   Section        0  libinit2.o(.ARM.Collect$$libinit$$00000030)
    .ARM.Collect$$libinit$$00000032          0x08000122   Section        0  libinit2.o(.ARM.Collect$$libinit$$00000032)
    .ARM.Collect$$libinit$$00000033          0x08000122   Section        2  libinit2.o(.ARM.Collect$$libinit$$00000033)
    .ARM.Collect$$libshutdown$$00000000      0x08000124   Section        2  libshutdown.o(.ARM.Collect$$libshutdown$$00000000)
    .ARM.Collect$$libshutdown$$00000002      0x08000126   Section        0  libshutdown2.o(.ARM.Collect$$libshutdown$$00000002)
    .ARM.Collect$$libshutdown$$00000004      0x08000126   Section        0  libshutdown2.o(.ARM.Collect$$libshutdown$$00000004)
    .ARM.Collect$$libshutdown$$00000006      0x08000126   Section        0  libshutdown2.o(.ARM.Collect$$libshutdown$$00000006)
    .ARM.Collect$$libshutdown$$00000009      0x08000126   Section        0  libshutdown2.o(.ARM.Collect$$libshutdown$$00000009)
    .ARM.Collect$$libshutdown$$0000000C      0x08000126   Section        0  libshutdown2.o(.ARM.Collect$$libshutdown$$0000000C)
    .ARM.Collect$$libshutdown$$0000000E      0x08000126   Section        0  libshutdown2.o(.ARM.Collect$$libshutdown$$0000000E)
    .ARM.Collect$$libshutdown$$00000011      0x08000126   Section        0  libshutdown2.o(.ARM.Collect$$libshutdown$$00000011)
    .ARM.Collect$$libshutdown$$00000012      0x08000126   Section        2  libshutdown2.o(.ARM.Collect$$libshutdown$$00000012)
    .ARM.Collect$$rtentry$$00000000          0x08000128   Section        0  __rtentry.o(.ARM.Collect$$rtentry$$00000000)
    .ARM.Collect$$rtentry$$00000002          0x08000128   Section        0  __rtentry2.o(.ARM.Collect$$rtentry$$00000002)
    .ARM.Collect$$rtentry$$00000004          0x08000128   Section        6  __rtentry4.o(.ARM.Collect$$rtentry$$00000004)
    .ARM.Collect$$rtentry$$00000009          0x0800012e   Section        0  __rtentry2.o(.ARM.Collect$$rtentry$$00000009)
    .ARM.Collect$$rtentry$$0000000A          0x0800012e   Section        4  __rtentry2.o(.ARM.Collect$$rtentry$$0000000A)
    .ARM.Collect$$rtentry$$0000000C          0x08000132   Section        0  __rtentry2.o(.ARM.Collect$$rtentry$$0000000C)
    .ARM.Collect$$rtentry$$0000000D          0x08000132   Section        8  __rtentry2.o(.ARM.Collect$$rtentry$$0000000D)
    .ARM.Collect$$rtexit$$00000000           0x0800013a   Section        2  rtexit.o(.ARM.Collect$$rtexit$$00000000)
    .ARM.Collect$$rtexit$$00000002           0x0800013c   Section        0  rtexit2.o(.ARM.Collect$$rtexit$$00000002)
    .ARM.Collect$$rtexit$$00000003           0x0800013c   Section        4  rtexit2.o(.ARM.Collect$$rtexit$$00000003)
    .ARM.Collect$$rtexit$$00000004           0x08000140   Section        6  rtexit2.o(.ARM.Collect$$rtexit$$00000004)
    .emb_text                                0x08000148   Section       56  rt_memcpy.o(.emb_text)
    .text                                    0x08000180   Section       56  startup_air001_dev.o(.text)
    .text                                    0x080001b8   Section        0  rt_memclr.o(.text)
    .text                                    0x080001f8   Section      346  aeabi_sdiv.o(.text)
    .text                                    0x08000352   Section        0  heapauxi.o(.text)
    .text                                    0x08000358   Section       62  sys_stackheap_outer.o(.text)
    .text                                    0x08000396   Section        0  exit.o(.text)
    .text                                    0x080003a8   Section        8  libspace.o(.text)
    .text                                    0x080003b0   Section        0  sys_exit.o(.text)
    .text                                    0x080003bc   Section        2  use_no_semi.o(.text)
    .text                                    0x080003be   Section        0  indicate_semi.o(.text)
    .text                                    0x080003be   Section        0  __dclz77c.o(.text)
    i.$Sub$$main                             0x08000420   Section        0  system_air001xx.o(i.$Sub$$main)
    i.APP_SystemClockConfig                  0x08000454   Section        0  main.o(i.APP_SystemClockConfig)
    APP_SystemClockConfig                    0x08000455   Thumb Code    90  main.o(i.APP_SystemClockConfig)
    i.Error_Handler                          0x080004b4   Section        0  air001xx_it.o(i.Error_Handler)
    i.GPIO_Init                              0x080004b8   Section        0  gpio.o(i.GPIO_Init)
    i.HAL_DMA_Abort_IT                       0x08000550   Section        0  air001xx_hal_dma.o(i.HAL_DMA_Abort_IT)
    i.HAL_Delay                              0x080005c8   Section        0  air001xx_hal.o(i.HAL_Delay)
    i.HAL_GPIO_DeInit                        0x080005f4   Section        0  air001xx_hal_gpio.o(i.HAL_GPIO_DeInit)
    i.HAL_GPIO_Init                          0x080006e8   Section        0  air001xx_hal_gpio.o(i.HAL_GPIO_Init)
    i.HAL_GPIO_ReadPin                       0x0800089c   Section        0  air001xx_hal_gpio.o(i.HAL_GPIO_ReadPin)
    i.HAL_GPIO_WritePin                      0x080008ae   Section        0  air001xx_hal_gpio.o(i.HAL_GPIO_WritePin)
    i.HAL_GetTick                            0x080008bc   Section        0  air001xx_hal.o(i.HAL_GetTick)
    i.HAL_IncTick                            0x080008c8   Section        0  air001xx_hal.o(i.HAL_IncTick)
    i.HAL_Init                               0x080008e0   Section        0  air001xx_hal.o(i.HAL_Init)
    i.HAL_InitTick                           0x080008fc   Section        0  air001xx_hal.o(i.HAL_InitTick)
    i.HAL_MspInit                            0x0800095c   Section        0  main.o(i.HAL_MspInit)
    i.HAL_NVIC_DisableIRQ                    0x080009a0   Section        0  air001xx_hal_cortex.o(i.HAL_NVIC_DisableIRQ)
    i.HAL_NVIC_EnableIRQ                     0x080009c4   Section        0  air001xx_hal_cortex.o(i.HAL_NVIC_EnableIRQ)
    i.HAL_NVIC_SetPriority                   0x080009e8   Section        0  air001xx_hal_cortex.o(i.HAL_NVIC_SetPriority)
    i.HAL_RCC_ClockConfig                    0x080009fc   Section        0  air001xx_hal_rcc.o(i.HAL_RCC_ClockConfig)
    i.HAL_RCC_GetSysClockFreq                0x08000bd0   Section        0  air001xx_hal_rcc.o(i.HAL_RCC_GetSysClockFreq)
    i.HAL_RCC_OscConfig                      0x08000ca8   Section        0  air001xx_hal_rcc.o(i.HAL_RCC_OscConfig)
    i.HAL_SPI_DeInit                         0x0800127c   Section        0  air001xx_hal_spi.o(i.HAL_SPI_DeInit)
    i.HAL_SPI_ErrorCallback                  0x080012b6   Section        0  air001xx_hal_spi.o(i.HAL_SPI_ErrorCallback)
    i.HAL_SPI_IRQHandler                     0x080012b8   Section        0  air001xx_hal_spi.o(i.HAL_SPI_IRQHandler)
    i.HAL_SPI_Init                           0x08001424   Section        0  air001xx_hal_spi.o(i.HAL_SPI_Init)
    i.HAL_SPI_MspDeInit                      0x080014b0   Section        0  spi.o(i.HAL_SPI_MspDeInit)
    i.HAL_SPI_MspInit                        0x080014f8   Section        0  spi.o(i.HAL_SPI_MspInit)
    i.HAL_SPI_Transmit                       0x080015b0   Section        0  air001xx_hal_spi.o(i.HAL_SPI_Transmit)
    i.HAL_SYSTICK_Config                     0x08001774   Section        0  air001xx_hal_cortex.o(i.HAL_SYSTICK_Config)
    i.HAL_TIM_PWM_ConfigChannel              0x080017ac   Section        0  air001xx_hal_tim.o(i.HAL_TIM_PWM_ConfigChannel)
    i.HAL_TIM_PWM_Init                       0x080018be   Section        0  air001xx_hal_tim.o(i.HAL_TIM_PWM_Init)
    i.HAL_TIM_PWM_MspInit                    0x080018f8   Section        0  tim.o(i.HAL_TIM_PWM_MspInit)
    i.HAL_TIM_PWM_Start                      0x08001970   Section        0  air001xx_hal_tim.o(i.HAL_TIM_PWM_Start)
    i.HardFault_Handler                      0x080019d8   Section        0  air001xx_it.o(i.HardFault_Handler)
    i.Lcd_DrawNums                           0x080019dc   Section        0  st7735.o(i.Lcd_DrawNums)
    i.Lcd_DrawWrods                          0x08001a60   Section        0  st7735.o(i.Lcd_DrawWrods)
    i.Lcd_Fill                               0x08001b0c   Section        0  st7735.o(i.Lcd_Fill)
    i.Lcd_Set_Address                        0x08001b50   Section        0  st7735.o(i.Lcd_Set_Address)
    i.Lcd_Write_Cmd                          0x08001bc0   Section        0  st7735.o(i.Lcd_Write_Cmd)
    i.Lcd_Write_Data                         0x08001be4   Section        0  st7735.o(i.Lcd_Write_Data)
    i.Lcd_disPlayPicture                     0x08001bf0   Section        0  st7735.o(i.Lcd_disPlayPicture)
    i.Lcd_time                               0x08001c28   Section        0  st7735.o(i.Lcd_time)
    i.MX_SPI1_Init                           0x080022c8   Section        0  spi.o(i.MX_SPI1_Init)
    i.MX_TIM3_Init                           0x0800230c   Section        0  tim.o(i.MX_TIM3_Init)
    i.NMI_Handler                            0x08002364   Section        0  air001xx_it.o(i.NMI_Handler)
    i.PendSV_Handler                         0x08002366   Section        0  air001xx_it.o(i.PendSV_Handler)
    i.RCC_GetHSIFreq                         0x08002368   Section        0  air001xx_hal_rcc.o(i.RCC_GetHSIFreq)
    RCC_GetHSIFreq                           0x08002369   Thumb Code    20  air001xx_hal_rcc.o(i.RCC_GetHSIFreq)
    i.SPI1_IRQHandler                        0x08002384   Section        0  air001xx_it.o(i.SPI1_IRQHandler)
    i.SPI_DMAAbortOnError                    0x08002394   Section        0  air001xx_hal_spi.o(i.SPI_DMAAbortOnError)
    SPI_DMAAbortOnError                      0x08002395   Thumb Code    20  air001xx_hal_spi.o(i.SPI_DMAAbortOnError)
    i.SPI_EndRxTxTransaction                 0x080023a8   Section        0  air001xx_hal_spi.o(i.SPI_EndRxTxTransaction)
    SPI_EndRxTxTransaction                   0x080023a9   Thumb Code   106  air001xx_hal_spi.o(i.SPI_EndRxTxTransaction)
    i.SPI_GPIO                               0x08002414   Section        0  st7735.o(i.SPI_GPIO)
    i.SPI_WaitFifoStateUntilTimeout          0x08002494   Section        0  air001xx_hal_spi.o(i.SPI_WaitFifoStateUntilTimeout)
    SPI_WaitFifoStateUntilTimeout            0x08002495   Thumb Code   208  air001xx_hal_spi.o(i.SPI_WaitFifoStateUntilTimeout)
    i.SPI_WaitFlagStateUntilTimeout          0x08002568   Section        0  air001xx_hal_spi.o(i.SPI_WaitFlagStateUntilTimeout)
    SPI_WaitFlagStateUntilTimeout            0x08002569   Thumb Code   176  air001xx_hal_spi.o(i.SPI_WaitFlagStateUntilTimeout)
    i.SPI_Write_Data                         0x0800261c   Section        0  st7735.o(i.SPI_Write_Data)
    i.ST7735_Init                            0x0800264c   Section        0  st7735.o(i.ST7735_Init)
    i.SVC_Handler                            0x08002888   Section        0  air001xx_it.o(i.SVC_Handler)
    i.SysTick_Handler                        0x0800288a   Section        0  air001xx_it.o(i.SysTick_Handler)
    i.SystemInit                             0x08002894   Section        0  system_air001xx.o(i.SystemInit)
    i.TIM_Base_SetConfig                     0x080028c0   Section        0  air001xx_hal_tim.o(i.TIM_Base_SetConfig)
    i.TIM_CCxChannelCmd                      0x08002950   Section        0  air001xx_hal_tim.o(i.TIM_CCxChannelCmd)
    i.TIM_OC1_SetConfig                      0x08002974   Section        0  air001xx_hal_tim.o(i.TIM_OC1_SetConfig)
    TIM_OC1_SetConfig                        0x08002975   Thumb Code   144  air001xx_hal_tim.o(i.TIM_OC1_SetConfig)
    i.TIM_OC2_SetConfig                      0x08002a10   Section        0  air001xx_hal_tim.o(i.TIM_OC2_SetConfig)
    i.TIM_OC3_SetConfig                      0x08002ac0   Section        0  air001xx_hal_tim.o(i.TIM_OC3_SetConfig)
    TIM_OC3_SetConfig                        0x08002ac1   Thumb Code   158  air001xx_hal_tim.o(i.TIM_OC3_SetConfig)
    i.TIM_OC4_SetConfig                      0x08002b6c   Section        0  air001xx_hal_tim.o(i.TIM_OC4_SetConfig)
    TIM_OC4_SetConfig                        0x08002b6d   Thumb Code   106  air001xx_hal_tim.o(i.TIM_OC4_SetConfig)
    i.__ARM_common_switch8                   0x08002be4   Section        0  st7735.o(i.__ARM_common_switch8)
    i.__NVIC_SetPriority                     0x08002c00   Section        0  air001xx_hal_cortex.o(i.__NVIC_SetPriority)
    __NVIC_SetPriority                       0x08002c01   Thumb Code   110  air001xx_hal_cortex.o(i.__NVIC_SetPriority)
    i.main                                   0x08002c78   Section        0  main.o(i.main)
    .constdata                               0x08002cc0   Section     3600  st7735.o(.constdata)
    .constdata                               0x08003ad0   Section       20  air001xx_hal_rcc.o(.constdata)
    .constdata                               0x08003ae4   Section      128  system_air001xx.o(.constdata)
    .ARM.__at_0x20000000                     0x20000000   Section      192  system_air001xx.o(.ARM.__at_0x20000000)
    .data                                    0x200000c0   Section     1536  st7735.o(.data)
    .data                                    0x200006c0   Section       12  air001xx_hal.o(.data)
    .data                                    0x200006cc   Section        4  system_air001xx.o(.data)
    .bss                                     0x200006d0   Section       80  main.o(.bss)
    .bss                                     0x20000720   Section       92  tim.o(.bss)
    .bss                                     0x2000077c   Section       96  libspace.o(.bss)
    HEAP                                     0x200007e0   Section      512  startup_air001_dev.o(HEAP)
    Heap_Mem                                 0x200007e0   Data         512  startup_air001_dev.o(HEAP)
    STACK                                    0x200009e0   Section     1024  startup_air001_dev.o(STACK)
    Stack_Mem                                0x200009e0   Data        1024  startup_air001_dev.o(STACK)
    __initial_sp                             0x20000de0   Data           0  startup_air001_dev.o(STACK)

    Global Symbols

    Symbol Name                              Value     Ov Type        Size  Object(Section)

    BuildAttributes$$THM_ISAv3M$S$PE$A:L22$X:L11$S22$IEEE1$IW$USESV6$~STKCKD$USESV7$~SHL$OSPACE$ROPI$EBA8$UX$STANDARDLIB$REQ8$PRES8$EABIv2 0x00000000   Number         0  anon$$obj.o ABSOLUTE
    __ARM_use_no_argv                        0x00000000   Number         0  main.o ABSOLUTE
    __ARM_exceptions_init                     - Undefined Weak Reference
    __alloca_initialize                       - Undefined Weak Reference
    __arm_fini_                               - Undefined Weak Reference
    __arm_preinit_                            - Undefined Weak Reference
    __cpp_initialize__aeabi_                  - Undefined Weak Reference
    __cxa_finalize                            - Undefined Weak Reference
    __rt_locale                               - Undefined Weak Reference
    __sigvec_lookup                           - Undefined Weak Reference
    _atexit_init                              - Undefined Weak Reference
    _call_atexit_fns                          - Undefined Weak Reference
    _clock_init                               - Undefined Weak Reference
    _fp_trap_init                             - Undefined Weak Reference
    _fp_trap_shutdown                         - Undefined Weak Reference
    _get_lc_collate                           - Undefined Weak Reference
    _get_lc_ctype                             - Undefined Weak Reference
    _get_lc_monetary                          - Undefined Weak Reference
    _get_lc_numeric                           - Undefined Weak Reference
    _get_lc_time                              - Undefined Weak Reference
    _getenv_init                              - Undefined Weak Reference
    _handle_redirection                       - Undefined Weak Reference
    _init_alloc                               - Undefined Weak Reference
    _init_user_alloc                          - Undefined Weak Reference
    _initio                                   - Undefined Weak Reference
    _rand_init                                - Undefined Weak Reference
    _signal_finish                            - Undefined Weak Reference
    _signal_init                              - Undefined Weak Reference
    _terminate_alloc                          - Undefined Weak Reference
    _terminate_user_alloc                     - Undefined Weak Reference
    _terminateio                              - Undefined Weak Reference
    __Vectors_Size                           0x000000c0   Number         0  startup_air001_dev.o ABSOLUTE
    __Vectors                                0x08000000   Data           4  startup_air001_dev.o(RESET)
    __Vectors_End                            0x080000c0   Data           0  startup_air001_dev.o(RESET)
    __main                                   0x080000c1   Thumb Code     8  __main.o(!!!main)
    __scatterload                            0x080000c9   Thumb Code     0  __scatter.o(!!!scatter)
    __scatterload_rt2                        0x080000c9   Thumb Code    52  __scatter.o(!!!scatter)
    __scatterload_rt2_thumb_only             0x080000c9   Thumb Code     0  __scatter.o(!!!scatter)
    __scatterload_null                       0x080000d9   Thumb Code     0  __scatter.o(!!!scatter)
    __scatterload_zeroinit                   0x08000105   Thumb Code    28  __scatter_zi.o(!!handler_zi)
    __rt_lib_init                            0x08000121   Thumb Code     0  libinit.o(.ARM.Collect$$libinit$$00000000)
    __rt_lib_init_alloca_1                   0x08000123   Thumb Code     0  libinit2.o(.ARM.Collect$$libinit$$0000002E)
    __rt_lib_init_argv_1                     0x08000123   Thumb Code     0  libinit2.o(.ARM.Collect$$libinit$$0000002C)
    __rt_lib_init_atexit_1                   0x08000123   Thumb Code     0  libinit2.o(.ARM.Collect$$libinit$$0000001B)
    __rt_lib_init_clock_1                    0x08000123   Thumb Code     0  libinit2.o(.ARM.Collect$$libinit$$00000021)
    __rt_lib_init_cpp_1                      0x08000123   Thumb Code     0  libinit2.o(.ARM.Collect$$libinit$$00000032)
    __rt_lib_init_exceptions_1               0x08000123   Thumb Code     0  libinit2.o(.ARM.Collect$$libinit$$00000030)
    __rt_lib_init_fp_1                       0x08000123   Thumb Code     0  libinit2.o(.ARM.Collect$$libinit$$00000002)
    __rt_lib_init_fp_trap_1                  0x08000123   Thumb Code     0  libinit2.o(.ARM.Collect$$libinit$$0000001F)
    __rt_lib_init_getenv_1                   0x08000123   Thumb Code     0  libinit2.o(.ARM.Collect$$libinit$$00000023)
    __rt_lib_init_heap_1                     0x08000123   Thumb Code     0  libinit2.o(.ARM.Collect$$libinit$$0000000A)
    __rt_lib_init_lc_collate_1               0x08000123   Thumb Code     0  libinit2.o(.ARM.Collect$$libinit$$00000011)
    __rt_lib_init_lc_ctype_1                 0x08000123   Thumb Code     0  libinit2.o(.ARM.Collect$$libinit$$00000013)
    __rt_lib_init_lc_monetary_1              0x08000123   Thumb Code     0  libinit2.o(.ARM.Collect$$libinit$$00000015)
    __rt_lib_init_lc_numeric_1               0x08000123   Thumb Code     0  libinit2.o(.ARM.Collect$$libinit$$00000017)
    __rt_lib_init_lc_time_1                  0x08000123   Thumb Code     0  libinit2.o(.ARM.Collect$$libinit$$00000019)
    __rt_lib_init_preinit_1                  0x08000123   Thumb Code     0  libinit2.o(.ARM.Collect$$libinit$$00000004)
    __rt_lib_init_rand_1                     0x08000123   Thumb Code     0  libinit2.o(.ARM.Collect$$libinit$$0000000E)
    __rt_lib_init_return                     0x08000123   Thumb Code     0  libinit2.o(.ARM.Collect$$libinit$$00000033)
    __rt_lib_init_signal_1                   0x08000123   Thumb Code     0  libinit2.o(.ARM.Collect$$libinit$$0000001D)
    __rt_lib_init_stdio_1                    0x08000123   Thumb Code     0  libinit2.o(.ARM.Collect$$libinit$$00000025)
    __rt_lib_init_user_alloc_1               0x08000123   Thumb Code     0  libinit2.o(.ARM.Collect$$libinit$$0000000C)
    __rt_lib_shutdown                        0x08000125   Thumb Code     0  libshutdown.o(.ARM.Collect$$libshutdown$$00000000)
    __rt_lib_shutdown_cpp_1                  0x08000127   Thumb Code     0  libshutdown2.o(.ARM.Collect$$libshutdown$$00000004)
    __rt_lib_shutdown_fini_1                 0x08000127   Thumb Code     0  libshutdown2.o(.ARM.Collect$$libshutdown$$00000002)
    __rt_lib_shutdown_fp_trap_1              0x08000127   Thumb Code     0  libshutdown2.o(.ARM.Collect$$libshutdown$$00000009)
    __rt_lib_shutdown_heap_1                 0x08000127   Thumb Code     0  libshutdown2.o(.ARM.Collect$$libshutdown$$00000011)
    __rt_lib_shutdown_return                 0x08000127   Thumb Code     0  libshutdown2.o(.ARM.Collect$$libshutdown$$00000012)
    __rt_lib_shutdown_signal_1               0x08000127   Thumb Code     0  libshutdown2.o(.ARM.Collect$$libshutdown$$0000000C)
    __rt_lib_shutdown_stdio_1                0x08000127   Thumb Code     0  libshutdown2.o(.ARM.Collect$$libshutdown$$00000006)
    __rt_lib_shutdown_user_alloc_1           0x08000127   Thumb Code     0  libshutdown2.o(.ARM.Collect$$libshutdown$$0000000E)
    __rt_entry                               0x08000129   Thumb Code     0  __rtentry.o(.ARM.Collect$$rtentry$$00000000)
    __rt_entry_presh_1                       0x08000129   Thumb Code     0  __rtentry2.o(.ARM.Collect$$rtentry$$00000002)
    __rt_entry_sh                            0x08000129   Thumb Code     0  __rtentry4.o(.ARM.Collect$$rtentry$$00000004)
    __rt_entry_li                            0x0800012f   Thumb Code     0  __rtentry2.o(.ARM.Collect$$rtentry$$0000000A)
    __rt_entry_postsh_1                      0x0800012f   Thumb Code     0  __rtentry2.o(.ARM.Collect$$rtentry$$00000009)
    __rt_entry_main                          0x08000133   Thumb Code     0  __rtentry2.o(.ARM.Collect$$rtentry$$0000000D)
    __rt_entry_postli_1                      0x08000133   Thumb Code     0  __rtentry2.o(.ARM.Collect$$rtentry$$0000000C)
    __rt_exit                                0x0800013b   Thumb Code     0  rtexit.o(.ARM.Collect$$rtexit$$00000000)
    __rt_exit_ls                             0x0800013d   Thumb Code     0  rtexit2.o(.ARM.Collect$$rtexit$$00000003)
    __rt_exit_prels_1                        0x0800013d   Thumb Code     0  rtexit2.o(.ARM.Collect$$rtexit$$00000002)
    __rt_exit_exit                           0x08000141   Thumb Code     0  rtexit2.o(.ARM.Collect$$rtexit$$00000004)
    __aeabi_memcpy4                          0x08000149   Thumb Code    56  rt_memcpy.o(.emb_text)
    __aeabi_memcpy8                          0x08000149   Thumb Code     0  rt_memcpy.o(.emb_text)
    Reset_Handler                            0x08000181   Thumb Code     8  startup_air001_dev.o(.text)
    ADC_COMP_IRQHandler                      0x08000193   Thumb Code     0  startup_air001_dev.o(.text)
    DMA1_Channel1_IRQHandler                 0x08000193   Thumb Code     0  startup_air001_dev.o(.text)
    DMA1_Channel2_3_IRQHandler               0x08000193   Thumb Code     0  startup_air001_dev.o(.text)
    EXTI0_1_IRQHandler                       0x08000193   Thumb Code     0  startup_air001_dev.o(.text)
    EXTI2_3_IRQHandler                       0x08000193   Thumb Code     0  startup_air001_dev.o(.text)
    EXTI4_15_IRQHandler                      0x08000193   Thumb Code     0  startup_air001_dev.o(.text)
    FLASH_IRQHandler                         0x08000193   Thumb Code     0  startup_air001_dev.o(.text)
    I2C1_IRQHandler                          0x08000193   Thumb Code     0  startup_air001_dev.o(.text)
    LED_IRQHandler                           0x08000193   Thumb Code     0  startup_air001_dev.o(.text)
    LPTIM1_IRQHandler                        0x08000193   Thumb Code     0  startup_air001_dev.o(.text)
    PVD_IRQHandler                           0x08000193   Thumb Code     0  startup_air001_dev.o(.text)
    RCC_IRQHandler                           0x08000193   Thumb Code     0  startup_air001_dev.o(.text)
    RTC_IRQHandler                           0x08000193   Thumb Code     0  startup_air001_dev.o(.text)
    SPI2_IRQHandler                          0x08000193   Thumb Code     0  startup_air001_dev.o(.text)
    TIM14_IRQHandler                         0x08000193   Thumb Code     0  startup_air001_dev.o(.text)
    TIM16_IRQHandler                         0x08000193   Thumb Code     0  startup_air001_dev.o(.text)
    TIM17_IRQHandler                         0x08000193   Thumb Code     0  startup_air001_dev.o(.text)
    TIM1_BRK_UP_TRG_COM_IRQHandler           0x08000193   Thumb Code     0  startup_air001_dev.o(.text)
    TIM1_CC_IRQHandler                       0x08000193   Thumb Code     0  startup_air001_dev.o(.text)
    TIM3_IRQHandler                          0x08000193   Thumb Code     0  startup_air001_dev.o(.text)
    USART1_IRQHandler                        0x08000193   Thumb Code     0  startup_air001_dev.o(.text)
    USART2_IRQHandler                        0x08000193   Thumb Code     0  startup_air001_dev.o(.text)
    WWDG_IRQHandler                          0x08000193   Thumb Code     0  startup_air001_dev.o(.text)
    __user_initial_stackheap                 0x08000195   Thumb Code     0  startup_air001_dev.o(.text)
    _memset_w                                0x080001b9   Thumb Code    26  rt_memclr.o(.text)
    _memset                                  0x080001d3   Thumb Code    30  rt_memclr.o(.text)
    __aeabi_memclr                           0x080001f1   Thumb Code     4  rt_memclr.o(.text)
    __rt_memclr                              0x080001f1   Thumb Code     0  rt_memclr.o(.text)
    __aeabi_memclr4                          0x080001f5   Thumb Code     0  rt_memclr.o(.text)
    __aeabi_memclr8                          0x080001f5   Thumb Code     0  rt_memclr.o(.text)
    __rt_memclr_w                            0x080001f5   Thumb Code     4  rt_memclr.o(.text)
    __aeabi_uidiv                            0x080001f9   Thumb Code     0  aeabi_sdiv.o(.text)
    __aeabi_uidivmod                         0x080001f9   Thumb Code    20  aeabi_sdiv.o(.text)
    __aeabi_idiv                             0x0800020d   Thumb Code     0  aeabi_sdiv.o(.text)
    __aeabi_idivmod                          0x0800020d   Thumb Code   326  aeabi_sdiv.o(.text)
    __use_two_region_memory                  0x08000353   Thumb Code     2  heapauxi.o(.text)
    __rt_heap_escrow$2region                 0x08000355   Thumb Code     2  heapauxi.o(.text)
    __rt_heap_expand$2region                 0x08000357   Thumb Code     2  heapauxi.o(.text)
    __user_setup_stackheap                   0x08000359   Thumb Code    62  sys_stackheap_outer.o(.text)
    exit                                     0x08000397   Thumb Code    16  exit.o(.text)
    __user_libspace                          0x080003a9   Thumb Code     8  libspace.o(.text)
    __user_perproc_libspace                  0x080003a9   Thumb Code     0  libspace.o(.text)
    __user_perthread_libspace                0x080003a9   Thumb Code     0  libspace.o(.text)
    _sys_exit                                0x080003b1   Thumb Code     8  sys_exit.o(.text)
    __I$use$semihosting                      0x080003bd   Thumb Code     0  use_no_semi.o(.text)
    __use_no_semihosting_swi                 0x080003bd   Thumb Code     2  use_no_semi.o(.text)
    __decompress                             0x080003bf   Thumb Code     0  __dclz77c.o(.text)
    __decompress2                            0x080003bf   Thumb Code    96  __dclz77c.o(.text)
    __semihosting_library_function           0x080003bf   Thumb Code     0  indicate_semi.o(.text)
    main                                     0x08000421   Thumb Code    44  system_air001xx.o(i.$Sub$$main)
    Error_Handler                            0x080004b5   Thumb Code     2  air001xx_it.o(i.Error_Handler)
    GPIO_Init                                0x080004b9   Thumb Code   140  gpio.o(i.GPIO_Init)
    HAL_DMA_Abort_IT                         0x08000551   Thumb Code   114  air001xx_hal_dma.o(i.HAL_DMA_Abort_IT)
    HAL_Delay                                0x080005c9   Thumb Code    38  air001xx_hal.o(i.HAL_Delay)
    HAL_GPIO_DeInit                          0x080005f5   Thumb Code   234  air001xx_hal_gpio.o(i.HAL_GPIO_DeInit)
    HAL_GPIO_Init                            0x080006e9   Thumb Code   428  air001xx_hal_gpio.o(i.HAL_GPIO_Init)
    HAL_GPIO_ReadPin                         0x0800089d   Thumb Code    18  air001xx_hal_gpio.o(i.HAL_GPIO_ReadPin)
    HAL_GPIO_WritePin                        0x080008af   Thumb Code    12  air001xx_hal_gpio.o(i.HAL_GPIO_WritePin)
    HAL_GetTick                              0x080008bd   Thumb Code     6  air001xx_hal.o(i.HAL_GetTick)
    HAL_IncTick                              0x080008c9   Thumb Code    16  air001xx_hal.o(i.HAL_IncTick)
    HAL_Init                                 0x080008e1   Thumb Code    26  air001xx_hal.o(i.HAL_Init)
    HAL_InitTick                             0x080008fd   Thumb Code    82  air001xx_hal.o(i.HAL_InitTick)
    HAL_MspInit                              0x0800095d   Thumb Code    64  main.o(i.HAL_MspInit)
    HAL_NVIC_DisableIRQ                      0x080009a1   Thumb Code    30  air001xx_hal_cortex.o(i.HAL_NVIC_DisableIRQ)
    HAL_NVIC_EnableIRQ                       0x080009c5   Thumb Code    30  air001xx_hal_cortex.o(i.HAL_NVIC_EnableIRQ)
    HAL_NVIC_SetPriority                     0x080009e9   Thumb Code    18  air001xx_hal_cortex.o(i.HAL_NVIC_SetPriority)
    HAL_RCC_ClockConfig                      0x080009fd   Thumb Code   442  air001xx_hal_rcc.o(i.HAL_RCC_ClockConfig)
    HAL_RCC_GetSysClockFreq                  0x08000bd1   Thumb Code   200  air001xx_hal_rcc.o(i.HAL_RCC_GetSysClockFreq)
    HAL_RCC_OscConfig                        0x08000ca9   Thumb Code  1480  air001xx_hal_rcc.o(i.HAL_RCC_OscConfig)
    HAL_SPI_DeInit                           0x0800127d   Thumb Code    58  air001xx_hal_spi.o(i.HAL_SPI_DeInit)
    HAL_SPI_ErrorCallback                    0x080012b7   Thumb Code     2  air001xx_hal_spi.o(i.HAL_SPI_ErrorCallback)
    HAL_SPI_IRQHandler                       0x080012b9   Thumb Code   358  air001xx_hal_spi.o(i.HAL_SPI_IRQHandler)
    HAL_SPI_Init                             0x08001425   Thumb Code   140  air001xx_hal_spi.o(i.HAL_SPI_Init)
    HAL_SPI_MspDeInit                        0x080014b1   Thumb Code    62  spi.o(i.HAL_SPI_MspDeInit)
    HAL_SPI_MspInit                          0x080014f9   Thumb Code   176  spi.o(i.HAL_SPI_MspInit)
    HAL_SPI_Transmit                         0x080015b1   Thumb Code   450  air001xx_hal_spi.o(i.HAL_SPI_Transmit)
    HAL_SYSTICK_Config                       0x08001775   Thumb Code    46  air001xx_hal_cortex.o(i.HAL_SYSTICK_Config)
    HAL_TIM_PWM_ConfigChannel                0x080017ad   Thumb Code   274  air001xx_hal_tim.o(i.HAL_TIM_PWM_ConfigChannel)
    HAL_TIM_PWM_Init                         0x080018bf   Thumb Code    56  air001xx_hal_tim.o(i.HAL_TIM_PWM_Init)
    HAL_TIM_PWM_MspInit                      0x080018f9   Thumb Code   106  tim.o(i.HAL_TIM_PWM_MspInit)
    HAL_TIM_PWM_Start                        0x08001971   Thumb Code    92  air001xx_hal_tim.o(i.HAL_TIM_PWM_Start)
    HardFault_Handler                        0x080019d9   Thumb Code     4  air001xx_it.o(i.HardFault_Handler)
    Lcd_DrawNums                             0x080019dd   Thumb Code   126  st7735.o(i.Lcd_DrawNums)
    Lcd_DrawWrods                            0x08001a61   Thumb Code   168  st7735.o(i.Lcd_DrawWrods)
    Lcd_Fill                                 0x08001b0d   Thumb Code    68  st7735.o(i.Lcd_Fill)
    Lcd_Set_Address                          0x08001b51   Thumb Code   110  st7735.o(i.Lcd_Set_Address)
    Lcd_Write_Cmd                            0x08001bc1   Thumb Code    32  st7735.o(i.Lcd_Write_Cmd)
    Lcd_Write_Data                           0x08001be5   Thumb Code    12  st7735.o(i.Lcd_Write_Data)
    Lcd_disPlayPicture                       0x08001bf1   Thumb Code    50  st7735.o(i.Lcd_disPlayPicture)
    Lcd_time                                 0x08001c29   Thumb Code  1678  st7735.o(i.Lcd_time)
    MX_SPI1_Init                             0x080022c9   Thumb Code    58  spi.o(i.MX_SPI1_Init)
    MX_TIM3_Init                             0x0800230d   Thumb Code    76  tim.o(i.MX_TIM3_Init)
    NMI_Handler                              0x08002365   Thumb Code     2  air001xx_it.o(i.NMI_Handler)
    PendSV_Handler                           0x08002367   Thumb Code     2  air001xx_it.o(i.PendSV_Handler)
    SPI1_IRQHandler                          0x08002385   Thumb Code    10  air001xx_it.o(i.SPI1_IRQHandler)
    SPI_GPIO                                 0x08002415   Thumb Code   118  st7735.o(i.SPI_GPIO)
    SPI_Write_Data                           0x0800261d   Thumb Code    42  st7735.o(i.SPI_Write_Data)
    ST7735_Init                              0x0800264d   Thumb Code   564  st7735.o(i.ST7735_Init)
    SVC_Handler                              0x08002889   Thumb Code     2  air001xx_it.o(i.SVC_Handler)
    SysTick_Handler                          0x0800288b   Thumb Code     8  air001xx_it.o(i.SysTick_Handler)
    SystemInit                               0x08002895   Thumb Code    32  system_air001xx.o(i.SystemInit)
    TIM_Base_SetConfig                       0x080028c1   Thumb Code   122  air001xx_hal_tim.o(i.TIM_Base_SetConfig)
    TIM_CCxChannelCmd                        0x08002951   Thumb Code    34  air001xx_hal_tim.o(i.TIM_CCxChannelCmd)
    TIM_OC2_SetConfig                        0x08002a11   Thumb Code   162  air001xx_hal_tim.o(i.TIM_OC2_SetConfig)
    __ARM_common_switch8                     0x08002be5   Thumb Code    28  st7735.o(i.__ARM_common_switch8)
    $Super$$main                             0x08002c79   Thumb Code    68  main.o(i.main)
    gImage_33                                0x08002cc0   Data        3600  st7735.o(.constdata)
    AHBPrescTable                            0x08003ae4   Data          64  system_air001xx.o(.constdata)
    APBPrescTable                            0x08003b24   Data          32  system_air001xx.o(.constdata)
    HSIFreqTable                             0x08003b44   Data          32  system_air001xx.o(.constdata)
    Region$$Table$$Base                      0x08003b64   Number         0  anon$$obj.o(Region$$Table)
    Region$$Table$$Limit                     0x08003b84   Number         0  anon$$obj.o(Region$$Table)
    VECT_SRAM_TAB                            0x20000000   Data         192  system_air001xx.o(.ARM.__at_0x20000000)
    font                                     0x200000c0   Data         128  st7735.o(.data)
    num                                      0x20000140   Data        1408  st7735.o(.data)
    uwTick                                   0x200006c0   Data           4  air001xx_hal.o(.data)
    uwTickPrio                               0x200006c4   Data           4  air001xx_hal.o(.data)
    uwTickFreq                               0x200006c8   Data           4  air001xx_hal.o(.data)
    SystemCoreClock                          0x200006cc   Data           4  system_air001xx.o(.data)
    Spi1Handle                               0x200006d0   Data          80  main.o(.bss)
    htim3                                    0x20000720   Data          64  tim.o(.bss)
    sConfigOC                                0x20000760   Data          28  tim.o(.bss)
    __libspace_start                         0x2000077c   Data          96  libspace.o(.bss)
    __temporary_stack_top$libspace           0x200007dc   Data           0  libspace.o(.bss)



==============================================================================

Memory Map of the image

  Image Entry point : 0x080000c1

  Load Region LR_IROM1 (Base: 0x08000000, Size: 0x00004254, Max: 0x00008000, ABSOLUTE, COMPRESSED[0x00003d6c])

    Execution Region ER_IROM1 (Exec base: 0x08000000, Load base: 0x08000000, Size: 0x00003b84, Max: 0x00008000, ABSOLUTE)

    Exec Addr    Load Addr    Size         Type   Attr      Idx    E Section Name        Object

    0x08000000   0x08000000   0x000000c0   Data   RO         2725    RESET               startup_air001_dev.o
    0x080000c0   0x080000c0   0x00000008   Code   RO         2784  * !!!main             c_p.l(__main.o)
    0x080000c8   0x080000c8   0x0000003c   Code   RO         2957    !!!scatter          c_p.l(__scatter.o)
    0x08000104   0x08000104   0x0000001c   Code   RO         2959    !!handler_zi        c_p.l(__scatter_zi.o)
    0x08000120   0x08000120   0x00000002   Code   RO         2822    .ARM.Collect$$libinit$$00000000  c_p.l(libinit.o)
    0x08000122   0x08000122   0x00000000   Code   RO         2836    .ARM.Collect$$libinit$$00000002  c_p.l(libinit2.o)
    0x08000122   0x08000122   0x00000000   Code   RO         2838    .ARM.Collect$$libinit$$00000004  c_p.l(libinit2.o)
    0x08000122   0x08000122   0x00000000   Code   RO         2841    .ARM.Collect$$libinit$$0000000A  c_p.l(libinit2.o)
    0x08000122   0x08000122   0x00000000   Code   RO         2843    .ARM.Collect$$libinit$$0000000C  c_p.l(libinit2.o)
    0x08000122   0x08000122   0x00000000   Code   RO         2845    .ARM.Collect$$libinit$$0000000E  c_p.l(libinit2.o)
    0x08000122   0x08000122   0x00000000   Code   RO         2848    .ARM.Collect$$libinit$$00000011  c_p.l(libinit2.o)
    0x08000122   0x08000122   0x00000000   Code   RO         2850    .ARM.Collect$$libinit$$00000013  c_p.l(libinit2.o)
    0x08000122   0x08000122   0x00000000   Code   RO         2852    .ARM.Collect$$libinit$$00000015  c_p.l(libinit2.o)
    0x08000122   0x08000122   0x00000000   Code   RO         2854    .ARM.Collect$$libinit$$00000017  c_p.l(libinit2.o)
    0x08000122   0x08000122   0x00000000   Code   RO         2856    .ARM.Collect$$libinit$$00000019  c_p.l(libinit2.o)
    0x08000122   0x08000122   0x00000000   Code   RO         2858    .ARM.Collect$$libinit$$0000001B  c_p.l(libinit2.o)
    0x08000122   0x08000122   0x00000000   Code   RO         2860    .ARM.Collect$$libinit$$0000001D  c_p.l(libinit2.o)
    0x08000122   0x08000122   0x00000000   Code   RO         2862    .ARM.Collect$$libinit$$0000001F  c_p.l(libinit2.o)
    0x08000122   0x08000122   0x00000000   Code   RO         2864    .ARM.Collect$$libinit$$00000021  c_p.l(libinit2.o)
    0x08000122   0x08000122   0x00000000   Code   RO         2866    .ARM.Collect$$libinit$$00000023  c_p.l(libinit2.o)
    0x08000122   0x08000122   0x00000000   Code   RO         2868    .ARM.Collect$$libinit$$00000025  c_p.l(libinit2.o)
    0x08000122   0x08000122   0x00000000   Code   RO         2872    .ARM.Collect$$libinit$$0000002C  c_p.l(libinit2.o)
    0x08000122   0x08000122   0x00000000   Code   RO         2874    .ARM.Collect$$libinit$$0000002E  c_p.l(libinit2.o)
    0x08000122   0x08000122   0x00000000   Code   RO         2876    .ARM.Collect$$libinit$$00000030  c_p.l(libinit2.o)
    0x08000122   0x08000122   0x00000000   Code   RO         2878    .ARM.Collect$$libinit$$00000032  c_p.l(libinit2.o)
    0x08000122   0x08000122   0x00000002   Code   RO         2879    .ARM.Collect$$libinit$$00000033  c_p.l(libinit2.o)
    0x08000124   0x08000124   0x00000002   Code   RO         2910    .ARM.Collect$$libshutdown$$00000000  c_p.l(libshutdown.o)
    0x08000126   0x08000126   0x00000000   Code   RO         2936    .ARM.Collect$$libshutdown$$00000002  c_p.l(libshutdown2.o)
    0x08000126   0x08000126   0x00000000   Code   RO         2938    .ARM.Collect$$libshutdown$$00000004  c_p.l(libshutdown2.o)
    0x08000126   0x08000126   0x00000000   Code   RO         2940    .ARM.Collect$$libshutdown$$00000006  c_p.l(libshutdown2.o)
    0x08000126   0x08000126   0x00000000   Code   RO         2943    .ARM.Collect$$libshutdown$$00000009  c_p.l(libshutdown2.o)
    0x08000126   0x08000126   0x00000000   Code   RO         2946    .ARM.Collect$$libshutdown$$0000000C  c_p.l(libshutdown2.o)
    0x08000126   0x08000126   0x00000000   Code   RO         2948    .ARM.Collect$$libshutdown$$0000000E  c_p.l(libshutdown2.o)
    0x08000126   0x08000126   0x00000000   Code   RO         2951    .ARM.Collect$$libshutdown$$00000011  c_p.l(libshutdown2.o)
    0x08000126   0x08000126   0x00000002   Code   RO         2952    .ARM.Collect$$libshutdown$$00000012  c_p.l(libshutdown2.o)
    0x08000128   0x08000128   0x00000000   Code   RO         2786    .ARM.Collect$$rtentry$$00000000  c_p.l(__rtentry.o)
    0x08000128   0x08000128   0x00000000   Code   RO         2792    .ARM.Collect$$rtentry$$00000002  c_p.l(__rtentry2.o)
    0x08000128   0x08000128   0x00000006   Code   RO         2804    .ARM.Collect$$rtentry$$00000004  c_p.l(__rtentry4.o)
    0x0800012e   0x0800012e   0x00000000   Code   RO         2794    .ARM.Collect$$rtentry$$00000009  c_p.l(__rtentry2.o)
    0x0800012e   0x0800012e   0x00000004   Code   RO         2795    .ARM.Collect$$rtentry$$0000000A  c_p.l(__rtentry2.o)
    0x08000132   0x08000132   0x00000000   Code   RO         2797    .ARM.Collect$$rtentry$$0000000C  c_p.l(__rtentry2.o)
    0x08000132   0x08000132   0x00000008   Code   RO         2798    .ARM.Collect$$rtentry$$0000000D  c_p.l(__rtentry2.o)
    0x0800013a   0x0800013a   0x00000002   Code   RO         2827    .ARM.Collect$$rtexit$$00000000  c_p.l(rtexit.o)
    0x0800013c   0x0800013c   0x00000000   Code   RO         2883    .ARM.Collect$$rtexit$$00000002  c_p.l(rtexit2.o)
    0x0800013c   0x0800013c   0x00000004   Code   RO         2884    .ARM.Collect$$rtexit$$00000003  c_p.l(rtexit2.o)
    0x08000140   0x08000140   0x00000006   Code   RO         2885    .ARM.Collect$$rtexit$$00000004  c_p.l(rtexit2.o)
    0x08000146   0x08000146   0x00000002   PAD
    0x08000148   0x08000148   0x00000038   Code   RO         2772    .emb_text           c_p.l(rt_memcpy.o)
    0x08000180   0x08000180   0x00000038   Code   RO         2726    .text               startup_air001_dev.o
    0x080001b8   0x080001b8   0x00000040   Code   RO         2776    .text               c_p.l(rt_memclr.o)
    0x080001f8   0x080001f8   0x0000015a   Code   RO         2778    .text               c_p.l(aeabi_sdiv.o)
    0x08000352   0x08000352   0x00000006   Code   RO         2782    .text               c_p.l(heapauxi.o)
    0x08000358   0x08000358   0x0000003e   Code   RO         2808    .text               c_p.l(sys_stackheap_outer.o)
    0x08000396   0x08000396   0x00000010   Code   RO         2811    .text               c_p.l(exit.o)
    0x080003a6   0x080003a6   0x00000002   PAD
    0x080003a8   0x080003a8   0x00000008   Code   RO         2823    .text               c_p.l(libspace.o)
    0x080003b0   0x080003b0   0x0000000c   Code   RO         2880    .text               c_p.l(sys_exit.o)
    0x080003bc   0x080003bc   0x00000002   Code   RO         2899    .text               c_p.l(use_no_semi.o)
    0x080003be   0x080003be   0x00000000   Code   RO         2901    .text               c_p.l(indicate_semi.o)
    0x080003be   0x080003be   0x00000060   Code   RO         2955    .text               c_p.l(__dclz77c.o)
    0x0800041e   0x0800041e   0x00000002   PAD
    0x08000420   0x08000420   0x00000034   Code   RO         2732    i.$Sub$$main        system_air001xx.o
    0x08000454   0x08000454   0x00000060   Code   RO            3    i.APP_SystemClockConfig  main.o
    0x080004b4   0x080004b4   0x00000002   Code   RO          260    i.Error_Handler     air001xx_it.o
    0x080004b6   0x080004b6   0x00000002   PAD
    0x080004b8   0x080004b8   0x00000098   Code   RO          360    i.GPIO_Init         gpio.o
    0x08000550   0x08000550   0x00000078   Code   RO         1255    i.HAL_DMA_Abort_IT  air001xx_hal_dma.o
    0x080005c8   0x080005c8   0x0000002c   Code   RO          423    i.HAL_Delay         air001xx_hal.o
    0x080005f4   0x080005f4   0x000000f4   Code   RO          738    i.HAL_GPIO_DeInit   air001xx_hal_gpio.o
    0x080006e8   0x080006e8   0x000001b4   Code   RO          741    i.HAL_GPIO_Init     air001xx_hal_gpio.o
    0x0800089c   0x0800089c   0x00000012   Code   RO          743    i.HAL_GPIO_ReadPin  air001xx_hal_gpio.o
    0x080008ae   0x080008ae   0x0000000c   Code   RO          745    i.HAL_GPIO_WritePin  air001xx_hal_gpio.o
    0x080008ba   0x080008ba   0x00000002   PAD
    0x080008bc   0x080008bc   0x0000000c   Code   RO          427    i.HAL_GetTick       air001xx_hal.o
    0x080008c8   0x080008c8   0x00000018   Code   RO          433    i.HAL_IncTick       air001xx_hal.o
    0x080008e0   0x080008e0   0x0000001a   Code   RO          434    i.HAL_Init          air001xx_hal.o
    0x080008fa   0x080008fa   0x00000002   PAD
    0x080008fc   0x080008fc   0x00000060   Code   RO          435    i.HAL_InitTick      air001xx_hal.o
    0x0800095c   0x0800095c   0x00000044   Code   RO            4    i.HAL_MspInit       main.o
    0x080009a0   0x080009a0   0x00000024   Code   RO         1156    i.HAL_NVIC_DisableIRQ  air001xx_hal_cortex.o
    0x080009c4   0x080009c4   0x00000024   Code   RO         1157    i.HAL_NVIC_EnableIRQ  air001xx_hal_cortex.o
    0x080009e8   0x080009e8   0x00000012   Code   RO         1161    i.HAL_NVIC_SetPriority  air001xx_hal_cortex.o
    0x080009fa   0x080009fa   0x00000002   PAD
    0x080009fc   0x080009fc   0x000001d4   Code   RO          577    i.HAL_RCC_ClockConfig  air001xx_hal_rcc.o
    0x08000bd0   0x08000bd0   0x000000d8   Code   RO          586    i.HAL_RCC_GetSysClockFreq  air001xx_hal_rcc.o
    0x08000ca8   0x08000ca8   0x000005d4   Code   RO          590    i.HAL_RCC_OscConfig  air001xx_hal_rcc.o
    0x0800127c   0x0800127c   0x0000003a   Code   RO          810    i.HAL_SPI_DeInit    air001xx_hal_spi.o
    0x080012b6   0x080012b6   0x00000002   Code   RO          811    i.HAL_SPI_ErrorCallback  air001xx_hal_spi.o
    0x080012b8   0x080012b8   0x0000016c   Code   RO          814    i.HAL_SPI_IRQHandler  air001xx_hal_spi.o
    0x08001424   0x08001424   0x0000008c   Code   RO          815    i.HAL_SPI_Init      air001xx_hal_spi.o
    0x080014b0   0x080014b0   0x00000048   Code   RO          324    i.HAL_SPI_MspDeInit  spi.o
    0x080014f8   0x080014f8   0x000000b8   Code   RO          325    i.HAL_SPI_MspInit   spi.o
    0x080015b0   0x080015b0   0x000001c2   Code   RO          823    i.HAL_SPI_Transmit  air001xx_hal_spi.o
    0x08001772   0x08001772   0x00000002   PAD
    0x08001774   0x08001774   0x00000038   Code   RO         1165    i.HAL_SYSTICK_Config  air001xx_hal_cortex.o
    0x080017ac   0x080017ac   0x00000112   Code   RO         1659    i.HAL_TIM_PWM_ConfigChannel  air001xx_hal_tim.o
    0x080018be   0x080018be   0x00000038   Code   RO         1662    i.HAL_TIM_PWM_Init  air001xx_hal_tim.o
    0x080018f6   0x080018f6   0x00000002   PAD
    0x080018f8   0x080018f8   0x00000078   Code   RO          384    i.HAL_TIM_PWM_MspInit  tim.o
    0x08001970   0x08001970   0x00000068   Code   RO         1667    i.HAL_TIM_PWM_Start  air001xx_hal_tim.o
    0x080019d8   0x080019d8   0x00000004   Code   RO          261    i.HardFault_Handler  air001xx_it.o
    0x080019dc   0x080019dc   0x00000084   Code   RO          139    i.Lcd_DrawNums      st7735.o
    0x08001a60   0x08001a60   0x000000ac   Code   RO          142    i.Lcd_DrawWrods     st7735.o
    0x08001b0c   0x08001b0c   0x00000044   Code   RO          143    i.Lcd_Fill          st7735.o
    0x08001b50   0x08001b50   0x0000006e   Code   RO          144    i.Lcd_Set_Address   st7735.o
    0x08001bbe   0x08001bbe   0x00000002   PAD
    0x08001bc0   0x08001bc0   0x00000024   Code   RO          145    i.Lcd_Write_Cmd     st7735.o
    0x08001be4   0x08001be4   0x0000000c   Code   RO          146    i.Lcd_Write_Data    st7735.o
    0x08001bf0   0x08001bf0   0x00000038   Code   RO          148    i.Lcd_disPlayPicture  st7735.o
    0x08001c28   0x08001c28   0x000006a0   Code   RO          149    i.Lcd_time          st7735.o
    0x080022c8   0x080022c8   0x00000044   Code   RO          326    i.MX_SPI1_Init      spi.o
    0x0800230c   0x0800230c   0x00000058   Code   RO          385    i.MX_TIM3_Init      tim.o
    0x08002364   0x08002364   0x00000002   Code   RO          262    i.NMI_Handler       air001xx_it.o
    0x08002366   0x08002366   0x00000002   Code   RO          263    i.PendSV_Handler    air001xx_it.o
    0x08002368   0x08002368   0x0000001c   Code   RO          591    i.RCC_GetHSIFreq    air001xx_hal_rcc.o
    0x08002384   0x08002384   0x00000010   Code   RO          264    i.SPI1_IRQHandler   air001xx_it.o
    0x08002394   0x08002394   0x00000014   Code   RO          842    i.SPI_DMAAbortOnError  air001xx_hal_spi.o
    0x080023a8   0x080023a8   0x0000006a   Code   RO          853    i.SPI_EndRxTxTransaction  air001xx_hal_spi.o
    0x08002412   0x08002412   0x00000002   PAD
    0x08002414   0x08002414   0x00000080   Code   RO          150    i.SPI_GPIO          st7735.o
    0x08002494   0x08002494   0x000000d4   Code   RO          858    i.SPI_WaitFifoStateUntilTimeout  air001xx_hal_spi.o
    0x08002568   0x08002568   0x000000b4   Code   RO          859    i.SPI_WaitFlagStateUntilTimeout  air001xx_hal_spi.o
    0x0800261c   0x0800261c   0x00000030   Code   RO          151    i.SPI_Write_Data    st7735.o
    0x0800264c   0x0800264c   0x0000023c   Code   RO          152    i.ST7735_Init       st7735.o
    0x08002888   0x08002888   0x00000002   Code   RO          265    i.SVC_Handler       air001xx_it.o
    0x0800288a   0x0800288a   0x00000008   Code   RO          266    i.SysTick_Handler   air001xx_it.o
    0x08002892   0x08002892   0x00000002   PAD
    0x08002894   0x08002894   0x0000002c   Code   RO         2734    i.SystemInit        system_air001xx.o
    0x080028c0   0x080028c0   0x00000090   Code   RO         1680    i.TIM_Base_SetConfig  air001xx_hal_tim.o
    0x08002950   0x08002950   0x00000022   Code   RO         1681    i.TIM_CCxChannelCmd  air001xx_hal_tim.o
    0x08002972   0x08002972   0x00000002   PAD
    0x08002974   0x08002974   0x0000009c   Code   RO         1693    i.TIM_OC1_SetConfig  air001xx_hal_tim.o
    0x08002a10   0x08002a10   0x000000b0   Code   RO         1694    i.TIM_OC2_SetConfig  air001xx_hal_tim.o
    0x08002ac0   0x08002ac0   0x000000ac   Code   RO         1695    i.TIM_OC3_SetConfig  air001xx_hal_tim.o
    0x08002b6c   0x08002b6c   0x00000078   Code   RO         1696    i.TIM_OC4_SetConfig  air001xx_hal_tim.o
    0x08002be4   0x08002be4   0x0000001c   Code   RO          236    i.__ARM_common_switch8  st7735.o
    0x08002c00   0x08002c00   0x00000078   Code   RO         1167    i.__NVIC_SetPriority  air001xx_hal_cortex.o
    0x08002c78   0x08002c78   0x00000048   Code   RO            5    i.main              main.o
    0x08002cc0   0x08002cc0   0x00000e10   Data   RO          153    .constdata          st7735.o
    0x08003ad0   0x08003ad0   0x00000014   Data   RO          592    .constdata          air001xx_hal_rcc.o
    0x08003ae4   0x08003ae4   0x00000080   Data   RO         2736    .constdata          system_air001xx.o
    0x08003b64   0x08003b64   0x00000020   Data   RO         2953    Region$$Table       anon$$obj.o


    Execution Region RW_IRAM1 (Exec base: 0x20000000, Load base: 0x08003b84, Size: 0x00000de0, Max: 0x00001000, ABSOLUTE, COMPRESSED[0x000001e8])

    Exec Addr    Load Addr    Size         Type   Attr      Idx    E Section Name        Object

    0x20000000   COMPRESSED   0x000000c0   Data   RW         2735    .ARM.__at_0x20000000  system_air001xx.o
    0x200000c0   COMPRESSED   0x00000600   Data   RW          154    .data               st7735.o
    0x200006c0   COMPRESSED   0x0000000c   Data   RW          442    .data               air001xx_hal.o
    0x200006cc   COMPRESSED   0x00000004   Data   RW         2737    .data               system_air001xx.o
    0x200006d0        -       0x00000050   Zero   RW            6    .bss                main.o
    0x20000720        -       0x0000005c   Zero   RW          386    .bss                tim.o
    0x2000077c        -       0x00000060   Zero   RW         2824    .bss                c_p.l(libspace.o)
    0x200007dc   COMPRESSED   0x00000004   PAD
    0x200007e0        -       0x00000200   Zero   RW         2724    HEAP                startup_air001_dev.o
    0x200009e0        -       0x00000400   Zero   RW         2723    STACK               startup_air001_dev.o


==============================================================================

Image component sizes


      Code (inc. data)   RO Data    RW Data    ZI Data      Debug   Object Name

       202         34          0         12          0       3361   air001xx_hal.o
       266         32          0          0          0      10899   air001xx_hal_cortex.o
       120          6          0          0          0       1015   air001xx_hal_dma.o
       710         18          0          0          0       3317   air001xx_hal_gpio.o
      2204         82         20          0          0       4608   air001xx_hal_rcc.o
      1532         14          0          0          0       7340   air001xx_hal_spi.o
      1236         88          0          0          0       6152   air001xx_hal_tim.o
        36          6          0          0          0       2637   air001xx_it.o
       152         12          0          0          0        840   gpio.o
       236         14          0          0         80     243334   main.o
       324         28          0          0          0       1781   spi.o
      3058         82       3600       1536          0       8736   st7735.o
        56         26        192          0       1536        592   startup_air001_dev.o
        96         20        128        196          0       1871   system_air001xx.o
       208         26          0          0         92       1495   tim.o

    ----------------------------------------------------------------------
     10456        488       3972       1744       1708     297978   Object Totals
         0          0         32          0          0          0   (incl. Generated)
        20          0          0          0          0          0   (incl. Padding)

    ----------------------------------------------------------------------

      Code (inc. data)   RO Data    RW Data    ZI Data      Debug   Library Member Name

        96          0          0          0          0          0   __dclz77c.o
         8          0          0          0          0         68   __main.o
         0          0          0          0          0          0   __rtentry.o
        12          0          0          0          0          0   __rtentry2.o
         6          0          0          0          0          0   __rtentry4.o
        60          8          0          0          0          0   __scatter.o
        28          0          0          0          0          0   __scatter_zi.o
       346          0          0          0          0         92   aeabi_sdiv.o
        16          0          0          0          0         68   exit.o
         6          0          0          0          0        136   heapauxi.o
         0          0          0          0          0          0   indicate_semi.o
         2          0          0          0          0          0   libinit.o
         2          0          0          0          0          0   libinit2.o
         2          0          0          0          0          0   libshutdown.o
         2          0          0          0          0          0   libshutdown2.o
         8          4          0          0         96         68   libspace.o
        64          0          0          0          0        108   rt_memclr.o
        56          0          0          0          0         68   rt_memcpy.o
         2          0          0          0          0          0   rtexit.o
        10          0          0          0          0          0   rtexit2.o
        12          4          0          0          0         60   sys_exit.o
        62          0          0          0          0         80   sys_stackheap_outer.o
         2          0          0          0          0         68   use_no_semi.o

    ----------------------------------------------------------------------
       808         16          0          0        100        816   Library Totals
         6          0          0          0          4          0   (incl. Padding)

    ----------------------------------------------------------------------

      Code (inc. data)   RO Data    RW Data    ZI Data      Debug   Library Name

       802         16          0          0         96        816   c_p.l

    ----------------------------------------------------------------------
       808         16          0          0        100        816   Library Totals

    ----------------------------------------------------------------------

==============================================================================


      Code (inc. data)   RO Data    RW Data    ZI Data      Debug   

     11264        504       3972       1744       1808     295786   Grand Totals
     11264        504       3972        488       1808     295786   ELF Image Totals (compressed)
     11264        504       3972        488          0          0   ROM Totals

==============================================================================

    Total RO  Size (Code + RO Data)                15236 (  14.88kB)
    Total RW  Size (RW Data + ZI Data)              3552 (   3.47kB)
    Total ROM Size (Code + RO Data + RW Data)      15724 (  15.36kB)

==============================================================================

