Component: ARM Compiler 5.06 update 7 (build 960) Tool: armlink [4d3601]

==============================================================================

Section Cross References

    main.o(i.APP_SystemClockConfig) refers to rt_memclr.o(.text) for __aeabi_memclr4
    main.o(i.APP_SystemClockConfig) refers to air001xx_hal_rcc.o(i.HAL_RCC_OscConfig) for HAL_RCC_OscConfig
    main.o(i.APP_SystemClockConfig) refers to air001xx_hal_rcc.o(i.HAL_RCC_ClockConfig) for HAL_RCC_ClockConfig
    main.o(i.main) refers to air001xx_hal.o(i.HAL_Init) for HAL_Init
    main.o(i.main) refers to main.o(i.APP_SystemClockConfig) for APP_SystemClockConfig
    main.o(i.main) refers to air001xx_hal.o(i.HAL_Delay) for HAL_Delay
    main.o(i.main) refers to spi.o(i.MX_SPI1_Init) for MX_SPI1_Init
    main.o(i.main) refers to st7735.o(i.ST7735_Init) for ST7735_Init
    main.o(i.main) refers to gpio.o(i.GPIO_Init) for GPIO_Init
    main.o(i.main) refers to st7735.o(i.Lcd_disPlayPicture) for Lcd_disPlayPicture
    main.o(i.main) refers to st7735.o(i.Lcd_time) for Lcd_time
    st7735.o(i.Lcd_DrawNums) refers to st7735.o(i.Lcd_Set_Address) for Lcd_Set_Address
    st7735.o(i.Lcd_DrawNums) refers to st7735.o(i.Lcd_Write_Data) for Lcd_Write_Data
    st7735.o(i.Lcd_DrawNums) refers to st7735.o(.data) for num
    st7735.o(i.Lcd_DrawPoint) refers to st7735.o(i.Lcd_Set_Address) for Lcd_Set_Address
    st7735.o(i.Lcd_DrawPoint) refers to st7735.o(i.Lcd_Write_Data) for Lcd_Write_Data
    st7735.o(i.Lcd_DrawWord) refers to st7735.o(i.Lcd_Set_Address) for Lcd_Set_Address
    st7735.o(i.Lcd_DrawWord) refers to st7735.o(i.Lcd_Write_Data) for Lcd_Write_Data
    st7735.o(i.Lcd_DrawWrods) refers to st7735.o(i.Lcd_Set_Address) for Lcd_Set_Address
    st7735.o(i.Lcd_DrawWrods) refers to st7735.o(i.Lcd_Write_Data) for Lcd_Write_Data
    st7735.o(i.Lcd_DrawWrods) refers to st7735.o(.data) for font
    st7735.o(i.Lcd_Fill) refers to air001xx_hal_gpio.o(i.HAL_GPIO_WritePin) for HAL_GPIO_WritePin
    st7735.o(i.Lcd_Fill) refers to st7735.o(i.Lcd_Set_Address) for Lcd_Set_Address
    st7735.o(i.Lcd_Fill) refers to st7735.o(i.Lcd_Write_Data) for Lcd_Write_Data
    st7735.o(i.Lcd_Set_Address) refers to st7735.o(i.Lcd_Write_Cmd) for Lcd_Write_Cmd
    st7735.o(i.Lcd_Set_Address) refers to st7735.o(i.Lcd_Write_Data) for Lcd_Write_Data
    st7735.o(i.Lcd_Write_Cmd) refers to air001xx_hal_gpio.o(i.HAL_GPIO_WritePin) for HAL_GPIO_WritePin
    st7735.o(i.Lcd_Write_Cmd) refers to st7735.o(i.SPI_Write_Data) for SPI_Write_Data
    st7735.o(i.Lcd_Write_Data) refers to st7735.o(i.SPI_Write_Data) for SPI_Write_Data
    st7735.o(i.Lcd_Write_Data16) refers to st7735.o(i.SPI_Write_Data) for SPI_Write_Data
    st7735.o(i.Lcd_disPlayPicture) refers to st7735.o(i.Lcd_Set_Address) for Lcd_Set_Address
    st7735.o(i.Lcd_disPlayPicture) refers to st7735.o(i.Lcd_Write_Data) for Lcd_Write_Data
    st7735.o(i.Lcd_disPlayPicture) refers to st7735.o(.constdata) for gImage_33
    st7735.o(i.Lcd_time) refers to aeabi_sdiv.o(.text) for __aeabi_idivmod
    st7735.o(i.Lcd_time) refers to st7735.o(i.Lcd_DrawNums) for Lcd_DrawNums
    st7735.o(i.Lcd_time) refers to air001xx_hal.o(i.HAL_Delay) for HAL_Delay
    st7735.o(i.Lcd_time) refers to air001xx_hal_gpio.o(i.HAL_GPIO_ReadPin) for HAL_GPIO_ReadPin
    st7735.o(i.SPI_GPIO) refers to air001xx_hal_gpio.o(i.HAL_GPIO_Init) for HAL_GPIO_Init
    st7735.o(i.SPI_GPIO) refers to air001xx_hal_gpio.o(i.HAL_GPIO_WritePin) for HAL_GPIO_WritePin
    st7735.o(i.SPI_Write_Data) refers to air001xx_hal_gpio.o(i.HAL_GPIO_WritePin) for HAL_GPIO_WritePin
    st7735.o(i.SPI_Write_Data) refers to air001xx_hal_spi.o(i.HAL_SPI_Transmit) for HAL_SPI_Transmit
    st7735.o(i.SPI_Write_Data) refers to main.o(.bss) for Spi1Handle
    st7735.o(i.ST7735_Init) refers to st7735.o(i.SPI_GPIO) for SPI_GPIO
    st7735.o(i.ST7735_Init) refers to air001xx_hal_gpio.o(i.HAL_GPIO_WritePin) for HAL_GPIO_WritePin
    st7735.o(i.ST7735_Init) refers to air001xx_hal.o(i.HAL_Delay) for HAL_Delay
    st7735.o(i.ST7735_Init) refers to st7735.o(i.Lcd_Write_Cmd) for Lcd_Write_Cmd
    st7735.o(i.ST7735_Init) refers to st7735.o(i.Lcd_Write_Data) for Lcd_Write_Data
    st7735.o(i.ST7735_Init) refers to st7735.o(i.Lcd_Fill) for Lcd_Fill
    air001xx_it.o(i.SPI1_IRQHandler) refers to air001xx_hal_spi.o(i.HAL_SPI_IRQHandler) for HAL_SPI_IRQHandler
    air001xx_it.o(i.SPI1_IRQHandler) refers to main.o(.bss) for Spi1Handle
    air001xx_it.o(i.SysTick_Handler) refers to air001xx_hal.o(i.HAL_IncTick) for HAL_IncTick
    spi.o(i.HAL_SPI_MspDeInit) refers to air001xx_hal_gpio.o(i.HAL_GPIO_DeInit) for HAL_GPIO_DeInit
    spi.o(i.HAL_SPI_MspDeInit) refers to air001xx_hal_cortex.o(i.HAL_NVIC_DisableIRQ) for HAL_NVIC_DisableIRQ
    spi.o(i.HAL_SPI_MspInit) refers to air001xx_hal_cortex.o(i.HAL_NVIC_SetPriority) for HAL_NVIC_SetPriority
    spi.o(i.HAL_SPI_MspInit) refers to air001xx_hal_cortex.o(i.HAL_NVIC_EnableIRQ) for HAL_NVIC_EnableIRQ
[...]
    startup_air001_dev.o(RESET) refers to air001xx_it.o(i.HardFault_Handler) for HardFault_Handler
    startup_air001_dev.o(RESET) refers to air001xx_it.o(i.SVC_Handler) for SVC_Handler
    startup_air001_dev.o(RESET) refers to air001xx_it.o(i.PendSV_Handler) for PendSV_Handler
    startup_air001_dev.o(RESET) refers to air001xx_it.o(i.SysTick_Handler) for SysTick_Handler
    startup_air001_dev.o(RESET) refers to air001xx_it.o(i.SPI1_IRQHandler) for SPI1_IRQHandler
    startup_air001_dev.o(.text) refers (Special) to heapauxi.o(.text) for __use_two_region_memory
    startup_air001_dev.o(.text) refers to system_air001xx.o(i.SystemInit) for SystemInit
    startup_air001_dev.o(.text) refers to __main.o(!!!main) for __main
    startup_air001_dev.o(.text) refers to startup_air001_dev.o(HEAP) for Heap_Mem
    startup_air001_dev.o(.text) refers to startup_air001_dev.o(STACK) for Stack_Mem
    system_air001xx.o(i.$Sub$$main) refers to main.o(i.main) for $Super$$main
    system_air001xx.o(i.$Sub$$main) refers to system_air001xx.o(.ARM.__at_0x20000000) for VECT_SRAM_TAB
    system_air001xx.o(i.SystemCoreClockUpdate) refers to aeabi_sdiv.o(.text) for __aeabi_uidivmod
    system_air001xx.o(i.SystemCoreClockUpdate) refers to system_air001xx.o(.data) for SystemCoreClock
    system_air001xx.o(i.SystemCoreClockUpdate) refers to system_air001xx.o(.constdata) for HSIFreqTable
    rt_memcpy.o(.text) refers to rt_memcpy.o(.emb_text) for __aeabi_memcpy4
    __main.o(!!!main) refers to __rtentry.o(.ARM.Collect$$rtentry$$00000000) for __rt_entry
    __rtentry.o(.ARM.Collect$$rtentry$$00000000) refers (Special) to __rtentry2.o(.ARM.Collect$$rtentry$$0000000A) for __rt_entry_li
    __rtentry.o(.ARM.Collect$$rtentry$$00000000) refers (Special) to __rtentry2.o(.ARM.Collect$$rtentry$$0000000D) for __rt_entry_main
    __rtentry.o(.ARM.Collect$$rtentry$$00000000) refers (Special) to __rtentry2.o(.ARM.Collect$$rtentry$$0000000C) for __rt_entry_postli_1
    __rtentry.o(.ARM.Collect$$rtentry$$00000000) refers (Special) to __rtentry2.o(.ARM.Collect$$rtentry$$00000009) for __rt_entry_postsh_1
    __rtentry.o(.ARM.Collect$$rtentry$$00000000) refers (Special) to __rtentry2.o(.ARM.Collect$$rtentry$$00000002) for __rt_entry_presh_1
    __rtentry.o(.ARM.Collect$$rtentry$$00000000) refers (Special) to __rtentry4.o(.ARM.Collect$$rtentry$$00000004) for __rt_entry_sh
    aeabi_idiv0_sigfpe.o(.text) refers to rt_div0.o(.text) for __rt_div0
    __rtentry2.o(.ARM.Collect$$rtentry$$00000008) refers to boardinit2.o(.text) for _platform_post_stackheap_init
    __rtentry2.o(.ARM.Collect$$rtentry$$0000000A) refers to libinit.o(.ARM.Collect$$libinit$$00000000) for __rt_lib_init
    __rtentry2.o(.ARM.Collect$$rtentry$$0000000B) refers to boardinit3.o(.text) for _platform_post_lib_init
    __rtentry2.o(.ARM.Collect$$rtentry$$0000000D) refers to system_air001xx.o(i.$Sub$$main) for main
    __rtentry2.o(.ARM.Collect$$rtentry$$0000000D) refers to exit.o(.text) for exit
    __rtentry2.o(.ARM.exidx) refers to __rtentry2.o(.ARM.Collect$$rtentry$$00000001) for .ARM.Collect$$rtentry$$00000001
    __rtentry2.o(.ARM.exidx) refers to __rtentry2.o(.ARM.Collect$$rtentry$$00000008) for .ARM.Collect$$rtentry$$00000008
    __rtentry2.o(.ARM.exidx) refers to __rtentry2.o(.ARM.Collect$$rtentry$$0000000A) for .ARM.Collect$$rtentry$$0000000A
    __rtentry2.o(.ARM.exidx) refers to __rtentry2.o(.ARM.Collect$$rtentry$$0000000B) for .ARM.Collect$$rtentry$$0000000B
    __rtentry2.o(.ARM.exidx) refers to __rtentry2.o(.ARM.Collect$$rtentry$$0000000D) for .ARM.Collect$$rtentry$$0000000D
    __rtentry4.o(.ARM.Collect$$rtentry$$00000004) refers to sys_stackheap_outer.o(.text) for __user_setup_stackheap
    __rtentry4.o(.ARM.exidx) refers to __rtentry4.o(.ARM.Collect$$rtentry$$00000004) for .ARM.Collect$$rtentry$$00000004
    rt_div0.o(.text) refers to defsig_fpe_outer.o(.text) for __rt_SIGFPE
    sys_stackheap_outer.o(.text) refers to libspace.o(.text) for __user_perproc_libspace
    sys_stackheap_outer.o(.text) refers to startup_air001_dev.o(.text) for __user_initial_stackheap
    sys_stackheap_outer.o(__vectab_stack_and_reset_area) refers to tempstk.o(.text) for __temporary_stack_top
    sys_stackheap_outer.o(__vectab_stack_and_reset_area) refers to __main.o(!!!main) for __main
    exit.o(.text) refers to rtexit.o(.ARM.Collect$$rtexit$$00000000) for __rt_exit
    defsig_fpe_outer.o(.text) refers to defsig_fpe_inner.o(.text) for __rt_SIGFPE_inner
    defsig_fpe_outer.o(.text) refers to defsig_exit.o(.text) for __sig_exit
    defsig_fpe_formal.o(.text) refers to rt_raise.o(.text) for __rt_raise
    libinit.o(.ARM.Collect$$libinit$$00000000) refers (Special) to libinit2.o(.ARM.Collect$$libinit$$0000002E) for __rt_lib_init_alloca_1
    libinit.o(.ARM.Collect$$libinit$$00000000) refers (Special) to libinit2.o(.ARM.Collect$$libinit$$0000002C) for __rt_lib_init_argv_1
    libinit.o(.ARM.Collect$$libinit$$00000000) refers (Special) to libinit2.o(.ARM.Collect$$libinit$$0000001B) for __rt_lib_init_atexit_1
    libinit.o(.ARM.Collect$$libinit$$00000000) refers (Special) to libinit2.o(.ARM.Collect$$libinit$$00000021) for __rt_lib_init_clock_1
    libinit.o(.ARM.Collect$$libinit$$00000000) refers (Special) to libinit2.o(.ARM.Collect$$libinit$$00000032) for __rt_lib_init_cpp_1
    libinit.o(.ARM.Collect$$libinit$$00000000) refers (Special) to libinit2.o(.ARM.Collect$$libinit$$00000030) for __rt_lib_init_exceptions_1
    libinit.o(.ARM.Collect$$libinit$$00000000) refers (Special) to libinit2.o(.ARM.Collect$$libinit$$00000002) for __rt_lib_init_fp_1
    libinit.o(.ARM.Collect$$libinit$$00000000) refers (Special) to libinit2.o(.ARM.Collect$$libinit$$0000001F) for __rt_lib_init_fp_trap_1
    libinit.o(.ARM.Collect$$libinit$$00000000) refers (Special) to libinit2.o(.ARM.Collect$$libinit$$00000023) for __rt_lib_init_getenv_1
    libinit.o(.ARM.Collect$$libinit$$00000000) refers (Special) to libinit2.o(.ARM.Collect$$libinit$$0000000A) for __rt_lib_init_heap_1
    libinit.o(.ARM.Collect$$libinit$$00000000) refers (Special) to libinit2.o(.ARM.Collect$$libinit$$00000011) for __rt_lib_init_lc_collate_1
    libinit.o(.ARM.Collect$$libinit$$00000000) refers (Special) to libinit2.o(.ARM.Collect$$libinit$$00000013) for __rt_lib_init_lc_ctype_1
    libinit.o(.ARM.Collect$$libinit$$00000000) refers (Special) to libinit2.o(.ARM.Collect$$libinit$$00000015) for __rt_lib_init_lc_monetary_1
    libinit.o(.ARM.Collect$$libinit$$00000000) refers (Special) to libinit2.o(.ARM.Collect$$libinit$$00000017) for __rt_lib_init_lc_numeric_1
    libinit.o(.ARM.Collect$$libinit$$00000000) refers (Special) to libinit2.o(.ARM.Collect$$libinit$$00000019) for __rt_lib_init_lc_time_1
    libinit.o(.ARM.Collect$$libinit$$00000000) refers (Special) to libinit2.o(.ARM.Collect$$libinit$$00000004) for __rt_lib_init_preinit_1
    libinit.o(.ARM.Collect$$libinit$$00000000) refers (Special) to libinit2.o(.ARM.Collect$$libinit$$0000000E) for __rt_lib_init_rand_1
    libinit.o(.ARM.Collect$$libinit$$00000000) refers (Special) to libinit2.o(.ARM.Collect$$libinit$$00000033) for __rt_lib_init_return
    libinit.o(.ARM.Collect$$libinit$$00000000) refers (Special) to libinit2.o(.ARM.Collect$$libinit$$0000001D) for __rt_lib_init_signal_1
    libinit.o(.ARM.Collect$$libinit$$00000000) refers (Special) to libinit2.o(.ARM.Collect$$libinit$$00000025) for __rt_lib_init_stdio_1
    libinit.o(.ARM.Collect$$libinit$$00000000) refers (Special) to libinit2.o(.ARM.Collect$$libinit$$0000000C) for __rt_lib_init_user_alloc_1
    libspace.o(.text) refers to libspace.o(.bss) for __libspace_start
    rtexit.o(.ARM.Collect$$rtexit$$00000000) refers (Special) to rtexit2.o(.ARM.Collect$$rtexit$$00000004) for __rt_exit_exit
    rtexit.o(.ARM.Collect$$rtexit$$00000000) refers (Special) to rtexit2.o(.ARM.Collect$$rtexit$$00000003) for __rt_exit_ls
    rtexit.o(.ARM.Collect$$rtexit$$00000000) refers (Special) to rtexit2.o(.ARM.Collect$$rtexit$$00000002) for __rt_exit_prels_1
    rtexit.o(.ARM.exidx) refers (Special) to rtexit2.o(.ARM.Collect$$rtexit$$00000004) for __rt_exit_exit
    rtexit.o(.ARM.exidx) refers (Special) to rtexit2.o(.ARM.Collect$$rtexit$$00000003) for __rt_exit_ls
    rtexit.o(.ARM.exidx) refers (Special) to rtexit2.o(.ARM.Collect$$rtexit$$00000002) for __rt_exit_prels_1
    rtexit.o(.ARM.exidx) refers to rtexit.o(.ARM.Collect$$rtexit$$00000000) for .ARM.Collect$$rtexit$$00000000
    rt_raise.o(.text) refers to __raise.o(.text) for __raise
    rt_raise.o(.text) refers to sys_exit.o(.text) for _sys_exit
    defsig_exit.o(.text) refers to sys_exit.o(.text) for _sys_exit
    defsig_fpe_inner.o(.text) refers to defsig_general.o(.text) for __default_signal_display
    libinit2.o(.ARM.Collect$$libinit$$00000010) refers to libinit2.o(.ARM.Collect$$libinit$$0000000F) for .ARM.Collect$$libinit$$0000000F
    libinit2.o(.ARM.Collect$$libinit$$00000012) refers to libinit2.o(.ARM.Collect$$libinit$$0000000F) for .ARM.Collect$$libinit$$0000000F
    libinit2.o(.ARM.Collect$$libinit$$00000014) refers to libinit2.o(.ARM.Collect$$libinit$$0000000F) for .ARM.Collect$$libinit$$0000000F
    libinit2.o(.ARM.Collect$$libinit$$00000016) refers to libinit2.o(.ARM.Collect$$libinit$$0000000F) for .ARM.Collect$$libinit$$0000000F
    libinit2.o(.ARM.Collect$$libinit$$00000018) refers to libinit2.o(.ARM.Collect$$libinit$$0000000F) for .ARM.Collect$$libinit$$0000000F
    libinit2.o(.ARM.Collect$$libinit$$00000026) refers to argv_veneer.o(.text) for __ARM_argv_veneer
    libinit2.o(.ARM.Collect$$libinit$$00000027) refers to argv_veneer.o(.text) for __ARM_argv_veneer
    sys_exit.o(.text) refers (Special) to use_no_semi.o(.text) for __I$use$semihosting
    sys_exit.o(.text) refers (Special) to indicate_semi.o(.text) for __semihosting_library_function
    rtexit2.o(.ARM.Collect$$rtexit$$00000003) refers to libshutdown.o(.ARM.Collect$$libshutdown$$00000000) for __rt_lib_shutdown
    rtexit2.o(.ARM.Collect$$rtexit$$00000004) refers to sys_exit.o(.text) for _sys_exit
    rtexit2.o(.ARM.exidx) refers to rtexit2.o(.ARM.Collect$$rtexit$$00000001) for .ARM.Collect$$rtexit$$00000001
    rtexit2.o(.ARM.exidx) refers to rtexit2.o(.ARM.Collect$$rtexit$$00000003) for .ARM.Collect$$rtexit$$00000003
    rtexit2.o(.ARM.exidx) refers to rtexit2.o(.ARM.Collect$$rtexit$$00000004) for .ARM.Collect$$rtexit$$00000004
    __raise.o(.text) refers to defsig.o(CL$$defsig) for __default_signal_handler
    defsig_general.o(.text) refers to sys_wrch.o(.text) for _ttywrch
    sys_wrch.o(.text) refers (Special) to use_no_semi.o(.text) for __I$use$semihosting
    sys_wrch.o(.text) refers (Special) to indicate_semi.o(.text) for __semihosting_library_function
    defsig.o(CL$$defsig) refers to defsig_fpe_inner.o(.text) for __rt_SIGFPE_inner
    defsig.o(CL$$defsig) refers to defsig_rtmem_inner.o(.text) for __rt_SIGRTMEM_inner
    _get_argv_nomalloc.o(.text) refers (Special) to hrguard.o(.text) for __heap_region$guard
    _get_argv_nomalloc.o(.text) refers to defsig_rtmem_outer.o(.text) for __rt_SIGRTMEM
    _get_argv_nomalloc.o(.text) refers to sys_command.o(.text) for _sys_command_string
    libshutdown.o(.ARM.Collect$$libshutdown$$00000000) refers (Special) to libshutdown2.o(.ARM.Collect$$libshutdown$$00000004) for __rt_lib_shutdown_cpp_1
    libshutdown.o(.ARM.Collect$$libshutdown$$00000000) refers (Special) to libshutdown2.o(.ARM.Collect$$libshutdown$$00000002) for __rt_lib_shutdown_fini_1
    libshutdown.o(.ARM.Collect$$libshutdown$$00000000) refers (Special) to libshutdown2.o(.ARM.Collect$$libshutdown$$00000009) for __rt_lib_shutdown_fp_trap_1
    libshutdown.o(.ARM.Collect$$libshutdown$$00000000) refers (Special) to libshutdown2.o(.ARM.Collect$$libshutdown$$00000011) for __rt_lib_shutdown_heap_1
    libshutdown.o(.ARM.Collect$$libshutdown$$00000000) refers (Special) to libshutdown2.o(.ARM.Collect$$libshutdown$$00000012) for __rt_lib_shutdown_return
    libshutdown.o(.ARM.Collect$$libshutdown$$00000000) refers (Special) to libshutdown2.o(.ARM.Collect$$libshutdown$$0000000C) for __rt_lib_shutdown_signal_1
    libshutdown.o(.ARM.Collect$$libshutdown$$00000000) refers (Special) to libshutdown2.o(.ARM.Collect$$libshutdown$$00000006) for __rt_lib_shutdown_stdio_1
    libshutdown.o(.ARM.Collect$$libshutdown$$00000000) refers (Special) to libshutdown2.o(.ARM.Collect$$libshutdown$$0000000E) for __rt_lib_shutdown_user_alloc_1
    sys_command.o(.text) refers (Special) to use_no_semi.o(.text) for __I$use$semihosting
    sys_command.o(.text) refers (Special) to indicate_semi.o(.text) for __semihosting_library_function
    defsig_abrt_inner.o(.text) refers to defsig_general.o(.text) for __default_signal_display
    defsig_rtred_inner.o(.text) refers to defsig_general.o(.text) for __default_signal_display
    defsig_rtmem_inner.o(.text) refers to defsig_general.o(.text) for __default_signal_display
    defsig_rtmem_outer.o(.text) refers to defsig_rtmem_inner.o(.text) for __rt_SIGRTMEM_inner
    defsig_rtmem_outer.o(.text) refers to defsig_exit.o(.text) for __sig_exit
    defsig_rtmem_formal.o(.text) refers to rt_raise.o(.text) for __rt_raise
    defsig_stak_inner.o(.text) refers to defsig_general.o(.text) for __default_signal_display
    defsig_pvfn_inner.o(.text) refers to defsig_general.o(.text) for __default_signal_display
    defsig_cppl_inner.o(.text) refers to defsig_general.o(.text) for __default_signal_display
    defsig_segv_inner.o(.text) refers to defsig_general.o(.text) for __default_signal_display
    defsig_other.o(.text) refers to defsig_general.o(.text) for __default_signal_display


==============================================================================

Removing Unused input sections from the image.

    Removing main.o(.rev16_text), (4 bytes).
    Removing main.o(.revsh_text), (4 bytes).
    Removing main.o(.data), (1 bytes).
    Removing st7735.o(.rev16_text), (4 bytes).
    Removing st7735.o(.revsh_text), (4 bytes).
    Removing st7735.o(i.Lcd_DrawPoint), (40 bytes).
    Removing st7735.o(i.Lcd_DrawWord), (116 bytes).
    Removing st7735.o(i.Lcd_DrawWrods), (172 bytes).
    Removing st7735.o(i.Lcd_Write_Data16), (18 bytes).
    Removing air001xx_it.o(.rev16_text), (4 bytes).
    Removing air001xx_it.o(.revsh_text), (4 bytes).
    Removing spi.o(.rev16_text), (4 bytes).
    Removing spi.o(.revsh_text), (4 bytes).
    Removing gpio.o(.rev16_text), (4 bytes).
    Removing gpio.o(.revsh_text), (4 bytes).
    Removing air001xx_hal.o(.rev16_text), (4 bytes).
    Removing air001xx_hal.o(.revsh_text), (4 bytes).
    Removing air001xx_hal.o(i.HAL_DBGMCU_DisableDBGMCUStopMode), (20 bytes).
    Removing air001xx_hal.o(i.HAL_DBGMCU_EnableDBGMCUStopMode), (20 bytes).
    Removing air001xx_hal.o(i.HAL_DeInit), (52 bytes).
    Removing air001xx_hal.o(i.HAL_GetDEVID), (16 bytes).
    Removing air001xx_hal.o(i.HAL_GetHalVersion), (8 bytes).
    Removing air001xx_hal.o(i.HAL_GetREVID), (12 bytes).
    Removing air001xx_hal.o(i.HAL_GetTickFreq), (12 bytes).
    Removing air001xx_hal.o(i.HAL_GetTickPrio), (12 bytes).
    Removing air001xx_hal.o(i.HAL_GetUIDw0), (12 bytes).
    Removing air001xx_hal.o(i.HAL_GetUIDw1), (12 bytes).
    Removing air001xx_hal.o(i.HAL_GetUIDw2), (12 bytes).
    Removing air001xx_hal.o(i.HAL_MspDeInit), (2 bytes).
    Removing air001xx_hal.o(i.HAL_MspInit), (2 bytes).
    Removing air001xx_hal.o(i.HAL_ResumeTick), (20 bytes).
    Removing air001xx_hal.o(i.HAL_SYSCFG_DMA_Req), (16 bytes).
    Removing air001xx_hal.o(i.HAL_SetTickFreq), (44 bytes).
    Removing air001xx_hal.o(i.HAL_SuspendTick), (20 bytes).
    Removing air001xx_hal_rcc.o(.rev16_text), (4 bytes).
    Removing air001xx_hal_rcc.o(.revsh_text), (4 bytes).
    Removing air001xx_hal_rcc.o(i.HAL_RCC_CSSCallback), (2 bytes).
    Removing air001xx_hal_rcc.o(i.HAL_RCC_DeInit), (208 bytes).
    Removing air001xx_hal_rcc.o(i.HAL_RCC_DisableLSECSS), (20 bytes).
    Removing air001xx_hal_rcc.o(i.HAL_RCC_EnableCSS), (20 bytes).
    Removing air001xx_hal_rcc.o(i.HAL_RCC_EnableLSECSS), (20 bytes).
    Removing air001xx_hal_rcc.o(i.HAL_RCC_GetClockConfig), (60 bytes).
    Removing air001xx_hal_rcc.o(i.HAL_RCC_GetHCLKFreq), (12 bytes).
    Removing air001xx_hal_rcc.o(i.HAL_RCC_GetOscConfig), (220 bytes).
    Removing air001xx_hal_rcc.o(i.HAL_RCC_GetPCLK1Freq), (40 bytes).
    Removing air001xx_hal_rcc.o(i.HAL_RCC_LSECSSCallback), (2 bytes).
    Removing air001xx_hal_rcc.o(i.HAL_RCC_MCOConfig), (408 bytes).
    Removing air001xx_hal_rcc.o(i.HAL_RCC_NMI_IRQHandler), (48 bytes).
    Removing air001xx_hal_rcc_ex.o(.rev16_text), (4 bytes).
    Removing air001xx_hal_rcc_ex.o(.revsh_text), (4 bytes).
    Removing air001xx_hal_rcc_ex.o(i.HAL_RCCEx_DisableLSCO), (120 bytes).
    Removing air001xx_hal_rcc_ex.o(i.HAL_RCCEx_EnableLSCO), (196 bytes).
    Removing air001xx_hal_rcc_ex.o(i.HAL_RCCEx_GetPeriphCLKConfig), (68 bytes).
    Removing air001xx_hal_rcc_ex.o(i.HAL_RCCEx_GetPeriphCLKFreq), (548 bytes).
    Removing air001xx_hal_rcc_ex.o(i.HAL_RCCEx_PeriphCLKConfig), (428 bytes).
    Removing air001xx_hal_gpio.o(.rev16_text), (4 bytes).
    Removing air001xx_hal_gpio.o(.revsh_text), (4 bytes).
    Removing air001xx_hal_gpio.o(i.HAL_GPIO_EXTI_Callback), (2 bytes).
    Removing air001xx_hal_gpio.o(i.HAL_GPIO_EXTI_IRQHandler), (32 bytes).
    Removing air001xx_hal_gpio.o(i.HAL_GPIO_LockPin), (50 bytes).
    Removing air001xx_hal_gpio.o(i.HAL_GPIO_TogglePin), (16 bytes).
    Removing air001xx_hal_pwr.o(.rev16_text), (4 bytes).
    Removing air001xx_hal_pwr.o(.revsh_text), (4 bytes).
    Removing air001xx_hal_pwr.o(i.HAL_PWR_ConfigBIAS), (60 bytes).
    Removing air001xx_hal_pwr.o(i.HAL_PWR_ConfigPVD), (204 bytes).
    Removing air001xx_hal_pwr.o(i.HAL_PWR_ConfigStopMode), (44 bytes).
    Removing air001xx_hal_pwr.o(i.HAL_PWR_DeInit), (32 bytes).
    Removing air001xx_hal_pwr.o(i.HAL_PWR_DisableBkUpAccess), (20 bytes).
    Removing air001xx_hal_pwr.o(i.HAL_PWR_DisablePVD), (20 bytes).
    Removing air001xx_hal_pwr.o(i.HAL_PWR_DisableSEVOnPend), (20 bytes).
    Removing air001xx_hal_pwr.o(i.HAL_PWR_DisableSleepOnExit), (20 bytes).
    Removing air001xx_hal_pwr.o(i.HAL_PWR_EnableBkUpAccess), (20 bytes).
    Removing air001xx_hal_pwr.o(i.HAL_PWR_EnablePVD), (20 bytes).
    Removing air001xx_hal_pwr.o(i.HAL_PWR_EnableSEVOnPend), (20 bytes).
    Removing air001xx_hal_pwr.o(i.HAL_PWR_EnableSleepOnExit), (20 bytes).
    Removing air001xx_hal_pwr.o(i.HAL_PWR_EnterSLEEPMode), (32 bytes).
    Removing air001xx_hal_pwr.o(i.HAL_PWR_EnterSTOPMode), (84 bytes).
    Removing air001xx_hal_pwr.o(i.HAL_PWR_PVD_Callback), (2 bytes).
    Removing air001xx_hal_pwr.o(i.HAL_PWR_PVD_IRQHandler), (32 bytes).
    Removing air001xx_hal_pwr_ex.o(.rev16_text), (4 bytes).
    Removing air001xx_hal_pwr_ex.o(.revsh_text), (4 bytes).
    Removing air001xx_hal_flash.o(.rev16_text), (4 bytes).
    Removing air001xx_hal_flash.o(.revsh_text), (4 bytes).
    Removing air001xx_hal_flash.o(i.FLASH_MassErase), (40 bytes).
    Removing air001xx_hal_flash.o(i.FLASH_OB_GetRDP), (24 bytes).
    Removing air001xx_hal_flash.o(i.FLASH_OB_GetUser), (24 bytes).
    Removing air001xx_hal_flash.o(i.FLASH_OB_OptrConfig), (32 bytes).
    Removing air001xx_hal_flash.o(i.FLASH_PageErase), (32 bytes).
    Removing air001xx_hal_flash.o(i.FLASH_Program_Page), (84 bytes).
    Removing air001xx_hal_flash.o(i.FLASH_SectorErase), (24 bytes).
    Removing air001xx_hal_flash.o(i.FLASH_WaitForLastOperation), (60 bytes).
    Removing air001xx_hal_flash.o(i.HAL_FLASH_EndOfOperationCallback), (2 bytes).
    Removing air001xx_hal_flash.o(i.HAL_FLASH_Erase), (584 bytes).
    Removing air001xx_hal_flash.o(i.HAL_FLASH_Erase_IT), (472 bytes).
    Removing air001xx_hal_flash.o(i.HAL_FLASH_GetError), (12 bytes).
    Removing air001xx_hal_flash.o(i.HAL_FLASH_IRQHandler), (288 bytes).
    Removing air001xx_hal_flash.o(i.HAL_FLASH_Lock), (36 bytes).
    Removing air001xx_hal_flash.o(i.HAL_FLASH_OBGetConfig), (80 bytes).
    Removing air001xx_hal_flash.o(i.HAL_FLASH_OBProgram), (536 bytes).
    Removing air001xx_hal_flash.o(i.HAL_FLASH_OB_Launch), (24 bytes).
    Removing air001xx_hal_flash.o(i.HAL_FLASH_OB_Lock), (36 bytes).
    Removing air001xx_hal_flash.o(i.HAL_FLASH_OB_RDP_LevelConfig), (124 bytes).
    Removing air001xx_hal_flash.o(i.HAL_FLASH_OB_Unlock), (52 bytes).
    Removing air001xx_hal_flash.o(i.HAL_FLASH_OperationErrorCallback), (2 bytes).
    Removing air001xx_hal_flash.o(i.HAL_FLASH_PageProgram), (18 bytes).
    Removing air001xx_hal_flash.o(i.HAL_FLASH_PageProgram_IT), (18 bytes).
    Removing air001xx_hal_flash.o(i.HAL_FLASH_Program), (440 bytes).
    Removing air001xx_hal_flash.o(i.HAL_FLASH_Program_IT), (420 bytes).
    Removing air001xx_hal_flash.o(i.HAL_FLASH_Unlock), (52 bytes).
    Removing air001xx_hal_flash.o(.bss), (24 bytes).
    Removing air001xx_hal_flash.o(.constdata), (32 bytes).
    Removing air001xx_hal_spi.o(.rev16_text), (4 bytes).
    Removing air001xx_hal_spi.o(.revsh_text), (4 bytes).
    Removing air001xx_hal_spi.o(i.HAL_SPI_Abort), (472 bytes).
    Removing air001xx_hal_spi.o(i.HAL_SPI_AbortCpltCallback), (2 bytes).
    Removing air001xx_hal_spi.o(i.HAL_SPI_Abort_IT), (404 bytes).
    Removing air001xx_hal_spi.o(i.HAL_SPI_DMAPause), (50 bytes).
    Removing air001xx_hal_spi.o(i.HAL_SPI_DMAResume), (50 bytes).
    Removing air001xx_hal_spi.o(i.HAL_SPI_DMAStop), (80 bytes).
    Removing air001xx_hal_spi.o(i.HAL_SPI_GetError), (6 bytes).
    Removing air001xx_hal_spi.o(i.HAL_SPI_GetState), (8 bytes).
    Removing air001xx_hal_spi.o(i.HAL_SPI_MspDeInit), (2 bytes).
    Removing air001xx_hal_spi.o(i.HAL_SPI_MspInit), (2 bytes).
    Removing air001xx_hal_spi.o(i.HAL_SPI_Receive), (458 bytes).
    Removing air001xx_hal_spi.o(i.HAL_SPI_Receive_DMA), (424 bytes).
    Removing air001xx_hal_spi.o(i.HAL_SPI_Receive_IT), (256 bytes).
    Removing air001xx_hal_spi.o(i.HAL_SPI_RxCpltCallback), (2 bytes).
    Removing air001xx_hal_spi.o(i.HAL_SPI_RxHalfCpltCallback), (2 bytes).
    Removing air001xx_hal_spi.o(i.HAL_SPI_TransmitReceive), (606 bytes).
    Removing air001xx_hal_spi.o(i.HAL_SPI_TransmitReceive_DMA), (588 bytes).
    Removing air001xx_hal_spi.o(i.HAL_SPI_TransmitReceive_IT), (264 bytes).
    Removing air001xx_hal_spi.o(i.HAL_SPI_Transmit_DMA), (348 bytes).
    Removing air001xx_hal_spi.o(i.HAL_SPI_Transmit_IT), (188 bytes).
    Removing air001xx_hal_spi.o(i.HAL_SPI_TxCpltCallback), (2 bytes).
    Removing air001xx_hal_spi.o(i.HAL_SPI_TxHalfCpltCallback), (2 bytes).
    Removing air001xx_hal_spi.o(i.HAL_SPI_TxRxCpltCallback), (2 bytes).
    Removing air001xx_hal_spi.o(i.HAL_SPI_TxRxHalfCpltCallback), (2 bytes).
    Removing air001xx_hal_spi.o(i.SPI_2linesRxISR_16BIT), (56 bytes).
    Removing air001xx_hal_spi.o(i.SPI_2linesRxISR_8BIT), (104 bytes).
    Removing air001xx_hal_spi.o(i.SPI_2linesTxISR_16BIT), (56 bytes).
    Removing air001xx_hal_spi.o(i.SPI_2linesTxISR_8BIT), (84 bytes).
    Removing air001xx_hal_spi.o(i.SPI_AbortRx_ISR), (164 bytes).
    Removing air001xx_hal_spi.o(i.SPI_AbortTx_ISR), (276 bytes).
    Removing air001xx_hal_spi.o(i.SPI_CloseRxTx_ISR), (100 bytes).
    Removing air001xx_hal_spi.o(i.SPI_CloseRx_ISR), (72 bytes).
    Removing air001xx_hal_spi.o(i.SPI_CloseTx_ISR), (98 bytes).
    Removing air001xx_hal_spi.o(i.SPI_DMAError), (40 bytes).
    Removing air001xx_hal_spi.o(i.SPI_DMAHalfReceiveCplt), (14 bytes).
    Removing air001xx_hal_spi.o(i.SPI_DMAHalfTransmitCplt), (14 bytes).
    Removing air001xx_hal_spi.o(i.SPI_DMAHalfTransmitReceiveCplt), (14 bytes).
    Removing air001xx_hal_spi.o(i.SPI_DMAReceiveCplt), (128 bytes).
    Removing air001xx_hal_spi.o(i.SPI_DMARxAbortCallback), (180 bytes).
    Removing air001xx_hal_spi.o(i.SPI_DMATransmitCplt), (128 bytes).
    Removing air001xx_hal_spi.o(i.SPI_DMATransmitReceiveCplt), (104 bytes).
    Removing air001xx_hal_spi.o(i.SPI_DMATxAbortCallback), (176 bytes).
    Removing air001xx_hal_spi.o(i.SPI_EndRxTransaction), (142 bytes).
    Removing air001xx_hal_spi.o(i.SPI_RxISR_16BIT), (38 bytes).
    Removing air001xx_hal_spi.o(i.SPI_RxISR_8BIT), (38 bytes).
    Removing air001xx_hal_spi.o(i.SPI_TxISR_16BIT), (38 bytes).
    Removing air001xx_hal_spi.o(i.SPI_TxISR_8BIT), (38 bytes).
    Removing air001xx_hal_spi_ex.o(.rev16_text), (4 bytes).
    Removing air001xx_hal_spi_ex.o(.revsh_text), (4 bytes).
    Removing air001xx_hal_spi_ex.o(i.HAL_SPIEx_FlushRxFifo), (46 bytes).
    Removing air001xx_hal_dma.o(.rev16_text), (4 bytes).
    Removing air001xx_hal_dma.o(.revsh_text), (4 bytes).
    Removing air001xx_hal_dma.o(i.DMA_SetConfig), (42 bytes).
    Removing air001xx_hal_dma.o(i.HAL_DMA_Abort), (84 bytes).
    Removing air001xx_hal_dma.o(i.HAL_DMA_ChannelMap), (92 bytes).
    Removing air001xx_hal_dma.o(i.HAL_DMA_DeInit), (108 bytes).
    Removing air001xx_hal_dma.o(i.HAL_DMA_GetError), (6 bytes).
    Removing air001xx_hal_dma.o(i.HAL_DMA_GetState), (8 bytes).
    Removing air001xx_hal_dma.o(i.HAL_DMA_IRQHandler), (296 bytes).
    Removing air001xx_hal_dma.o(i.HAL_DMA_Init), (112 bytes).
    Removing air001xx_hal_dma.o(i.HAL_DMA_PollForTransfer), (380 bytes).
    Removing air001xx_hal_dma.o(i.HAL_DMA_RegisterCallback), (92 bytes).
    Removing air001xx_hal_dma.o(i.HAL_DMA_Start), (110 bytes).
    Removing air001xx_hal_dma.o(i.HAL_DMA_Start_IT), (154 bytes).
    Removing air001xx_hal_dma.o(i.HAL_DMA_UnRegisterCallback), (108 bytes).
    Removing air001xx_hal_cortex.o(.rev16_text), (4 bytes).
    Removing air001xx_hal_cortex.o(.revsh_text), (4 bytes).
    Removing air001xx_hal_cortex.o(i.HAL_NVIC_ClearPendingIRQ), (28 bytes).
    Removing air001xx_hal_cortex.o(i.HAL_NVIC_GetPendingIRQ), (48 bytes).
    Removing air001xx_hal_cortex.o(i.HAL_NVIC_GetPriority), (72 bytes).
    Removing air001xx_hal_cortex.o(i.HAL_NVIC_SetPendingIRQ), (28 bytes).
    Removing air001xx_hal_cortex.o(i.HAL_NVIC_SystemReset), (32 bytes).
    Removing air001xx_hal_cortex.o(i.HAL_SYSTICK_CLKSourceConfig), (36 bytes).
    Removing air001xx_hal_cortex.o(i.HAL_SYSTICK_Callback), (2 bytes).
    Removing air001xx_hal_cortex.o(i.HAL_SYSTICK_IRQHandler), (8 bytes).
    Removing air001xx_hal_adc.o(.rev16_text), (4 bytes).
    Removing air001xx_hal_adc.o(.revsh_text), (4 bytes).
    Removing air001xx_hal_adc.o(i.ADC_ConversionStop), (108 bytes).
    Removing air001xx_hal_adc.o(i.ADC_DMAConvCplt), (134 bytes).
    Removing air001xx_hal_adc.o(i.ADC_DMAError), (30 bytes).
    Removing air001xx_hal_adc.o(i.ADC_DMAHalfConvCplt), (14 bytes).
    Removing air001xx_hal_adc.o(i.ADC_Disable), (140 bytes).
    Removing air001xx_hal_adc.o(i.ADC_Enable), (124 bytes).
    Removing air001xx_hal_adc.o(i.HAL_ADC_AnalogWDGConfig), (212 bytes).
    Removing air001xx_hal_adc.o(i.HAL_ADC_Calibration_Start), (192 bytes).
    Removing air001xx_hal_adc.o(i.HAL_ADC_ConfigChannel), (388 bytes).
    Removing air001xx_hal_adc.o(i.HAL_ADC_ConvCpltCallback), (2 bytes).
    Removing air001xx_hal_adc.o(i.HAL_ADC_ConvHalfCpltCallback), (2 bytes).
    Removing air001xx_hal_adc.o(i.HAL_ADC_DeInit), (220 bytes).
    Removing air001xx_hal_adc.o(i.HAL_ADC_ErrorCallback), (2 bytes).
    Removing air001xx_hal_adc.o(i.HAL_ADC_GetCalibStatus), (48 bytes).
    Removing air001xx_hal_adc.o(i.HAL_ADC_GetError), (6 bytes).
    Removing air001xx_hal_adc.o(i.HAL_ADC_GetState), (6 bytes).
    Removing air001xx_hal_adc.o(i.HAL_ADC_GetValue), (8 bytes).
    Removing air001xx_hal_adc.o(i.HAL_ADC_IRQHandler), (278 bytes).
    Removing air001xx_hal_adc.o(i.HAL_ADC_Init), (412 bytes).
    Removing air001xx_hal_adc.o(i.HAL_ADC_LevelOutOfWindowCallback), (2 bytes).
    Removing air001xx_hal_adc.o(i.HAL_ADC_MspDeInit), (2 bytes).
    Removing air001xx_hal_adc.o(i.HAL_ADC_MspInit), (2 bytes).
    Removing air001xx_hal_adc.o(i.HAL_ADC_PollForConversion), (228 bytes).
    Removing air001xx_hal_adc.o(i.HAL_ADC_PollForEvent), (138 bytes).
    Removing air001xx_hal_adc.o(i.HAL_ADC_SetCalibration), (96 bytes).
    Removing air001xx_hal_adc.o(i.HAL_ADC_Start), (112 bytes).
    Removing air001xx_hal_adc.o(i.HAL_ADC_Start_DMA), (188 bytes).
    Removing air001xx_hal_adc.o(i.HAL_ADC_Start_IT), (160 bytes).
    Removing air001xx_hal_adc.o(i.HAL_ADC_Stop), (80 bytes).
    Removing air001xx_hal_adc.o(i.HAL_ADC_Stop_DMA), (136 bytes).
    Removing air001xx_hal_adc.o(i.HAL_ADC_Stop_IT), (92 bytes).
    Removing air001xx_hal_adc_ex.o(.rev16_text), (4 bytes).
    Removing air001xx_hal_adc_ex.o(.revsh_text), (4 bytes).
    Removing air001xx_hal_exti.o(.rev16_text), (4 bytes).
    Removing air001xx_hal_exti.o(.revsh_text), (4 bytes).
    Removing air001xx_hal_tim.o(.rev16_text), (4 bytes).
    Removing air001xx_hal_tim.o(.revsh_text), (4 bytes).
    Removing air001xx_hal_tim_ex.o(.rev16_text), (4 bytes).
    Removing air001xx_hal_tim_ex.o(.revsh_text), (4 bytes).
    Removing system_air001xx.o(.rev16_text), (4 bytes).
    Removing system_air001xx.o(.revsh_text), (4 bytes).
    Removing system_air001xx.o(i.SystemCoreClockUpdate), (212 bytes).
    Removing air001xx_hal_rcc.o(i.__ARM_common_switch8), (28 bytes).

233 unused section(s) (total 19573 bytes) removed from the image.

==============================================================================

Image Symbol Table

    Local Symbols

    Symbol Name                              Value     Ov Type        Size  Object(Section)

    ../clib/../cmprslib/zerorunl2.c          0x00000000   Number         0  __dczerorl2.o ABSOLUTE
    ../clib/angel/boardlib.s                 0x00000000   Number         0  boardinit1.o ABSOLUTE
    ../clib/angel/boardlib.s                 0x00000000   Number         0  boardinit2.o ABSOLUTE
    ../clib/angel/boardlib.s                 0x00000000   Number         0  boardinit3.o ABSOLUTE
    ../clib/angel/boardlib.s                 0x00000000   Number         0  boardshut.o ABSOLUTE
    ../clib/angel/handlers.s                 0x00000000   Number         0  __scatter_zi.o ABSOLUTE
    ../clib/angel/kernel.s                   0x00000000   Number         0  __rtentry2.o ABSOLUTE
    ../clib/angel/kernel.s                   0x00000000   Number         0  __rtentry.o ABSOLUTE
    ../clib/angel/kernel.s                   0x00000000   Number         0  __rtentry4.o ABSOLUTE
    ../clib/angel/kernel.s                   0x00000000   Number         0  rtexit.o ABSOLUTE
    ../clib/angel/kernel.s                   0x00000000   Number         0  rtexit2.o ABSOLUTE
    ../clib/angel/rt.s                       0x00000000   Number         0  aeabi_idiv0_sigfpe.o ABSOLUTE
    ../clib/angel/rt.s                       0x00000000   Number         0  rt_div0.o ABSOLUTE
    ../clib/angel/rt.s                       0x00000000   Number         0  rt_raise.o ABSOLUTE
    ../clib/angel/rt.s                       0x00000000   Number         0  aeabi_idiv0.o ABSOLUTE
    ../clib/angel/scatterp.s                 0x00000000   Number         0  __scatter.o ABSOLUTE
    ../clib/angel/startup.s                  0x00000000   Number         0  __main.o ABSOLUTE
    ../clib/angel/sys.s                      0x00000000   Number         0  tempstk.o ABSOLUTE
    ../clib/angel/sys.s                      0x00000000   Number         0  libspace.o ABSOLUTE
    ../clib/angel/sys.s                      0x00000000   Number         0  sys_stackheap_outer.o ABSOLUTE
    ../clib/angel/sys.s                      0x00000000   Number         0  use_no_semi.o ABSOLUTE
    ../clib/angel/sys.s                      0x00000000   Number         0  indicate_semi.o ABSOLUTE
    ../clib/angel/sysapp.c                   0x00000000   Number         0  sys_exit.o ABSOLUTE
    ../clib/angel/sysapp.c                   0x00000000   Number         0  sys_command.o ABSOLUTE
    ../clib/angel/sysapp.c                   0x00000000   Number         0  sys_wrch.o ABSOLUTE
    ../clib/armsys.c                         0x00000000   Number         0  _get_argv_nomalloc.o ABSOLUTE
    ../clib/armsys.c                         0x00000000   Number         0  argv_veneer.o ABSOLUTE
    ../clib/armsys.c                         0x00000000   Number         0  no_argv.o ABSOLUTE
    ../clib/division.s                       0x00000000   Number         0  aeabi_sdiv_div0.o ABSOLUTE
    ../clib/division.s                       0x00000000   Number         0  aeabi_sdiv.o ABSOLUTE
    ../clib/heapalloc.c                      0x00000000   Number         0  hrguard.o ABSOLUTE
    ../clib/heapaux.c                        0x00000000   Number         0  heapauxi.o ABSOLUTE
    ../clib/libinit.s                        0x00000000   Number         0  libshutdown.o ABSOLUTE
    ../clib/libinit.s                        0x00000000   Number         0  libinit2.o ABSOLUTE
    ../clib/libinit.s                        0x00000000   Number         0  libshutdown2.o ABSOLUTE
    ../clib/libinit.s                        0x00000000   Number         0  libinit.o ABSOLUTE
    ../clib/memcpset.c                       0x00000000   Number         0  rt_memcpy.o ABSOLUTE
    ../clib/memcpset.c                       0x00000000   Number         0  rt_memcpy.o ABSOLUTE
    ../clib/memcpset.c                       0x00000000   Number         0  rt_memclr.o ABSOLUTE
    ../clib/signal.c                         0x00000000   Number         0  defsig_stak_inner.o ABSOLUTE
    ../clib/signal.c                         0x00000000   Number         0  defsig_rtmem_formal.o ABSOLUTE
    ../clib/signal.c                         0x00000000   Number         0  defsig_rtmem_outer.o ABSOLUTE
    ../clib/signal.c                         0x00000000   Number         0  defsig_rtmem_inner.o ABSOLUTE
    ../clib/signal.c                         0x00000000   Number         0  defsig_pvfn_inner.o ABSOLUTE
    ../clib/signal.c                         0x00000000   Number         0  __raise.o ABSOLUTE
    ../clib/signal.c                         0x00000000   Number         0  defsig_rtred_inner.o ABSOLUTE
    ../clib/signal.c                         0x00000000   Number         0  defsig_general.o ABSOLUTE
    ../clib/signal.c                         0x00000000   Number         0  defsig_cppl_inner.o ABSOLUTE
    ../clib/signal.c                         0x00000000   Number         0  defsig_abrt_inner.o ABSOLUTE
    ../clib/signal.c                         0x00000000   Number         0  defsig_segv_inner.o ABSOLUTE
    ../clib/signal.c                         0x00000000   Number         0  defsig_exit.o ABSOLUTE
    ../clib/signal.c                         0x00000000   Number         0  defsig_fpe_inner.o ABSOLUTE
    ../clib/signal.c                         0x00000000   Number         0  defsig_other.o ABSOLUTE
    ../clib/signal.c                         0x00000000   Number         0  defsig_fpe_formal.o ABSOLUTE
    ../clib/signal.c                         0x00000000   Number         0  defsig_fpe_outer.o ABSOLUTE
    ../clib/signal.s                         0x00000000   Number         0  defsig.o ABSOLUTE
    ../clib/stdlib.c                         0x00000000   Number         0  exit.o ABSOLUTE
    ../fplib/cfplib/fpinit.c                 0x00000000   Number         0  fpinit.o ABSOLUTE
    AIR001xx_HAL_Driver\Src\air001xx_hal.c   0x00000000   Number         0  air001xx_hal.o ABSOLUTE
    AIR001xx_HAL_Driver\Src\air001xx_hal_adc.c 0x00000000   Number         0  air001xx_hal_adc.o ABSOLUTE
    AIR001xx_HAL_Driver\Src\air001xx_hal_adc_ex.c 0x00000000   Number         0  air001xx_hal_adc_ex.o ABSOLUTE
    AIR001xx_HAL_Driver\Src\air001xx_hal_cortex.c 0x00000000   Number         0  air001xx_hal_cortex.o ABSOLUTE
    AIR001xx_HAL_Driver\Src\air001xx_hal_dma.c 0x00000000   Number         0  air001xx_hal_dma.o ABSOLUTE
    AIR001xx_HAL_Driver\Src\air001xx_hal_exti.c 0x00000000   Number         0  air001xx_hal_exti.o ABSOLUTE
    AIR001xx_HAL_Driver\Src\air001xx_hal_flash.c 0x00000000   Number         0  air001xx_hal_flash.o ABSOLUTE
    AIR001xx_HAL_Driver\Src\air001xx_hal_gpio.c 0x00000000   Number         0  air001xx_hal_gpio.o ABSOLUTE
    AIR001xx_HAL_Driver\Src\air001xx_hal_pwr.c 0x00000000   Number         0  air001xx_hal_pwr.o ABSOLUTE
    AIR001xx_HAL_Driver\Src\air001xx_hal_pwr_ex.c 0x00000000   Number         0  air001xx_hal_pwr_ex.o ABSOLUTE
    AIR001xx_HAL_Driver\Src\air001xx_hal_rcc.c 0x00000000   Number         0  air001xx_hal_rcc.o ABSOLUTE
    AIR001xx_HAL_Driver\Src\air001xx_hal_rcc_ex.c 0x00000000   Number         0  air001xx_hal_rcc_ex.o ABSOLUTE
    AIR001xx_HAL_Driver\Src\air001xx_hal_spi.c 0x00000000   Number         0  air001xx_hal_spi.o ABSOLUTE
    AIR001xx_HAL_Driver\Src\air001xx_hal_spi_ex.c 0x00000000   Number         0  air001xx_hal_spi_ex.o ABSOLUTE
    AIR001xx_HAL_Driver\Src\air001xx_hal_tim.c 0x00000000   Number         0  air001xx_hal_tim.o ABSOLUTE
    AIR001xx_HAL_Driver\Src\air001xx_hal_tim_ex.c 0x00000000   Number         0  air001xx_hal_tim_ex.o ABSOLUTE
    AIR001xx_HAL_Driver\Src\air001xx_ll_spi.c 0x00000000   Number         0  air001xx_ll_spi.o ABSOLUTE
    AIR001xx_HAL_Driver\\Src\\air001xx_hal.c 0x00000000   Number         0  air001xx_hal.o ABSOLUTE
    AIR001xx_HAL_Driver\\Src\\air001xx_hal_adc.c 0x00000000   Number         0  air001xx_hal_adc.o ABSOLUTE
    AIR001xx_HAL_Driver\\Src\\air001xx_hal_adc_ex.c 0x00000000   Number         0  air001xx_hal_adc_ex.o ABSOLUTE
    AIR001xx_HAL_Driver\\Src\\air001xx_hal_cortex.c 0x00000000   Number         0  air001xx_hal_cortex.o ABSOLUTE
    AIR001xx_HAL_Driver\\Src\\air001xx_hal_dma.c 0x00000000   Number         0  air001xx_hal_dma.o ABSOLUTE
    AIR001xx_HAL_Driver\\Src\\air001xx_hal_exti.c 0x00000000   Number         0  air001xx_hal_exti.o ABSOLUTE
    AIR001xx_HAL_Driver\\Src\\air001xx_hal_flash.c 0x00000000   Number         0  air001xx_hal_flash.o ABSOLUTE
    AIR001xx_HAL_Driver\\Src\\air001xx_hal_gpio.c 0x00000000   Number         0  air001xx_hal_gpio.o ABSOLUTE
    AIR001xx_HAL_Driver\\Src\\air001xx_hal_pwr.c 0x00000000   Number         0  air001xx_hal_pwr.o ABSOLUTE
    AIR001xx_HAL_Driver\\Src\\air001xx_hal_pwr_ex.c 0x00000000   Number         0  air001xx_hal_pwr_ex.o ABSOLUTE
    AIR001xx_HAL_Driver\\Src\\air001xx_hal_rcc.c 0x00000000   Number         0  air001xx_hal_rcc.o ABSOLUTE
    AIR001xx_HAL_Driver\\Src\\air001xx_hal_rcc_ex.c 0x00000000   Number         0  air001xx_hal_rcc_ex.o ABSOLUTE
    AIR001xx_HAL_Driver\\Src\\air001xx_hal_spi.c 0x00000000   Number         0  air001xx_hal_spi.o ABSOLUTE
    AIR001xx_HAL_Driver\\Src\\air001xx_hal_spi_ex.c 0x00000000   Number         0  air001xx_hal_spi_ex.o ABSOLUTE
    AIR001xx_HAL_Driver\\Src\\air001xx_hal_tim.c 0x00000000   Number         0  air001xx_hal_tim.o ABSOLUTE
    AIR001xx_HAL_Driver\\Src\\air001xx_hal_tim_ex.c 0x00000000   Number         0  air001xx_hal_tim_ex.o ABSOLUTE
    RTE\Device\AIR001Dev\startup_air001_dev.s 0x00000000   Number         0  startup_air001_dev.o ABSOLUTE
    RTE\Device\AIR001Dev\system_air001xx.c   0x00000000   Number         0  system_air001xx.o ABSOLUTE
    RTE\\Device\\AIR001Dev\\system_air001xx.c 0x00000000   Number         0  system_air001xx.o ABSOLUTE
    dc.s                                     0x00000000   Number         0  dc.o ABSOLUTE
    gpio.c                                   0x00000000   Number         0  gpio.o ABSOLUTE
    gpio.c                                   0x00000000   Number         0  gpio.o ABSOLUTE
    main.c                                   0x00000000   Number         0  main.o ABSOLUTE
    main.c                                   0x00000000   Number         0  main.o ABSOLUTE
    other_Driver\\air001xx_it.c              0x00000000   Number         0  air001xx_it.o ABSOLUTE
    other_Driver\air001xx_it.c               0x00000000   Number         0  air001xx_it.o ABSOLUTE
    spi.c                                    0x00000000   Number         0  spi.o ABSOLUTE
    spi.c                                    0x00000000   Number         0  spi.o ABSOLUTE
    st7735.c                                 0x00000000   Number         0  st7735.o ABSOLUTE
    st7735.c                                 0x00000000   Number         0  st7735.o ABSOLUTE
    RESET                                    0x08000000   Section      192  startup_air001_dev.o(RESET)
    !!!main                                  0x080000c0   Section        8  __main.o(!!!main)
    !!!scatter                               0x080000c8   Section       60  __scatter.o(!!!scatter)
    !!handler_zi                             0x08000104   Section       28  __scatter_zi.o(!!handler_zi)
    .ARM.Collect$$libinit$$00000000          0x08000120   Section        2  libinit.o(.ARM.Collect$$libinit$$00000000)
    .ARM.Collect$$libinit$$00000002          0x08000122   Section        0  libinit2.o(.ARM.Collect$$libinit$$00000002)
    .ARM.Collect$$libinit$$00000004          0x08000122   Section        0  libinit2.o(.ARM.Collect$$libinit$$00000004)
    .ARM.Collect$$libinit$$0000000A          0x08000122   Section        0  libinit2.o(.ARM.Collect$$libinit$$0000000A)
    .ARM.Collect$$libinit$$0000000C          0x08000122   Section        0  libinit2.o(.ARM.Collect$$libinit$$0000000C)
    .ARM.Collect$$libinit$$0000000E          0x08000122   Section        0  libinit2.o(.ARM.Collect$$libinit$$0000000E)
    .ARM.Collect$$libinit$$00000011          0x08000122   Section        0  libinit2.o(.ARM.Collect$$libinit$$00000011)
    .ARM.Collect$$libinit$$00000013          0x08000122   Section        0  libinit2.o(.ARM.Collect$$libinit$$00000013)
    .ARM.Collect$$libinit$$00000015          0x08000122   Section        0  libinit2.o(.ARM.Collect$$libinit$$00000015)
    .ARM.Collect$$libinit$$00000017          0x08000122   Section        0  libinit2.o(.ARM.Collect$$libinit$$00000017)
    .ARM.Collect$$libinit$$00000019          0x08000122   Section        0  libinit2.o(.ARM.Collect$$libinit$$00000019)
    .ARM.Collect$$libinit$$0000001B          0x08000122   Section        0  libinit2.o(.ARM.Collect$$libinit$$0000001B)
    .ARM.Collect$$libinit$$0000001D          0x08000122   Section        0  libinit2.o(.ARM.Collect$$libinit$$0000001D)
    .ARM.Collect$$libinit$$0000001F          0x08000122   Section        0  libinit2.o(.ARM.Collect$$libinit$$0000001F)
    .ARM.Collect$$libinit$$00000021          0x08000122   Section        0  libinit2.o(.ARM.Collect$$libinit$$00000021)
    .ARM.Collect$$libinit$$00000023          0x08000122   Section        0  libinit2.o(.ARM.Collect$$libinit$$00000023)
    .ARM.Collect$$libinit$$00000025          0x08000122   Section        0  libinit2.o(.ARM.Collect$$libinit$$00000025)
    .ARM.Collect$$libinit$$0000002C          0x08000122   Section        0  libinit2.o(.ARM.Collect$$libinit$$0000002C)
    .ARM.Collect$$libinit$$0000002E          0x08000122   Section        0  libinit2.o(.ARM.Collect$$libinit$$0000002E)
    .ARM.Collect$$libinit$$00000030          0x08000122   Section        0  libinit2.o(.ARM.Collect$$libinit$$00000030)
    .ARM.Collect$$libinit$$00000032          0x08000122   Section        0  libinit2.o(.ARM.Collect$$libinit$$00000032)
    .ARM.Collect$$libinit$$00000033          0x08000122   Section        2  libinit2.o(.ARM.Collect$$libinit$$00000033)
    .ARM.Collect$$libshutdown$$00000000      0x08000124   Section        2  libshutdown.o(.ARM.Collect$$libshutdown$$00000000)
    .ARM.Collect$$libshutdown$$00000002      0x08000126   Section        0  libshutdown2.o(.ARM.Collect$$libshutdown$$00000002)
    .ARM.Collect$$libshutdown$$00000004      0x08000126   Section        0  libshutdown2.o(.ARM.Collect$$libshutdown$$00000004)
    .ARM.Collect$$libshutdown$$00000006      0x08000126   Section        0  libshutdown2.o(.ARM.Collect$$libshutdown$$00000006)
    .ARM.Collect$$libshutdown$$00000009      0x08000126   Section        0  libshutdown2.o(.ARM.Collect$$libshutdown$$00000009)
    .ARM.Collect$$libshutdown$$0000000C      0x08000126   Section        0  libshutdown2.o(.ARM.Collect$$libshutdown$$0000000C)
    .ARM.Collect$$libshutdown$$0000000E      0x08000126   Section        0  libshutdown2.o(.ARM.Collect$$libshutdown$$0000000E)
    .ARM.Collect$$libshutdown$$00000011      0x08000126   Section        0  libshutdown2.o(.ARM.Collect$$libshutdown$$00000011)
    .ARM.Collect$$libshutdown$$00000012      0x08000126   Section        2  libshutdown2.o(.ARM.Collect$$libshutdown$$00000012)
    .ARM.Collect$$rtentry$$00000000          0x08000128   Section        0  __rtentry.o(.ARM.Collect$$rtentry$$00000000)
    .ARM.Collect$$rtentry$$00000002          0x08000128   Section        0  __rtentry2.o(.ARM.Collect$$rtentry$$00000002)
    .ARM.Collect$$rtentry$$00000004          0x08000128   Section        6  __rtentry4.o(.ARM.Collect$$rtentry$$00000004)
    .ARM.Collect$$rtentry$$00000009          0x0800012e   Section        0  __rtentry2.o(.ARM.Collect$$rtentry$$00000009)
    .ARM.Collect$$rtentry$$0000000A          0x0800012e   Section        4  __rtentry2.o(.ARM.Collect$$rtentry$$0000000A)
    .ARM.Collect$$rtentry$$0000000C          0x08000132   Section        0  __rtentry2.o(.ARM.Collect$$rtentry$$0000000C)
    .ARM.Collect$$rtentry$$0000000D          0x08000132   Section        8  __rtentry2.o(.ARM.Collect$$rtentry$$0000000D)
    .ARM.Collect$$rtexit$$00000000           0x0800013a   Section        2  rtexit.o(.ARM.Collect$$rtexit$$00000000)
    .ARM.Collect$$rtexit$$00000002           0x0800013c   Section        0  rtexit2.o(.ARM.Collect$$rtexit$$00000002)
    .ARM.Collect$$rtexit$$00000003           0x0800013c   Section        4  rtexit2.o(.ARM.Collect$$rtexit$$00000003)
    .ARM.Collect$$rtexit$$00000004           0x08000140   Section        6  rtexit2.o(.ARM.Collect$$rtexit$$00000004)
    .emb_text                                0x08000148   Section       56  rt_memcpy.o(.emb_text)
    .text                                    0x08000180   Section       56  startup_air001_dev.o(.text)
    .text                                    0x080001b8   Section        0  rt_memclr.o(.text)
    .text                                    0x080001f8   Section      346  aeabi_sdiv.o(.text)
    .text                                    0x08000352   Section        0  heapauxi.o(.text)
    .text                                    0x08000358   Section       62  sys_stackheap_outer.o(.text)
    .text                                    0x08000396   Section        0  exit.o(.text)
    .text                                    0x080003a8   Section        8  libspace.o(.text)
    .text                                    0x080003b0   Section        0  sys_exit.o(.text)
    .text                                    0x080003bc   Section        2  use_no_semi.o(.text)
    .text                                    0x080003be   Section        0  __dczerorl2.o(.text)
    .text                                    0x080003be   Section        0  indicate_semi.o(.text)
    i.$Sub$$main                             0x08000414   Section        0  system_air001xx.o(i.$Sub$$main)
    i.APP_SystemClockConfig                  0x08000448   Section        0  main.o(i.APP_SystemClockConfig)
    APP_SystemClockConfig                    0x08000449   Thumb Code    90  main.o(i.APP_SystemClockConfig)
    i.GPIO_Init                              0x080004a8   Section        0  gpio.o(i.GPIO_Init)
    i.HAL_DMA_Abort_IT                       0x08000540   Section        0  air001xx_hal_dma.o(i.HAL_DMA_Abort_IT)
    i.HAL_Delay                              0x080005b8   Section        0  air001xx_hal.o(i.HAL_Delay)
    i.HAL_GPIO_DeInit                        0x080005e4   Section        0  air001xx_hal_gpio.o(i.HAL_GPIO_DeInit)
    i.HAL_GPIO_Init                          0x080006d8   Section        0  air001xx_hal_gpio.o(i.HAL_GPIO_Init)
    i.HAL_GPIO_ReadPin                       0x0800088c   Section        0  air001xx_hal_gpio.o(i.HAL_GPIO_ReadPin)
    i.HAL_GPIO_WritePin                      0x0800089e   Section        0  air001xx_hal_gpio.o(i.HAL_GPIO_WritePin)
    i.HAL_GetTick                            0x080008ac   Section        0  air001xx_hal.o(i.HAL_GetTick)
    i.HAL_IncTick                            0x080008b8   Section        0  air001xx_hal.o(i.HAL_IncTick)
    i.HAL_Init                               0x080008d0   Section        0  air001xx_hal.o(i.HAL_Init)
    i.HAL_InitTick                           0x080008ec   Section        0  air001xx_hal.o(i.HAL_InitTick)
    i.HAL_MspInit                            0x0800094c   Section        0  main.o(i.HAL_MspInit)
    i.HAL_NVIC_DisableIRQ                    0x08000990   Section        0  air001xx_hal_cortex.o(i.HAL_NVIC_DisableIRQ)
    i.HAL_NVIC_EnableIRQ                     0x080009b4   Section        0  air001xx_hal_cortex.o(i.HAL_NVIC_EnableIRQ)
    i.HAL_NVIC_SetPriority                   0x080009d8   Section        0  air001xx_hal_cortex.o(i.HAL_NVIC_SetPriority)
    i.HAL_RCC_ClockConfig                    0x080009ec   Section        0  air001xx_hal_rcc.o(i.HAL_RCC_ClockConfig)
    i.HAL_RCC_GetSysClockFreq                0x08000bc0   Section        0  air001xx_hal_rcc.o(i.HAL_RCC_GetSysClockFreq)
    i.HAL_RCC_OscConfig                      0x08000c98   Section        0  air001xx_hal_rcc.o(i.HAL_RCC_OscConfig)
    i.HAL_SPI_DeInit                         0x0800126c   Section        0  air001xx_hal_spi.o(i.HAL_SPI_DeInit)
    i.HAL_SPI_ErrorCallback                  0x080012a6   Section        0  air001xx_hal_spi.o(i.HAL_SPI_ErrorCallback)
    i.HAL_SPI_IRQHandler                     0x080012a8   Section        0  air001xx_hal_spi.o(i.HAL_SPI_IRQHandler)
    i.HAL_SPI_Init                           0x08001414   Section        0  air001xx_hal_spi.o(i.HAL_SPI_Init)
    i.HAL_SPI_MspDeInit                      0x080014a0   Section        0  spi.o(i.HAL_SPI_MspDeInit)
    i.HAL_SPI_MspInit                        0x080014e8   Section        0  spi.o(i.HAL_SPI_MspInit)
    i.HAL_SPI_Transmit                       0x080015a0   Section        0  air001xx_hal_spi.o(i.HAL_SPI_Transmit)
    i.HAL_SYSTICK_Config                     0x08001764   Section        0  air001xx_hal_cortex.o(i.HAL_SYSTICK_Config)
    i.HardFault_Handler                      0x0800179c   Section        0  air001xx_it.o(i.HardFault_Handler)
    i.Lcd_DrawNums                           0x080017a0   Section        0  st7735.o(i.Lcd_DrawNums)
    i.Lcd_Fill                               0x08001824   Section        0  st7735.o(i.Lcd_Fill)
    i.Lcd_Set_Address                        0x08001868   Section        0  st7735.o(i.Lcd_Set_Address)
    i.Lcd_Write_Cmd                          0x080018d8   Section        0  st7735.o(i.Lcd_Write_Cmd)
    i.Lcd_Write_Data                         0x080018fc   Section        0  st7735.o(i.Lcd_Write_Data)
    i.Lcd_disPlayPicture                     0x08001908   Section        0  st7735.o(i.Lcd_disPlayPicture)
    i.Lcd_time                               0x08001940   Section        0  st7735.o(i.Lcd_time)
    i.MX_SPI1_Init                           0x08001f08   Section        0  spi.o(i.MX_SPI1_Init)
    i.NMI_Handler                            0x08001f4c   Section        0  air001xx_it.o(i.NMI_Handler)
    i.PendSV_Handler                         0x08001f4e   Section        0  air001xx_it.o(i.PendSV_Handler)
    i.RCC_GetHSIFreq                         0x08001f50   Section        0  air001xx_hal_rcc.o(i.RCC_GetHSIFreq)
    RCC_GetHSIFreq                           0x08001f51   Thumb Code    20  air001xx_hal_rcc.o(i.RCC_GetHSIFreq)
    i.SPI1_IRQHandler                        0x08001f6c   Section        0  air001xx_it.o(i.SPI1_IRQHandler)
    i.SPI_DMAAbortOnError                    0x08001f7c   Section        0  air001xx_hal_spi.o(i.SPI_DMAAbortOnError)
    SPI_DMAAbortOnError                      0x08001f7d   Thumb Code    20  air001xx_hal_spi.o(i.SPI_DMAAbortOnError)
    i.SPI_EndRxTxTransaction                 0x08001f90   Section        0  air001xx_hal_spi.o(i.SPI_EndRxTxTransaction)
    SPI_EndRxTxTransaction                   0x08001f91   Thumb Code   106  air001xx_hal_spi.o(i.SPI_EndRxTxTransaction)
    i.SPI_GPIO                               0x08001ffc   Section        0  st7735.o(i.SPI_GPIO)
    i.SPI_WaitFifoStateUntilTimeout          0x08002084   Section        0  air001xx_hal_spi.o(i.SPI_WaitFifoStateUntilTimeout)
    SPI_WaitFifoStateUntilTimeout            0x08002085   Thumb Code   208  air001xx_hal_spi.o(i.SPI_WaitFifoStateUntilTimeout)
    i.SPI_WaitFlagStateUntilTimeout          0x08002158   Section        0  air001xx_hal_spi.o(i.SPI_WaitFlagStateUntilTimeout)
    SPI_WaitFlagStateUntilTimeout            0x08002159   Thumb Code   176  air001xx_hal_spi.o(i.SPI_WaitFlagStateUntilTimeout)
    i.SPI_Write_Data                         0x0800220c   Section        0  st7735.o(i.SPI_Write_Data)
    i.ST7735_Init                            0x0800223c   Section        0  st7735.o(i.ST7735_Init)
    i.SVC_Handler                            0x08002498   Section        0  air001xx_it.o(i.SVC_Handler)
    i.SysTick_Handler                        0x0800249a   Section        0  air001xx_it.o(i.SysTick_Handler)
    i.SystemInit                             0x080024a4   Section        0  system_air001xx.o(i.SystemInit)
    i.__NVIC_SetPriority                     0x080024d0   Section        0  air001xx_hal_cortex.o(i.__NVIC_SetPriority)
    __NVIC_SetPriority                       0x080024d1   Thumb Code   110  air001xx_hal_cortex.o(i.__NVIC_SetPriority)
    i.main                                   0x08002548   Section        0  main.o(i.main)
    .constdata                               0x08002582   Section     3600  st7735.o(.constdata)
    .constdata                               0x08003394   Section       20  air001xx_hal_rcc.o(.constdata)
    .constdata                               0x080033a8   Section      128  system_air001xx.o(.constdata)
    .ARM.__at_0x20000000                     0x20000000   Section      192  system_air001xx.o(.ARM.__at_0x20000000)
    .data                                    0x200000c0   Section     1920  st7735.o(.data)
    .data                                    0x20000840   Section       12  air001xx_hal.o(.data)
    .data                                    0x2000084c   Section        4  system_air001xx.o(.data)
    .bss                                     0x20000850   Section       80  main.o(.bss)
    .bss                                     0x200008a0   Section       96  libspace.o(.bss)
    HEAP                                     0x20000900   Section      512  startup_air001_dev.o(HEAP)
    Heap_Mem                                 0x20000900   Data         512  startup_air001_dev.o(HEAP)
    STACK                                    0x20000b00   Section     1024  startup_air001_dev.o(STACK)
    Stack_Mem                                0x20000b00   Data        1024  startup_air001_dev.o(STACK)
    __initial_sp                             0x20000f00   Data           0  startup_air001_dev.o(STACK)

    Global Symbols

    Symbol Name                              Value     Ov Type        Size  Object(Section)

    BuildAttributes$$THM_ISAv3M$S$PE$A:L22$X:L11$S22$IEEE1$IW$USESV6$~STKCKD$USESV7$~SHL$OSPACE$ROPI$EBA8$UX$STANDARDLIB$REQ8$PRES8$EABIv2 0x00000000   Number         0  anon$$obj.o ABSOLUTE
    __ARM_use_no_argv                        0x00000000   Number         0  main.o ABSOLUTE
    __ARM_exceptions_init                     - Undefined Weak Reference
    __alloca_initialize                       - Undefined Weak Reference
    __arm_fini_                               - Undefined Weak Reference
    __arm_preinit_                            - Undefined Weak Reference
    __cpp_initialize__aeabi_                  - Undefined Weak Reference
    __cxa_finalize                            - Undefined Weak Reference
    __rt_locale                               - Undefined Weak Reference
    __sigvec_lookup                           - Undefined Weak Reference
    _atexit_init                              - Undefined Weak Reference
    _call_atexit_fns                          - Undefined Weak Reference
    _clock_init                               - Undefined Weak Reference
    _fp_trap_init                             - Undefined Weak Reference
    _fp_trap_shutdown                         - Undefined Weak Reference
    _get_lc_collate                           - Undefined Weak Reference
    _get_lc_ctype                             - Undefined Weak Reference
    _get_lc_monetary                          - Undefined Weak Reference
    _get_lc_numeric                           - Undefined Weak Reference
    _get_lc_time                              - Undefined Weak Reference
    _getenv_init                              - Undefined Weak Reference
    _handle_redirection                       - Undefined Weak Reference
    _init_alloc                               - Undefined Weak Reference
    _init_user_alloc                          - Undefined Weak Reference
    _initio                                   - Undefined Weak Reference
    _rand_init                                - Undefined Weak Reference
    _signal_finish                            - Undefined Weak Reference
    _signal_init                              - Undefined Weak Reference
    _terminate_alloc                          - Undefined Weak Reference
    _terminate_user_alloc                     - Undefined Weak Reference
    _terminateio                              - Undefined Weak Reference
    __Vectors_Size                           0x000000c0   Number         0  startup_air001_dev.o ABSOLUTE
    __Vectors                                0x08000000   Data           4  startup_air001_dev.o(RESET)
    __Vectors_End                            0x080000c0   Data           0  startup_air001_dev.o(RESET)
    __main                                   0x080000c1   Thumb Code     8  __main.o(!!!main)
    __scatterload                            0x080000c9   Thumb Code     0  __scatter.o(!!!scatter)
    __scatterload_rt2                        0x080000c9   Thumb Code    52  __scatter.o(!!!scatter)
    __scatterload_rt2_thumb_only             0x080000c9   Thumb Code     0  __scatter.o(!!!scatter)
    __scatterload_null                       0x080000d9   Thumb Code     0  __scatter.o(!!!scatter)
    __scatterload_zeroinit                   0x08000105   Thumb Code    28  __scatter_zi.o(!!handler_zi)
    __rt_lib_init                            0x08000121   Thumb Code     0  libinit.o(.ARM.Collect$$libinit$$00000000)
    __rt_lib_init_alloca_1                   0x08000123   Thumb Code     0  libinit2.o(.ARM.Collect$$libinit$$0000002E)
    __rt_lib_init_argv_1                     0x08000123   Thumb Code     0  libinit2.o(.ARM.Collect$$libinit$$0000002C)
    __rt_lib_init_atexit_1                   0x08000123   Thumb Code     0  libinit2.o(.ARM.Collect$$libinit$$0000001B)
    __rt_lib_init_clock_1                    0x08000123   Thumb Code     0  libinit2.o(.ARM.Collect$$libinit$$00000021)
    __rt_lib_init_cpp_1                      0x08000123   Thumb Code     0  libinit2.o(.ARM.Collect$$libinit$$00000032)
    __rt_lib_init_exceptions_1               0x08000123   Thumb Code     0  libinit2.o(.ARM.Collect$$libinit$$00000030)
    __rt_lib_init_fp_1                       0x08000123   Thumb Code     0  libinit2.o(.ARM.Collect$$libinit$$00000002)
    __rt_lib_init_fp_trap_1                  0x08000123   Thumb Code     0  libinit2.o(.ARM.Collect$$libinit$$0000001F)
    __rt_lib_init_getenv_1                   0x08000123   Thumb Code     0  libinit2.o(.ARM.Collect$$libinit$$00000023)
    __rt_lib_init_heap_1                     0x08000123   Thumb Code     0  libinit2.o(.ARM.Collect$$libinit$$0000000A)
    __rt_lib_init_lc_collate_1               0x08000123   Thumb Code     0  libinit2.o(.ARM.Collect$$libinit$$00000011)
    __rt_lib_init_lc_ctype_1                 0x08000123   Thumb Code     0  libinit2.o(.ARM.Collect$$libinit$$00000013)
    __rt_lib_init_lc_monetary_1              0x08000123   Thumb Code     0  libinit2.o(.ARM.Collect$$libinit$$00000015)
    __rt_lib_init_lc_numeric_1               0x08000123   Thumb Code     0  libinit2.o(.ARM.Collect$$libinit$$00000017)
    __rt_lib_init_lc_time_1                  0x08000123   Thumb Code     0  libinit2.o(.ARM.Collect$$libinit$$00000019)
    __rt_lib_init_preinit_1                  0x08000123   Thumb Code     0  libinit2.o(.ARM.Collect$$libinit$$00000004)
    __rt_lib_init_rand_1                     0x08000123   Thumb Code     0  libinit2.o(.ARM.Collect$$libinit$$0000000E)
    __rt_lib_init_return                     0x08000123   Thumb Code     0  libinit2.o(.ARM.Collect$$libinit$$00000033)
    __rt_lib_init_signal_1                   0x08000123   Thumb Code     0  libinit2.o(.ARM.Collect$$libinit$$0000001D)
    __rt_lib_init_stdio_1                    0x08000123   Thumb Code     0  libinit2.o(.ARM.Collect$$libinit$$00000025)
    __rt_lib_init_user_alloc_1               0x08000123   Thumb Code     0  libinit2.o(.ARM.Collect$$libinit$$0000000C)
    __rt_lib_shutdown                        0x08000125   Thumb Code     0  libshutdown.o(.ARM.Collect$$libshutdown$$00000000)
    __rt_lib_shutdown_cpp_1                  0x08000127   Thumb Code     0  libshutdown2.o(.ARM.Collect$$libshutdown$$00000004)
    __rt_lib_shutdown_fini_1                 0x08000127   Thumb Code     0  libshutdown2.o(.ARM.Collect$$libshutdown$$00000002)
    __rt_lib_shutdown_fp_trap_1              0x08000127   Thumb Code     0  libshutdown2.o(.ARM.Collect$$libshutdown$$00000009)
    __rt_lib_shutdown_heap_1                 0x08000127   Thumb Code     0  libshutdown2.o(.ARM.Collect$$libshutdown$$00000011)
    __rt_lib_shutdown_return                 0x08000127   Thumb Code     0  libshutdown2.o(.ARM.Collect$$libshutdown$$00000012)
    __rt_lib_shutdown_signal_1               0x08000127   Thumb Code     0  libshutdown2.o(.ARM.Collect$$libshutdown$$0000000C)
    __rt_lib_shutdown_stdio_1                0x08000127   Thumb Code     0  libshutdown2.o(.ARM.Collect$$libshutdown$$00000006)
    __rt_lib_shutdown_user_alloc_1           0x08000127   Thumb Code     0  libshutdown2.o(.ARM.Collect$$libshutdown$$0000000E)
    __rt_entry                               0x08000129   Thumb Code     0  __rtentry.o(.ARM.Collect$$rtentry$$00000000)
    __rt_entry_presh_1                       0x08000129   Thumb Code     0  __rtentry2.o(.ARM.Collect$$rtentry$$00000002)
    __rt_entry_sh                            0x08000129   Thumb Code     0  __rtentry4.o(.ARM.Collect$$rtentry$$00000004)
    __rt_entry_li                            0x0800012f   Thumb Code     0  __rtentry2.o(.ARM.Collect$$rtentry$$0000000A)
    __rt_entry_postsh_1                      0x0800012f   Thumb Code     0  __rtentry2.o(.ARM.Collect$$rtentry$$00000009)
    __rt_entry_main                          0x08000133   Thumb Code     0  __rtentry2.o(.ARM.Collect$$rtentry$$0000000D)
    __rt_entry_postli_1                      0x08000133   Thumb Code     0  __rtentry2.o(.ARM.Collect$$rtentry$$0000000C)
    __rt_exit                                0x0800013b   Thumb Code     0  rtexit.o(.ARM.Collect$$rtexit$$00000000)
    __rt_exit_ls                             0x0800013d   Thumb Code     0  rtexit2.o(.ARM.Collect$$rtexit$$00000003)
    __rt_exit_prels_1                        0x0800013d   Thumb Code     0  rtexit2.o(.ARM.Collect$$rtexit$$00000002)
    __rt_exit_exit                           0x08000141   Thumb Code     0  rtexit2.o(.ARM.Collect$$rtexit$$00000004)
    __aeabi_memcpy4                          0x08000149   Thumb Code    56  rt_memcpy.o(.emb_text)
    __aeabi_memcpy8                          0x08000149   Thumb Code     0  rt_memcpy.o(.emb_text)
    Reset_Handler                            0x08000181   Thumb Code     8  startup_air001_dev.o(.text)
    ADC_COMP_IRQHandler                      0x08000193   Thumb Code     0  startup_air001_dev.o(.text)
    DMA1_Channel1_IRQHandler                 0x08000193   Thumb Code     0  startup_air001_dev.o(.text)
    DMA1_Channel2_3_IRQHandler               0x08000193   Thumb Code     0  startup_air001_dev.o(.text)
    EXTI0_1_IRQHandler                       0x08000193   Thumb Code     0  startup_air001_dev.o(.text)
    EXTI2_3_IRQHandler                       0x08000193   Thumb Code     0  startup_air001_dev.o(.text)
    EXTI4_15_IRQHandler                      0x08000193   Thumb Code     0  startup_air001_dev.o(.text)
    FLASH_IRQHandler                         0x08000193   Thumb Code     0  startup_air001_dev.o(.text)
    I2C1_IRQHandler                          0x08000193   Thumb Code     0  startup_air001_dev.o(.text)
    LED_IRQHandler                           0x08000193   Thumb Code     0  startup_air001_dev.o(.text)
    LPTIM1_IRQHandler                        0x08000193   Thumb Code     0  startup_air001_dev.o(.text)
    PVD_IRQHandler                           0x08000193   Thumb Code     0  startup_air001_dev.o(.text)
    RCC_IRQHandler                           0x08000193   Thumb Code     0  startup_air001_dev.o(.text)
    RTC_IRQHandler                           0x08000193   Thumb Code     0  startup_air001_dev.o(.text)
    SPI2_IRQHandler                          0x08000193   Thumb Code     0  startup_air001_dev.o(.text)
    TIM14_IRQHandler                         0x08000193   Thumb Code     0  startup_air001_dev.o(.text)
    TIM16_IRQHandler                         0x08000193   Thumb Code     0  startup_air001_dev.o(.text)
    TIM17_IRQHandler                         0x08000193   Thumb Code     0  startup_air001_dev.o(.text)
    TIM1_BRK_UP_TRG_COM_IRQHandler           0x08000193   Thumb Code     0  startup_air001_dev.o(.text)
    TIM1_CC_IRQHandler                       0x08000193   Thumb Code     0  startup_air001_dev.o(.text)
    TIM3_IRQHandler                          0x08000193   Thumb Code     0  startup_air001_dev.o(.text)
    USART1_IRQHandler                        0x08000193   Thumb Code     0  startup_air001_dev.o(.text)
    USART2_IRQHandler                        0x08000193   Thumb Code     0  startup_air001_dev.o(.text)
    WWDG_IRQHandler                          0x08000193   Thumb Code     0  startup_air001_dev.o(.text)
    __user_initial_stackheap                 0x08000195   Thumb Code     0  startup_air001_dev.o(.text)
    _memset_w                                0x080001b9   Thumb Code    26  rt_memclr.o(.text)
    _memset                                  0x080001d3   Thumb Code    30  rt_memclr.o(.text)
    __aeabi_memclr                           0x080001f1   Thumb Code     4  rt_memclr.o(.text)
    __rt_memclr                              0x080001f1   Thumb Code     0  rt_memclr.o(.text)
    __aeabi_memclr4                          0x080001f5   Thumb Code     0  rt_memclr.o(.text)
    __aeabi_memclr8                          0x080001f5   Thumb Code     0  rt_memclr.o(.text)
    __rt_memclr_w                            0x080001f5   Thumb Code     4  rt_memclr.o(.text)
    __aeabi_uidiv                            0x080001f9   Thumb Code     0  aeabi_sdiv.o(.text)
    __aeabi_uidivmod                         0x080001f9   Thumb Code    20  aeabi_sdiv.o(.text)
    __aeabi_idiv                             0x0800020d   Thumb Code     0  aeabi_sdiv.o(.text)
    __aeabi_idivmod                          0x0800020d   Thumb Code   326  aeabi_sdiv.o(.text)
    __use_two_region_memory                  0x08000353   Thumb Code     2  heapauxi.o(.text)
    __rt_heap_escrow$2region                 0x08000355   Thumb Code     2  heapauxi.o(.text)
    __rt_heap_expand$2region                 0x08000357   Thumb Code     2  heapauxi.o(.text)
    __user_setup_stackheap                   0x08000359   Thumb Code    62  sys_stackheap_outer.o(.text)
    exit                                     0x08000397   Thumb Code    16  exit.o(.text)
    __user_libspace                          0x080003a9   Thumb Code     8  libspace.o(.text)
    __user_perproc_libspace                  0x080003a9   Thumb Code     0  libspace.o(.text)
    __user_perthread_libspace                0x080003a9   Thumb Code     0  libspace.o(.text)
    _sys_exit                                0x080003b1   Thumb Code     8  sys_exit.o(.text)
    __I$use$semihosting                      0x080003bd   Thumb Code     0  use_no_semi.o(.text)
    __use_no_semihosting_swi                 0x080003bd   Thumb Code     2  use_no_semi.o(.text)
    __decompress                             0x080003bf   Thumb Code     0  __dczerorl2.o(.text)
    __decompress1                            0x080003bf   Thumb Code    86  __dczerorl2.o(.text)
    __semihosting_library_function           0x080003bf   Thumb Code     0  indicate_semi.o(.text)
    main                                     0x08000415   Thumb Code    44  system_air001xx.o(i.$Sub$$main)
    GPIO_Init                                0x080004a9   Thumb Code   140  gpio.o(i.GPIO_Init)
    HAL_DMA_Abort_IT                         0x08000541   Thumb Code   114  air001xx_hal_dma.o(i.HAL_DMA_Abort_IT)
    HAL_Delay                                0x080005b9   Thumb Code    38  air001xx_hal.o(i.HAL_Delay)
    HAL_GPIO_DeInit                          0x080005e5   Thumb Code   234  air001xx_hal_gpio.o(i.HAL_GPIO_DeInit)
    HAL_GPIO_Init                            0x080006d9   Thumb Code   428  air001xx_hal_gpio.o(i.HAL_GPIO_Init)
    HAL_GPIO_ReadPin                         0x0800088d   Thumb Code    18  air001xx_hal_gpio.o(i.HAL_GPIO_ReadPin)
    HAL_GPIO_WritePin                        0x0800089f   Thumb Code    12  air001xx_hal_gpio.o(i.HAL_GPIO_WritePin)
    HAL_GetTick                              0x080008ad   Thumb Code     6  air001xx_hal.o(i.HAL_GetTick)
    HAL_IncTick                              0x080008b9   Thumb Code    16  air001xx_hal.o(i.HAL_IncTick)
    HAL_Init                                 0x080008d1   Thumb Code    26  air001xx_hal.o(i.HAL_Init)
    HAL_InitTick                             0x080008ed   Thumb Code    82  air001xx_hal.o(i.HAL_InitTick)
    HAL_MspInit                              0x0800094d   Thumb Code    64  main.o(i.HAL_MspInit)
    HAL_NVIC_DisableIRQ                      0x08000991   Thumb Code    30  air001xx_hal_cortex.o(i.HAL_NVIC_DisableIRQ)
    HAL_NVIC_EnableIRQ                       0x080009b5   Thumb Code    30  air001xx_hal_cortex.o(i.HAL_NVIC_EnableIRQ)
    HAL_NVIC_SetPriority                     0x080009d9   Thumb Code    18  air001xx_hal_cortex.o(i.HAL_NVIC_SetPriority)
    HAL_RCC_ClockConfig                      0x080009ed   Thumb Code   442  air001xx_hal_rcc.o(i.HAL_RCC_ClockConfig)
    HAL_RCC_GetSysClockFreq                  0x08000bc1   Thumb Code   200  air001xx_hal_rcc.o(i.HAL_RCC_GetSysClockFreq)
    HAL_RCC_OscConfig                        0x08000c99   Thumb Code  1480  air001xx_hal_rcc.o(i.HAL_RCC_OscConfig)
    HAL_SPI_DeInit                           0x0800126d   Thumb Code    58  air001xx_hal_spi.o(i.HAL_SPI_DeInit)
    HAL_SPI_ErrorCallback                    0x080012a7   Thumb Code     2  air001xx_hal_spi.o(i.HAL_SPI_ErrorCallback)
    HAL_SPI_IRQHandler                       0x080012a9   Thumb Code   358  air001xx_hal_spi.o(i.HAL_SPI_IRQHandler)
    HAL_SPI_Init                             0x08001415   Thumb Code   140  air001xx_hal_spi.o(i.HAL_SPI_Init)
    HAL_SPI_MspDeInit                        0x080014a1   Thumb Code    62  spi.o(i.HAL_SPI_MspDeInit)
    HAL_SPI_MspInit                          0x080014e9   Thumb Code   176  spi.o(i.HAL_SPI_MspInit)
    HAL_SPI_Transmit                         0x080015a1   Thumb Code   450  air001xx_hal_spi.o(i.HAL_SPI_Transmit)
    HAL_SYSTICK_Config                       0x08001765   Thumb Code    46  air001xx_hal_cortex.o(i.HAL_SYSTICK_Config)
    HardFault_Handler                        0x0800179d   Thumb Code     4  air001xx_it.o(i.HardFault_Handler)
    Lcd_DrawNums                             0x080017a1   Thumb Code   126  st7735.o(i.Lcd_DrawNums)
    Lcd_Fill                                 0x08001825   Thumb Code    68  st7735.o(i.Lcd_Fill)
    Lcd_Set_Address                          0x08001869   Thumb Code   110  st7735.o(i.Lcd_Set_Address)
    Lcd_Write_Cmd                            0x080018d9   Thumb Code    32  st7735.o(i.Lcd_Write_Cmd)
    Lcd_Write_Data                           0x080018fd   Thumb Code    12  st7735.o(i.Lcd_Write_Data)
    Lcd_disPlayPicture                       0x08001909   Thumb Code    50  st7735.o(i.Lcd_disPlayPicture)
    Lcd_time                                 0x08001941   Thumb Code  1468  st7735.o(i.Lcd_time)
    MX_SPI1_Init                             0x08001f09   Thumb Code    58  spi.o(i.MX_SPI1_Init)
    NMI_Handler                              0x08001f4d   Thumb Code     2  air001xx_it.o(i.NMI_Handler)
    PendSV_Handler                           0x08001f4f   Thumb Code     2  air001xx_it.o(i.PendSV_Handler)
    SPI1_IRQHandler                          0x08001f6d   Thumb Code    10  air001xx_it.o(i.SPI1_IRQHandler)
    SPI_GPIO                                 0x08001ffd   Thumb Code   126  st7735.o(i.SPI_GPIO)
    SPI_Write_Data                           0x0800220d   Thumb Code    42  st7735.o(i.SPI_Write_Data)
    ST7735_Init                              0x0800223d   Thumb Code   594  st7735.o(i.ST7735_Init)
    SVC_Handler                              0x08002499   Thumb Code     2  air001xx_it.o(i.SVC_Handler)
    SysTick_Handler                          0x0800249b   Thumb Code     8  air001xx_it.o(i.SysTick_Handler)
    SystemInit                               0x080024a5   Thumb Code    32  system_air001xx.o(i.SystemInit)
    $Super$$main                             0x08002549   Thumb Code    58  main.o(i.main)
    gImage_33                                0x08002582   Data        3600  st7735.o(.constdata)
    AHBPrescTable                            0x080033a8   Data          64  system_air001xx.o(.constdata)
    APBPrescTable                            0x080033e8   Data          32  system_air001xx.o(.constdata)
    HSIFreqTable                             0x08003408   Data          32  system_air001xx.o(.constdata)
    Region$$Table$$Base                      0x08003428   Number         0  anon$$obj.o(Region$$Table)
    Region$$Table$$Limit                     0x08003448   Number         0  anon$$obj.o(Region$$Table)
    VECT_SRAM_TAB                            0x20000000   Data         192  system_air001xx.o(.ARM.__at_0x20000000)
    font                                     0x200000c0   Data         512  st7735.o(.data)
    num                                      0x200002c0   Data        1408  st7735.o(.data)
    uwTick                                   0x20000840   Data           4  air001xx_hal.o(.data)
    uwTickPrio                               0x20000844   Data           4  air001xx_hal.o(.data)
    uwTickFreq                               0x20000848   Data           4  air001xx_hal.o(.data)
    SystemCoreClock                          0x2000084c   Data           4  system_air001xx.o(.data)
    Spi1Handle                               0x20000850   Data          80  main.o(.bss)
    __libspace_start                         0x200008a0   Data          96  libspace.o(.bss)
    __temporary_stack_top$libspace           0x20000900   Data           0  libspace.o(.bss)



==============================================================================

Memory Map of the image

  Image Entry point : 0x080000c1

  Load Region LR_IROM1 (Base: 0x08000000, Size: 0x00003c98, Max: 0x00008000, ABSOLUTE, COMPRESSED[0x000036f0])

    Execution Region ER_IROM1 (Exec base: 0x08000000, Load base: 0x08000000, Size: 0x00003448, Max: 0x00008000, ABSOLUTE)

    Exec Addr    Load Addr    Size         Type   Attr      Idx    E Section Name        Object

    0x08000000   0x08000000   0x000000c0   Data   RO         1883    RESET               startup_air001_dev.o
    0x080000c0   0x080000c0   0x00000008   Code   RO         1942  * !!!main             c_p.l(__main.o)
    0x080000c8   0x080000c8   0x0000003c   Code   RO         2115    !!!scatter          c_p.l(__scatter.o)
    0x08000104   0x08000104   0x0000001c   Code   RO         2117    !!handler_zi        c_p.l(__scatter_zi.o)
    0x08000120   0x08000120   0x00000002   Code   RO         1980    .ARM.Collect$$libinit$$00000000  c_p.l(libinit.o)
    0x08000122   0x08000122   0x00000000   Code   RO         1994    .ARM.Collect$$libinit$$00000002  c_p.l(libinit2.o)
    0x08000122   0x08000122   0x00000000   Code   RO         1996    .ARM.Collect$$libinit$$00000004  c_p.l(libinit2.o)
    0x08000122   0x08000122   0x00000000   Code   RO         1999    .ARM.Collect$$libinit$$0000000A  c_p.l(libinit2.o)
    0x08000122   0x08000122   0x00000000   Code   RO         2001    .ARM.Collect$$libinit$$0000000C  c_p.l(libinit2.o)
    0x08000122   0x08000122   0x00000000   Code   RO         2003    .ARM.Collect$$libinit$$0000000E  c_p.l(libinit2.o)
    0x08000122   0x08000122   0x00000000   Code   RO         2006    .ARM.Collect$$libinit$$00000011  c_p.l(libinit2.o)
    0x08000122   0x08000122   0x00000000   Code   RO         2008    .ARM.Collect$$libinit$$00000013  c_p.l(libinit2.o)
    0x08000122   0x08000122   0x00000000   Code   RO         2010    .ARM.Collect$$libinit$$00000015  c_p.l(libinit2.o)
    0x08000122   0x08000122   0x00000000   Code   RO         2012    .ARM.Collect$$libinit$$00000017  c_p.l(libinit2.o)
    0x08000122   0x08000122   0x00000000   Code   RO         2014    .ARM.Collect$$libinit$$00000019  c_p.l(libinit2.o)
    0x08000122   0x08000122   0x00000000   Code   RO         2016    .ARM.Collect$$libinit$$0000001B  c_p.l(libinit2.o)
    0x08000122   0x08000122   0x00000000   Code   RO         2018    .ARM.Collect$$libinit$$0000001D  c_p.l(libinit2.o)
    0x08000122   0x08000122   0x00000000   Code   RO         2020    .ARM.Collect$$libinit$$0000001F  c_p.l(libinit2.o)
    0x08000122   0x08000122   0x00000000   Code   RO         2022    .ARM.Collect$$libinit$$00000021  c_p.l(libinit2.o)
    0x08000122   0x08000122   0x00000000   Code   RO         2024    .ARM.Collect$$libinit$$00000023  c_p.l(libinit2.o)
    0x08000122   0x08000122   0x00000000   Code   RO         2026    .ARM.Collect$$libinit$$00000025  c_p.l(libinit2.o)
    0x08000122   0x08000122   0x00000000   Code   RO         2030    .ARM.Collect$$libinit$$0000002C  c_p.l(libinit2.o)
    0x08000122   0x08000122   0x00000000   Code   RO         2032    .ARM.Collect$$libinit$$0000002E  c_p.l(libinit2.o)
    0x08000122   0x08000122   0x00000000   Code   RO         2034    .ARM.Collect$$libinit$$00000030  c_p.l(libinit2.o)
    0x08000122   0x08000122   0x00000000   Code   RO         2036    .ARM.Collect$$libinit$$00000032  c_p.l(libinit2.o)
    0x08000122   0x08000122   0x00000002   Code   RO         2037    .ARM.Collect$$libinit$$00000033  c_p.l(libinit2.o)
    0x08000124   0x08000124   0x00000002   Code   RO         2068    .ARM.Collect$$libshutdown$$00000000  c_p.l(libshutdown.o)
    0x08000126   0x08000126   0x00000000   Code   RO         2094    .ARM.Collect$$libshutdown$$00000002  c_p.l(libshutdown2.o)
    0x08000126   0x08000126   0x00000000   Code   RO         2096    .ARM.Collect$$libshutdown$$00000004  c_p.l(libshutdown2.o)
    0x08000126   0x08000126   0x00000000   Code   RO         2098    .ARM.Collect$$libshutdown$$00000006  c_p.l(libshutdown2.o)
    0x08000126   0x08000126   0x00000000   Code   RO         2101    .ARM.Collect$$libshutdown$$00000009  c_p.l(libshutdown2.o)
    0x08000126   0x08000126   0x00000000   Code   RO         2104    .ARM.Collect$$libshutdown$$0000000C  c_p.l(libshutdown2.o)
    0x08000126   0x08000126   0x00000000   Code   RO         2106    .ARM.Collect$$libshutdown$$0000000E  c_p.l(libshutdown2.o)
    0x08000126   0x08000126   0x00000000   Code   RO         2109    .ARM.Collect$$libshutdown$$00000011  c_p.l(libshutdown2.o)
    0x08000126   0x08000126   0x00000002   Code   RO         2110    .ARM.Collect$$libshutdown$$00000012  c_p.l(libshutdown2.o)
    0x08000128   0x08000128   0x00000000   Code   RO         1944    .ARM.Collect$$rtentry$$00000000  c_p.l(__rtentry.o)
    0x08000128   0x08000128   0x00000000   Code   RO         1950    .ARM.Collect$$rtentry$$00000002  c_p.l(__rtentry2.o)
    0x08000128   0x08000128   0x00000006   Code   RO         1962    .ARM.Collect$$rtentry$$00000004  c_p.l(__rtentry4.o)
    0x0800012e   0x0800012e   0x00000000   Code   RO         1952    .ARM.Collect$$rtentry$$00000009  c_p.l(__rtentry2.o)
    0x0800012e   0x0800012e   0x00000004   Code   RO         1953    .ARM.Collect$$rtentry$$0000000A  c_p.l(__rtentry2.o)
    0x08000132   0x08000132   0x00000000   Code   RO         1955    .ARM.Collect$$rtentry$$0000000C  c_p.l(__rtentry2.o)
    0x08000132   0x08000132   0x00000008   Code   RO         1956    .ARM.Collect$$rtentry$$0000000D  c_p.l(__rtentry2.o)
    0x0800013a   0x0800013a   0x00000002   Code   RO         1985    .ARM.Collect$$rtexit$$00000000  c_p.l(rtexit.o)
    0x0800013c   0x0800013c   0x00000000   Code   RO         2041    .ARM.Collect$$rtexit$$00000002  c_p.l(rtexit2.o)
    0x0800013c   0x0800013c   0x00000004   Code   RO         2042    .ARM.Collect$$rtexit$$00000003  c_p.l(rtexit2.o)
    0x08000140   0x08000140   0x00000006   Code   RO         2043    .ARM.Collect$$rtexit$$00000004  c_p.l(rtexit2.o)
    0x08000146   0x08000146   0x00000002   PAD
    0x08000148   0x08000148   0x00000038   Code   RO         1930    .emb_text           c_p.l(rt_memcpy.o)
    0x08000180   0x08000180   0x00000038   Code   RO         1884    .text               startup_air001_dev.o
    0x080001b8   0x080001b8   0x00000040   Code   RO         1934    .text               c_p.l(rt_memclr.o)
    0x080001f8   0x080001f8   0x0000015a   Code   RO         1936    .text               c_p.l(aeabi_sdiv.o)
    0x08000352   0x08000352   0x00000006   Code   RO         1940    .text               c_p.l(heapauxi.o)
    0x08000358   0x08000358   0x0000003e   Code   RO         1966    .text               c_p.l(sys_stackheap_outer.o)
    0x08000396   0x08000396   0x00000010   Code   RO         1969    .text               c_p.l(exit.o)
    0x080003a6   0x080003a6   0x00000002   PAD
    0x080003a8   0x080003a8   0x00000008   Code   RO         1981    .text               c_p.l(libspace.o)
    0x080003b0   0x080003b0   0x0000000c   Code   RO         2038    .text               c_p.l(sys_exit.o)
    0x080003bc   0x080003bc   0x00000002   Code   RO         2057    .text               c_p.l(use_no_semi.o)
    0x080003be   0x080003be   0x00000000   Code   RO         2059    .text               c_p.l(indicate_semi.o)
    0x080003be   0x080003be   0x00000056   Code   RO         2113    .text               c_p.l(__dczerorl2.o)
    0x08000414   0x08000414   0x00000034   Code   RO         1890    i.$Sub$$main        system_air001xx.o
    0x08000448   0x08000448   0x00000060   Code   RO            3    i.APP_SystemClockConfig  main.o
    0x080004a8   0x080004a8   0x00000098   Code   RO          339    i.GPIO_Init         gpio.o
    0x08000540   0x08000540   0x00000078   Code   RO         1416    i.HAL_DMA_Abort_IT  air001xx_hal_dma.o
    0x080005b8   0x080005b8   0x0000002c   Code   RO          366    i.HAL_Delay         air001xx_hal.o
    0x080005e4   0x080005e4   0x000000f4   Code   RO          683    i.HAL_GPIO_DeInit   air001xx_hal_gpio.o
    0x080006d8   0x080006d8   0x000001b4   Code   RO          686    i.HAL_GPIO_Init     air001xx_hal_gpio.o
    0x0800088c   0x0800088c   0x00000012   Code   RO          688    i.HAL_GPIO_ReadPin  air001xx_hal_gpio.o
    0x0800089e   0x0800089e   0x0000000c   Code   RO          690    i.HAL_GPIO_WritePin  air001xx_hal_gpio.o
    0x080008aa   0x080008aa   0x00000002   PAD
    0x080008ac   0x080008ac   0x0000000c   Code   RO          370    i.HAL_GetTick       air001xx_hal.o
    0x080008b8   0x080008b8   0x00000018   Code   RO          376    i.HAL_IncTick       air001xx_hal.o
    0x080008d0   0x080008d0   0x0000001a   Code   RO          377    i.HAL_Init          air001xx_hal.o
    0x080008ea   0x080008ea   0x00000002   PAD
    0x080008ec   0x080008ec   0x00000060   Code   RO          378    i.HAL_InitTick      air001xx_hal.o
    0x0800094c   0x0800094c   0x00000044   Code   RO            4    i.HAL_MspInit       main.o
    0x08000990   0x08000990   0x00000024   Code   RO         1516    i.HAL_NVIC_DisableIRQ  air001xx_hal_cortex.o
    0x080009b4   0x080009b4   0x00000024   Code   RO         1517    i.HAL_NVIC_EnableIRQ  air001xx_hal_cortex.o
    0x080009d8   0x080009d8   0x00000012   Code   RO         1521    i.HAL_NVIC_SetPriority  air001xx_hal_cortex.o
    0x080009ea   0x080009ea   0x00000002   PAD
    0x080009ec   0x080009ec   0x000001d4   Code   RO          520    i.HAL_RCC_ClockConfig  air001xx_hal_rcc.o
    0x08000bc0   0x08000bc0   0x000000d8   Code   RO          529    i.HAL_RCC_GetSysClockFreq  air001xx_hal_rcc.o
    0x08000c98   0x08000c98   0x000005d4   Code   RO          533    i.HAL_RCC_OscConfig  air001xx_hal_rcc.o
    0x0800126c   0x0800126c   0x0000003a   Code   RO         1064    i.HAL_SPI_DeInit    air001xx_hal_spi.o
    0x080012a6   0x080012a6   0x00000002   Code   RO         1065    i.HAL_SPI_ErrorCallback  air001xx_hal_spi.o
    0x080012a8   0x080012a8   0x0000016c   Code   RO         1068    i.HAL_SPI_IRQHandler  air001xx_hal_spi.o
    0x08001414   0x08001414   0x0000008c   Code   RO         1069    i.HAL_SPI_Init      air001xx_hal_spi.o
    0x080014a0   0x080014a0   0x00000048   Code   RO          303    i.HAL_SPI_MspDeInit  spi.o
    0x080014e8   0x080014e8   0x000000b8   Code   RO          304    i.HAL_SPI_MspInit   spi.o
    0x080015a0   0x080015a0   0x000001c2   Code   RO         1077    i.HAL_SPI_Transmit  air001xx_hal_spi.o
    0x08001762   0x08001762   0x00000002   PAD
    0x08001764   0x08001764   0x00000038   Code   RO         1525    i.HAL_SYSTICK_Config  air001xx_hal_cortex.o
    0x0800179c   0x0800179c   0x00000004   Code   RO          245    i.HardFault_Handler  air001xx_it.o
    0x080017a0   0x080017a0   0x00000084   Code   RO          129    i.Lcd_DrawNums      st7735.o
    0x08001824   0x08001824   0x00000044   Code   RO          133    i.Lcd_Fill          st7735.o
    0x08001868   0x08001868   0x0000006e   Code   RO          134    i.Lcd_Set_Address   st7735.o
    0x080018d6   0x080018d6   0x00000002   PAD
    0x080018d8   0x080018d8   0x00000024   Code   RO          135    i.Lcd_Write_Cmd     st7735.o
    0x080018fc   0x080018fc   0x0000000c   Code   RO          136    i.Lcd_Write_Data    st7735.o
    0x08001908   0x08001908   0x00000038   Code   RO          138    i.Lcd_disPlayPicture  st7735.o
    0x08001940   0x08001940   0x000005c8   Code   RO          139    i.Lcd_time          st7735.o
    0x08001f08   0x08001f08   0x00000044   Code   RO          305    i.MX_SPI1_Init      spi.o
    0x08001f4c   0x08001f4c   0x00000002   Code   RO          246    i.NMI_Handler       air001xx_it.o
    0x08001f4e   0x08001f4e   0x00000002   Code   RO          247    i.PendSV_Handler    air001xx_it.o
    0x08001f50   0x08001f50   0x0000001c   Code   RO          534    i.RCC_GetHSIFreq    air001xx_hal_rcc.o
    0x08001f6c   0x08001f6c   0x00000010   Code   RO          248    i.SPI1_IRQHandler   air001xx_it.o
    0x08001f7c   0x08001f7c   0x00000014   Code   RO         1096    i.SPI_DMAAbortOnError  air001xx_hal_spi.o
    0x08001f90   0x08001f90   0x0000006a   Code   RO         1107    i.SPI_EndRxTxTransaction  air001xx_hal_spi.o
    0x08001ffa   0x08001ffa   0x00000002   PAD
    0x08001ffc   0x08001ffc   0x00000088   Code   RO          140    i.SPI_GPIO          st7735.o
    0x08002084   0x08002084   0x000000d4   Code   RO         1112    i.SPI_WaitFifoStateUntilTimeout  air001xx_hal_spi.o
    0x08002158   0x08002158   0x000000b4   Code   RO         1113    i.SPI_WaitFlagStateUntilTimeout  air001xx_hal_spi.o
    0x0800220c   0x0800220c   0x00000030   Code   RO          141    i.SPI_Write_Data    st7735.o
    0x0800223c   0x0800223c   0x0000025c   Code   RO          142    i.ST7735_Init       st7735.o
    0x08002498   0x08002498   0x00000002   Code   RO          249    i.SVC_Handler       air001xx_it.o
    0x0800249a   0x0800249a   0x00000008   Code   RO          250    i.SysTick_Handler   air001xx_it.o
    0x080024a2   0x080024a2   0x00000002   PAD
    0x080024a4   0x080024a4   0x0000002c   Code   RO         1892    i.SystemInit        system_air001xx.o
    0x080024d0   0x080024d0   0x00000078   Code   RO         1527    i.__NVIC_SetPriority  air001xx_hal_cortex.o
    0x08002548   0x08002548   0x0000003a   Code   RO            5    i.main              main.o
    0x08002582   0x08002582   0x00000e10   Data   RO          143    .constdata          st7735.o
    0x08003392   0x08003392   0x00000002   PAD
    0x08003394   0x08003394   0x00000014   Data   RO          535    .constdata          air001xx_hal_rcc.o
    0x080033a8   0x080033a8   0x00000080   Data   RO         1894    .constdata          system_air001xx.o
    0x08003428   0x08003428   0x00000020   Data   RO         2111    Region$$Table       anon$$obj.o


    Execution Region RW_IRAM1 (Exec base: 0x20000000, Load base: 0x08003448, Size: 0x00000f00, Max: 0x00001000, ABSOLUTE, COMPRESSED[0x000002a8])

    Exec Addr    Load Addr    Size         Type   Attr      Idx    E Section Name        Object

    0x20000000   COMPRESSED   0x000000c0   Data   RW         1893    .ARM.__at_0x20000000  system_air001xx.o
    0x200000c0   COMPRESSED   0x00000780   Data   RW          144    .data               st7735.o
    0x20000840   COMPRESSED   0x0000000c   Data   RW          385    .data               air001xx_hal.o
    0x2000084c   COMPRESSED   0x00000004   Data   RW         1895    .data               system_air001xx.o
    0x20000850        -       0x00000050   Zero   RW            6    .bss                main.o
    0x200008a0        -       0x00000060   Zero   RW         1982    .bss                c_p.l(libspace.o)
    0x20000900        -       0x00000200   Zero   RW         1882    HEAP                startup_air001_dev.o
    0x20000b00        -       0x00000400   Zero   RW         1881    STACK               startup_air001_dev.o


==============================================================================

Image component sizes


      Code (inc. data)   RO Data    RW Data    ZI Data      Debug   Object Name

       202         34          0         12          0       3361   air001xx_hal.o
       266         32          0          0          0      10899   air001xx_hal_cortex.o
       120          6          0          0          0       1015   air001xx_hal_dma.o
       710         18          0          0          0       3317   air001xx_hal_gpio.o
      2204         82         20          0          0       4608   air001xx_hal_rcc.o
      1532         14          0          0          0       7340   air001xx_hal_spi.o
        34          6          0          0          0       2269   air001xx_it.o
       152         12          0          0          0        840   gpio.o
       222         10          0          0         80     214678   main.o
       324         28          0          0          0       1781   spi.o
      2682         68       3600       1920          0       7692   st7735.o
        56         26        192          0       1536        592   startup_air001_dev.o
        96         20        128        196          0       1871   system_air001xx.o

    ----------------------------------------------------------------------
      8614        356       3974       2128       1616     260263   Object Totals
         0          0         32          0          0          0   (incl. Generated)
        14          0          2          0          0          0   (incl. Padding)

    ----------------------------------------------------------------------

      Code (inc. data)   RO Data    RW Data    ZI Data      Debug   Library Member Name

        86          0          0          0          0          0   __dczerorl2.o
         8          0          0          0          0         68   __main.o
         0          0          0          0          0          0   __rtentry.o
        12          0          0          0          0          0   __rtentry2.o
         6          0          0          0          0          0   __rtentry4.o
        60          8          0          0          0          0   __scatter.o
        28          0          0          0          0          0   __scatter_zi.o
       346          0          0          0          0         92   aeabi_sdiv.o
        16          0          0          0          0         68   exit.o
         6          0          0          0          0        136   heapauxi.o
         0          0          0          0          0          0   indicate_semi.o
         2          0          0          0          0          0   libinit.o
         2          0          0          0          0          0   libinit2.o
         2          0          0          0          0          0   libshutdown.o
         2          0          0          0          0          0   libshutdown2.o
         8          4          0          0         96         68   libspace.o
        64          0          0          0          0        108   rt_memclr.o
        56          0          0          0          0         68   rt_memcpy.o
         2          0          0          0          0          0   rtexit.o
        10          0          0          0          0          0   rtexit2.o
        12          4          0          0          0         60   sys_exit.o
        62          0          0          0          0         80   sys_stackheap_outer.o
         2          0          0          0          0         68   use_no_semi.o

    ----------------------------------------------------------------------
       796         16          0          0         96        816   Library Totals
         4          0          0          0          0          0   (incl. Padding)

    ----------------------------------------------------------------------

      Code (inc. data)   RO Data    RW Data    ZI Data      Debug   Library Name

       792         16          0          0         96        816   c_p.l

    ----------------------------------------------------------------------
       796         16          0          0         96        816   Library Totals

    ----------------------------------------------------------------------

==============================================================================


      Code (inc. data)   RO Data    RW Data    ZI Data      Debug   

      9410        372       3974       2128       1712     258687   Grand Totals
      9410        372       3974        680       1712     258687   ELF Image Totals (compressed)
      9410        372       3974        680          0          0   ROM Totals

==============================================================================

    Total RO  Size (Code + RO Data)                13384 (  13.07kB)
    Total RW  Size (RW Data + ZI Data)              3840 (   3.75kB)
    Total ROM Size (Code + RO Data + RW Data)      14064 (  13.73kB)

==============================================================================

